Archive member included to satisfy reference by file (symbol)

.\CortexM3\ARM_GCC_541\Debug\Scope_CY8KIT-043.a(CyDmac.o)
                              .\CortexM3\ARM_GCC_541\Debug\Cm3Start.o (CyDmacConfigure)
.\CortexM3\ARM_GCC_541\Debug\Scope_CY8KIT-043.a(CyLib.o)
                              .\CortexM3\ARM_GCC_541\Debug\Cm3Start.o (CyResetStatus)
.\CortexM3\ARM_GCC_541\Debug\Scope_CY8KIT-043.a(cyPm.o)
                              .\CortexM3\ARM_GCC_541\Debug\Scope_CY8KIT-043.a(CyLib.o) (CyPmReadStatus)
.\CortexM3\ARM_GCC_541\Debug\Scope_CY8KIT-043.a(ADC_2.o)
                              .\CortexM3\ARM_GCC_541\Debug\main.o (ADC_2_Start)
.\CortexM3\ARM_GCC_541\Debug\Scope_CY8KIT-043.a(ADC_2_INT.o)
                              .\CortexM3\ARM_GCC_541\Debug\Scope_CY8KIT-043.a(ADC_2.o) (ADC_2_ISR)
.\CortexM3\ARM_GCC_541\Debug\Scope_CY8KIT-043.a(ADC_1.o)
                              .\CortexM3\ARM_GCC_541\Debug\main.o (ADC_1_Start)
.\CortexM3\ARM_GCC_541\Debug\Scope_CY8KIT-043.a(ADC_1_INT.o)
                              .\CortexM3\ARM_GCC_541\Debug\Scope_CY8KIT-043.a(ADC_1.o) (ADC_1_ISR)
.\CortexM3\ARM_GCC_541\Debug\Scope_CY8KIT-043.a(USBUART.o)
                              .\CortexM3\ARM_GCC_541\Debug\main.o (USBUART_Start)
.\CortexM3\ARM_GCC_541\Debug\Scope_CY8KIT-043.a(USBUART_cdc.o)
                              .\CortexM3\ARM_GCC_541\Debug\main.o (USBUART_CDC_Init)
.\CortexM3\ARM_GCC_541\Debug\Scope_CY8KIT-043.a(USBUART_drv.o)
                              .\CortexM3\ARM_GCC_541\Debug\Scope_CY8KIT-043.a(USBUART.o) (USBUART_EP)
.\CortexM3\ARM_GCC_541\Debug\Scope_CY8KIT-043.a(USBUART_episr.o)
                              .\CortexM3\ARM_GCC_541\Debug\Scope_CY8KIT-043.a(USBUART.o) (USBUART_EP_1_ISR)
.\CortexM3\ARM_GCC_541\Debug\Scope_CY8KIT-043.a(USBUART_pm.o)
                              .\CortexM3\ARM_GCC_541\Debug\Scope_CY8KIT-043.a(USBUART.o) (USBUART_DP_ISR)
.\CortexM3\ARM_GCC_541\Debug\Scope_CY8KIT-043.a(USBUART_std.o)
                              .\CortexM3\ARM_GCC_541\Debug\Scope_CY8KIT-043.a(USBUART_drv.o) (USBUART_HandleStandardRqst)
.\CortexM3\ARM_GCC_541\Debug\Scope_CY8KIT-043.a(USBUART_vnd.o)
                              .\CortexM3\ARM_GCC_541\Debug\Scope_CY8KIT-043.a(USBUART_drv.o) (USBUART_HandleVendorRqst)
.\CortexM3\ARM_GCC_541\Debug\Scope_CY8KIT-043.a(SampleClock.o)
                              .\CortexM3\ARM_GCC_541\Debug\main.o (SampleClock_SetDividerRegister)
.\CortexM3\ARM_GCC_541\Debug\Scope_CY8KIT-043.a(Vtrigger.o)
                              .\CortexM3\ARM_GCC_541\Debug\main.o (Vtrigger_Start)
.\CortexM3\ARM_GCC_541\Debug\Scope_CY8KIT-043.a(Amux_Trigger.o)
                              .\CortexM3\ARM_GCC_541\Debug\main.o (Amux_Trigger_FastSelect)
.\CortexM3\ARM_GCC_541\Debug\Scope_CY8KIT-043.a(DMA_Channel_1_dma.o)
                              .\CortexM3\ARM_GCC_541\Debug\main.o (DMA_Channel_1_DmaInitialize)
.\CortexM3\ARM_GCC_541\Debug\Scope_CY8KIT-043.a(DMA_Channel_2_dma.o)
                              .\CortexM3\ARM_GCC_541\Debug\main.o (DMA_Channel_2_DmaInitialize)
.\CortexM3\ARM_GCC_541\Debug\Scope_CY8KIT-043.a(PWM_Sample_Buffer.o)
                              .\CortexM3\ARM_GCC_541\Debug\main.o (PWM_Sample_Buffer_Start)
.\CortexM3\ARM_GCC_541\Debug\Scope_CY8KIT-043.a(USBUART_Dp.o)
                              .\CortexM3\ARM_GCC_541\Debug\Scope_CY8KIT-043.a(USBUART.o) (USBUART_Dp_ClearInterrupt)
.\CortexM3\ARM_GCC_541\Debug\Scope_CY8KIT-043.a(Trigger_Control.o)
                              .\CortexM3\ARM_GCC_541\Debug\main.o (Trigger_Control_Write)
.\CortexM3\ARM_GCC_541\Debug\Scope_CY8KIT-043.a(Trigger_Status.o)
                              .\CortexM3\ARM_GCC_541\Debug\main.o (Trigger_Status_Read)
.\CortexM3\ARM_GCC_541\Debug\Scope_CY8KIT-043.a(Trigger_Comp.o)
                              .\CortexM3\ARM_GCC_541\Debug\main.o (Trigger_Comp_Start)
.\CortexM3\ARM_GCC_541\Debug\Scope_CY8KIT-043.a(PRS.o)
                              .\CortexM3\ARM_GCC_541\Debug\main.o (PRS_Start)
.\CortexM3\ARM_GCC_541\Debug\Scope_CY8KIT-043.a(Wave_Control.o)
                              .\CortexM3\ARM_GCC_541\Debug\main.o (Wave_Control_Write)
.\CortexM3\ARM_GCC_541\Debug\Scope_CY8KIT-043.a(AuxDAC_Buf.o)
                              .\CortexM3\ARM_GCC_541\Debug\main.o (AuxDAC_Buf_Start)
.\CortexM3\ARM_GCC_541\Debug\Scope_CY8KIT-043.a(AuxDAC_1.o)
                              .\CortexM3\ARM_GCC_541\Debug\main.o (AuxDAC_1_Start)
.\CortexM3\ARM_GCC_541\Debug\Scope_CY8KIT-043.a(ScopeA_Buf.o)
                              .\CortexM3\ARM_GCC_541\Debug\main.o (ScopeA_Buf_SetGain)
.\CortexM3\ARM_GCC_541\Debug\Scope_CY8KIT-043.a(ScopeB_Buf.o)
                              .\CortexM3\ARM_GCC_541\Debug\main.o (ScopeB_Buf_SetGain)
.\CortexM3\ARM_GCC_541\Debug\Scope_CY8KIT-043.a(WaveA_DAC.o)
                              .\CortexM3\ARM_GCC_541\Debug\main.o (WaveA_DAC_Wave1Setup)
.\CortexM3\ARM_GCC_541\Debug\Scope_CY8KIT-043.a(WaveA_Buf.o)
[...]
Memory Configuration

Name             Origin             Length             Attributes
rom              0x00000000         0x00040000         xr
ram              0x1fff8000         0x00010000         xrw
*default*        0x00000000         0xffffffff

Linker script and memory map

LOAD c:/program files (x86)/cypress/psoc creator/4.4/psoc creator/import/gnu/arm/5.4.1/bin/../lib/gcc/arm-none-eabi/5.4.1/armv7-m/crti.o
LOAD c:/program files (x86)/cypress/psoc creator/4.4/psoc creator/import/gnu/arm/5.4.1/bin/../lib/gcc/arm-none-eabi/5.4.1/armv7-m/crtbegin.o
LOAD c:/program files (x86)/cypress/psoc creator/4.4/psoc creator/import/gnu/arm/5.4.1/bin/../lib/gcc/arm-none-eabi/5.4.1/../../../../arm-none-eabi/lib/armv7-m/crt0.o
START GROUP
LOAD .\CortexM3\ARM_GCC_541\Debug\main.o
LOAD .\CortexM3\ARM_GCC_541\Debug\cyfitter_cfg.o
LOAD .\CortexM3\ARM_GCC_541\Debug\Cm3Start.o
LOAD .\CortexM3\ARM_GCC_541\Debug\cymetadata.o
LOAD .\CortexM3\ARM_GCC_541\Debug\cybootloader.o
LOAD .\CortexM3\ARM_GCC_541\Debug\Scope_CY8KIT-043.a
LOAD C:\Program Files (x86)\Cypress\PSoC Creator\4.4\PSoC Creator\psoc\content\cycomponentlibrary\CyComponentLibrary.cylib\CortexM3\ARM_GCC_541\Debug\CyComponentLibrary.a
END GROUP
START GROUP
LOAD c:/program files (x86)/cypress/psoc creator/4.4/psoc creator/import/gnu/arm/5.4.1/bin/../lib/gcc/arm-none-eabi/5.4.1/armv7-m\libgcc.a
LOAD c:/program files (x86)/cypress/psoc creator/4.4/psoc creator/import/gnu/arm/5.4.1/bin/../lib/gcc/arm-none-eabi/5.4.1/../../../../arm-none-eabi/lib/armv7-m\libg_nano.a
LOAD c:/program files (x86)/cypress/psoc creator/4.4/psoc creator/import/gnu/arm/5.4.1/bin/../lib/gcc/arm-none-eabi/5.4.1/../../../../arm-none-eabi/lib/armv7-m\libc_nano.a
END GROUP
START GROUP
LOAD c:/program files (x86)/cypress/psoc creator/4.4/psoc creator/import/gnu/arm/5.4.1/bin/../lib/gcc/arm-none-eabi/5.4.1/armv7-m\libgcc.a
LOAD c:/program files (x86)/cypress/psoc creator/4.4/psoc creator/import/gnu/arm/5.4.1/bin/../lib/gcc/arm-none-eabi/5.4.1/../../../../arm-none-eabi/lib/armv7-m\libc_nano.a
END GROUP
LOAD c:/program files (x86)/cypress/psoc creator/4.4/psoc creator/import/gnu/arm/5.4.1/bin/../lib/gcc/arm-none-eabi/5.4.1/armv7-m/crtend.o
LOAD c:/program files (x86)/cypress/psoc creator/4.4/psoc creator/import/gnu/arm/5.4.1/bin/../lib/gcc/arm-none-eabi/5.4.1/armv7-m/crtn.o
START GROUP
LOAD c:/program files (x86)/cypress/psoc creator/4.4/psoc creator/import/gnu/arm/5.4.1/bin/../lib/gcc/arm-none-eabi/5.4.1/armv7-m\libgcc.a
LOAD c:/program files (x86)/cypress/psoc creator/4.4/psoc creator/import/gnu/arm/5.4.1/bin/../lib/gcc/arm-none-eabi/5.4.1/../../../../arm-none-eabi/lib/armv7-m\libc.a
LOAD c:/program files (x86)/cypress/psoc creator/4.4/psoc creator/import/gnu/arm/5.4.1/bin/../lib/gcc/arm-none-eabi/5.4.1/../../../../arm-none-eabi/lib/armv7-m\libnosys.a
END GROUP
                0x00003200                CY_APPL_ORIGIN = 0x3200
                0x00000100                CY_FLASH_ROW_SIZE = 0x100
                0x00000020                CY_ECC_ROW_SIZE = 0x20
                0x00000000                CY_EE_IN_BTLDR = 0x0
                0x00000001                CY_APPL_LOADABLE = 0x1
                0x00000800                CY_EE_SIZE = 0x800
                0x00000001                CY_APPL_NUM = 0x1
                0x00000001                CY_APPL_MAX = 0x1
                0x00000040                CY_METADATA_SIZE = 0x40
                0x00000001                CY_APPL_LOADABLE = 0x1
                0x00000000                CY_CHECKSUM_EXCLUDE_SIZE = ALIGN (0x0, CY_FLASH_ROW_SIZE)
                [!provide]                PROVIDE (__cy_heap_start, _end)
                0x00000001                PROVIDE (__cy_region_num, ((__cy_regions_end - __cy_regions) / 0x10))
                0x20008000                PROVIDE (__cy_stack, (ORIGIN (ram) + LENGTH (ram)))
                [!provide]                PROVIDE (__cy_heap_end, (__cy_stack - 0x800))

.cybootloader   0x00000000     0x2700
 *(.cybootloader)
 .cybootloader  0x00000000     0x2700 .\CortexM3\ARM_GCC_541\Debug\cybootloader.o
                0x00000000                cy_bootloader
                0x00003200                appl1_start = CY_APPL_ORIGIN?CY_APPL_ORIGIN:ALIGN (CY_FLASH_ROW_SIZE)
                0x00021800                appl2_start = (appl1_start + ALIGN ((((LENGTH (rom) - appl1_start) - (0x2 * CY_FLASH_ROW_SIZE)) / 0x2), CY_FLASH_ROW_SIZE))
                0x00003200                appl_start = (CY_APPL_NUM == 0x1)?appl1_start:appl2_start
                0x00000640                ecc_offset = ((appl_start / CY_FLASH_ROW_SIZE) * CY_ECC_ROW_SIZE)
                0x00000000                ee_offset = (CY_APPL_LOADABLE && ! (CY_EE_IN_BTLDR))?((CY_EE_SIZE / CY_APPL_MAX) * (CY_APPL_NUM - 0x1)):0x0
                0x00000800                ee_size = (CY_APPL_LOADABLE && ! (CY_EE_IN_BTLDR))?(CY_EE_SIZE / CY_APPL_MAX):CY_EE_SIZE
                0x00000640                PROVIDE (CY_ECC_OFFSET, ecc_offset)

.text           0x00003200     0x87ca
 CREATE_OBJECT_SYMBOLS
                0x00003200                PROVIDE (__cy_interrupt_vector, RomVectors)
 *(.romvectors)
 .romvectors    0x00003200       0x10 .\CortexM3\ARM_GCC_541\Debug\Cm3Start.o
                0x00003200                RomVectors
                0x00000001                ASSERT ((. != __cy_interrupt_vector), No interrupt vector)
                0x00000001                ASSERT (CY_APPL_ORIGIN?(SIZEOF (.cybootloader) <= CY_APPL_ORIGIN):0x1, Wrong image location)
                0x00003210                PROVIDE (__cy_reset, Reset)
 *(.text.Reset)
 .text.Reset    0x00003210        0x8 .\CortexM3\ARM_GCC_541\Debug\Cm3Start.o
                0x00003210                Reset
                0x00000001                ASSERT ((. != __cy_reset), No reset code)
 *(.dma_init)
                0x00000001                ASSERT ((((appl_start + .) <= 0x10000) || 0x1), DMA Init must be within the first 64k of flash)
 *(.text .text.* .gnu.linkonce.t.*)
 .text          0x00003218       0x5c c:/program files (x86)/cypress/psoc creator/4.4/psoc creator/import/gnu/arm/5.4.1/bin/../lib/gcc/arm-none-eabi/5.4.1/armv7-m/crtbegin.o
 *fill*         0x00003274        0x4 
 .text.main     0x00003278     0x1110 .\CortexM3\ARM_GCC_541\Debug\main.o
                0x00003278                main
 .text.Hardware_Config
                0x00004388      0x150 .\CortexM3\ARM_GCC_541\Debug\main.o
                0x00004388                Hardware_Config
 .text.DMA_Config
                0x000044d8      0x130 .\CortexM3\ARM_GCC_541\Debug\main.o
                0x000044d8                DMA_Config
 .text.GetLastSampleIndex
                0x00004608       0x60 .\CortexM3\ARM_GCC_541\Debug\main.o
                0x00004608                GetLastSampleIndex
 .text.CommandCheck
                0x00004668      0x180 .\CortexM3\ARM_GCC_541\Debug\main.o
                0x00004668                CommandCheck
 .text.PutString
                0x000047e8       0x24 .\CortexM3\ARM_GCC_541\Debug\main.o
                0x000047e8                PutString
 .text.PutChar  0x0000480c       0x28 .\CortexM3\ARM_GCC_541\Debug\main.o
                0x0000480c                PutChar
 .text.CYMEMZERO
                0x00004834       0x1c .\CortexM3\ARM_GCC_541\Debug\cyfitter_cfg.o
 .text.CYCONFIGCPY
                0x00004850       0x20 .\CortexM3\ARM_GCC_541\Debug\cyfitter_cfg.o
 .text.CyClockStartupError
                0x00004870        0xc .\CortexM3\ARM_GCC_541\Debug\cyfitter_cfg.o
 .text.cfg_write_bytes32
                0x0000487c       0x74 .\CortexM3\ARM_GCC_541\Debug\cyfitter_cfg.o
 .text.ClockSetup
                0x000048f0      0x17c .\CortexM3\ARM_GCC_541\Debug\cyfitter_cfg.o
 .text.AnalogSetDefault
                0x00004a6c      0x16c .\CortexM3\ARM_GCC_541\Debug\cyfitter_cfg.o
 .text.AMux_1_Set
                0x00004bd8       0x6c .\CortexM3\ARM_GCC_541\Debug\cyfitter_cfg.o
                0x00004bd8                AMux_1_Set
 .text.AMux_1_Unset
                0x00004c44       0x74 .\CortexM3\ARM_GCC_541\Debug\cyfitter_cfg.o
                0x00004c44                AMux_1_Unset
 .text.Amux_Trigger_Set
                0x00004cb8       0x40 .\CortexM3\ARM_GCC_541\Debug\cyfitter_cfg.o
                0x00004cb8                Amux_Trigger_Set
 .text.Amux_Trigger_Unset
                0x00004cf8       0x44 .\CortexM3\ARM_GCC_541\Debug\cyfitter_cfg.o
                0x00004cf8                Amux_Trigger_Unset
 .text.cyfitter_cfg
                0x00004d3c      0x1a4 .\CortexM3\ARM_GCC_541\Debug\cyfitter_cfg.o
                0x00004d3c                cyfitter_cfg
 .text.IntDefaultHandler
                0x00004ee0       0x14 .\CortexM3\ARM_GCC_541\Debug\Cm3Start.o
                0x00004ee0                IntDefaultHandler
 .text._sbrk    0x00004ef4       0x50 .\CortexM3\ARM_GCC_541\Debug\Cm3Start.o
                0x00004ef4                _sbrk
 .text.Start_c  0x00004f44       0x98 .\CortexM3\ARM_GCC_541\Debug\Cm3Start.o
                0x00004f44                Start_c
 .text.initialize_psoc
                0x00004fdc       0x94 .\CortexM3\ARM_GCC_541\Debug\Cm3Start.o
                0x00004fdc                initialize_psoc
 .text.CyDmacConfigure
                0x00005070       0x5c .\CortexM3\ARM_GCC_541\Debug\Scope_CY8KIT-043.a(CyDmac.o)
                0x00005070                CyDmacConfigure
 .text.CyDmaChEnable
                0x000050cc       0x8c .\CortexM3\ARM_GCC_541\Debug\Scope_CY8KIT-043.a(CyDmac.o)
                0x000050cc                CyDmaChEnable
 .text.CyDmaChPriority
                0x00005158       0x64 .\CortexM3\ARM_GCC_541\Debug\Scope_CY8KIT-043.a(CyDmac.o)
                0x00005158                CyDmaChPriority
 .text.CyDmaChSetExtendedAddress
                0x000051bc       0x78 .\CortexM3\ARM_GCC_541\Debug\Scope_CY8KIT-043.a(CyDmac.o)
                0x000051bc                CyDmaChSetExtendedAddress
 .text.CyDmaChSetInitialTd
                0x00005234       0x3c .\CortexM3\ARM_GCC_541\Debug\Scope_CY8KIT-043.a(CyDmac.o)
                0x00005234                CyDmaChSetInitialTd
 .text.CyDmaChSetRequest
                0x00005270       0x58 .\CortexM3\ARM_GCC_541\Debug\Scope_CY8KIT-043.a(CyDmac.o)
                0x00005270                CyDmaChSetRequest
 .text.CyDmaChSetConfiguration
                0x000052c8       0xa0 .\CortexM3\ARM_GCC_541\Debug\Scope_CY8KIT-043.a(CyDmac.o)
                0x000052c8                CyDmaChSetConfiguration
 .text.CyDmaTdAllocate
                0x00005368       0x5c .\CortexM3\ARM_GCC_541\Debug\Scope_CY8KIT-043.a(CyDmac.o)
                0x00005368                CyDmaTdAllocate
 .text.CyDmaTdSetConfiguration
                0x000053c4       0x80 .\CortexM3\ARM_GCC_541\Debug\Scope_CY8KIT-043.a(CyDmac.o)
                0x000053c4                CyDmaTdSetConfiguration
 .text.CyDmaTdSetAddress
                0x00005444       0x5c .\CortexM3\ARM_GCC_541\Debug\Scope_CY8KIT-043.a(CyDmac.o)
                0x00005444                CyDmaTdSetAddress
 .text.CyDmaChRoundRobin
                0x000054a0       0x70 .\CortexM3\ARM_GCC_541\Debug\Scope_CY8KIT-043.a(CyDmac.o)
                0x000054a0                CyDmaChRoundRobin
 .text.CyHalt   0x00005510       0x18 .\CortexM3\ARM_GCC_541\Debug\Scope_CY8KIT-043.a(CyLib.o)
                0x00005510                CyHalt
 .text.CyDelayUs
                0x00005528       0x28 .\CortexM3\ARM_GCC_541\Debug\Scope_CY8KIT-043.a(CyLib.o)
                0x00005528                CyDelayUs
 .text.CyIntSetVector
                0x00005550       0x50 .\CortexM3\ARM_GCC_541\Debug\Scope_CY8KIT-043.a(CyLib.o)
                0x00005550                CyIntSetVector
 .text.CyIntSetPriority
                0x000055a0       0x48 .\CortexM3\ARM_GCC_541\Debug\Scope_CY8KIT-043.a(CyLib.o)
                0x000055a0                CyIntSetPriority
 .text.CyGetUniqueId
                0x000055e8       0xc4 .\CortexM3\ARM_GCC_541\Debug\Scope_CY8KIT-043.a(CyLib.o)
                0x000055e8                CyGetUniqueId
 .text.ADC_2_Start
                0x000056ac       0x24 .\CortexM3\ARM_GCC_541\Debug\Scope_CY8KIT-043.a(ADC_2.o)
                0x000056ac                ADC_2_Start
 .text.ADC_2_Init
                0x000056d0       0x40 .\CortexM3\ARM_GCC_541\Debug\Scope_CY8KIT-043.a(ADC_2.o)
                0x000056d0                ADC_2_Init
 .text.ADC_2_Enable
                0x00005710       0xcc .\CortexM3\ARM_GCC_541\Debug\Scope_CY8KIT-043.a(ADC_2.o)
                0x00005710                ADC_2_Enable
 .text.ADC_2_SetResolution
                0x000057dc       0x54 .\CortexM3\ARM_GCC_541\Debug\Scope_CY8KIT-043.a(ADC_2.o)
                0x000057dc                ADC_2_SetResolution
 .text.ADC_2_CalcGain
                0x00005830       0x80 .\CortexM3\ARM_GCC_541\Debug\Scope_CY8KIT-043.a(ADC_2.o)
 .text.ADC_2_ISR
                0x000058b0        0xc .\CortexM3\ARM_GCC_541\Debug\Scope_CY8KIT-043.a(ADC_2_INT.o)
                0x000058b0                ADC_2_ISR
 .text.ADC_1_Start
                0x000058bc       0x24 .\CortexM3\ARM_GCC_541\Debug\Scope_CY8KIT-043.a(ADC_1.o)
                0x000058bc                ADC_1_Start
 .text.ADC_1_Init
                0x000058e0       0x40 .\CortexM3\ARM_GCC_541\Debug\Scope_CY8KIT-043.a(ADC_1.o)
                0x000058e0                ADC_1_Init
 .text.ADC_1_Enable
                0x00005920       0xcc .\CortexM3\ARM_GCC_541\Debug\Scope_CY8KIT-043.a(ADC_1.o)
                0x00005920                ADC_1_Enable
 .text.ADC_1_SetResolution
                0x000059ec       0x54 .\CortexM3\ARM_GCC_541\Debug\Scope_CY8KIT-043.a(ADC_1.o)
                0x000059ec                ADC_1_SetResolution
 .text.ADC_1_CalcGain
                0x00005a40       0x80 .\CortexM3\ARM_GCC_541\Debug\Scope_CY8KIT-043.a(ADC_1.o)
 .text.ADC_1_ISR
                0x00005ac0        0xc .\CortexM3\ARM_GCC_541\Debug\Scope_CY8KIT-043.a(ADC_1_INT.o)
                0x00005ac0                ADC_1_ISR
 .text.USBUART_Start
                0x00005acc       0x3c .\CortexM3\ARM_GCC_541\Debug\Scope_CY8KIT-043.a(USBUART.o)
                0x00005acc                USBUART_Start
 .text.USBUART_Init
                0x00005b08      0x1a4 .\CortexM3\ARM_GCC_541\Debug\Scope_CY8KIT-043.a(USBUART.o)
                0x00005b08                USBUART_Init
 .text.USBUART_InitComponent
                0x00005cac      0x100 .\CortexM3\ARM_GCC_541\Debug\Scope_CY8KIT-043.a(USBUART.o)
                0x00005cac                USBUART_InitComponent
 .text.USBUART_ReInitComponent
                0x00005dac       0x68 .\CortexM3\ARM_GCC_541\Debug\Scope_CY8KIT-043.a(USBUART.o)
                0x00005dac                USBUART_ReInitComponent
 .text.USBUART_GetConfiguration
                0x00005e14       0x18 .\CortexM3\ARM_GCC_541\Debug\Scope_CY8KIT-043.a(USBUART.o)
                0x00005e14                USBUART_GetConfiguration
 .text.USBUART_GetEPState
                0x00005e2c       0x2c .\CortexM3\ARM_GCC_541\Debug\Scope_CY8KIT-043.a(USBUART.o)
                0x00005e2c                USBUART_GetEPState
 .text.USBUART_GetEPCount
                0x00005e58       0x60 .\CortexM3\ARM_GCC_541\Debug\Scope_CY8KIT-043.a(USBUART.o)
                0x00005e58                USBUART_GetEPCount
 .text.USBUART_LoadInEP
                0x00005eb8      0x108 .\CortexM3\ARM_GCC_541\Debug\Scope_CY8KIT-043.a(USBUART.o)
                0x00005eb8                USBUART_LoadInEP
 .text.USBUART_ReadOutEP
                0x00005fc0       0x8c .\CortexM3\ARM_GCC_541\Debug\Scope_CY8KIT-043.a(USBUART.o)
                0x00005fc0                USBUART_ReadOutEP
 .text.USBUART_EnableOutEP
                0x0000604c       0x5c .\CortexM3\ARM_GCC_541\Debug\Scope_CY8KIT-043.a(USBUART.o)
                0x0000604c                USBUART_EnableOutEP
 .text.USBUART_DispatchCDCClassRqst
                0x000060a8       0xe4 .\CortexM3\ARM_GCC_541\Debug\Scope_CY8KIT-043.a(USBUART_cdc.o)
                0x000060a8                USBUART_DispatchCDCClassRqst
 .text.USBUART_GetInterfaceComPort
                0x0000618c       0x60 .\CortexM3\ARM_GCC_541\Debug\Scope_CY8KIT-043.a(USBUART_cdc.o)
                0x0000618c                USBUART_GetInterfaceComPort
 .text.USBUART_CDC_Init
                0x000061ec       0xa8 .\CortexM3\ARM_GCC_541\Debug\Scope_CY8KIT-043.a(USBUART_cdc.o)
                0x000061ec                USBUART_CDC_Init
 .text.USBUART_PutData
                0x00006294       0x6c .\CortexM3\ARM_GCC_541\Debug\Scope_CY8KIT-043.a(USBUART_cdc.o)
                0x00006294                USBUART_PutData
 .text.USBUART_StrLen
                0x00006300       0x2c .\CortexM3\ARM_GCC_541\Debug\Scope_CY8KIT-043.a(USBUART_cdc.o)
 .text.USBUART_PutString
                0x0000632c       0xdc .\CortexM3\ARM_GCC_541\Debug\Scope_CY8KIT-043.a(USBUART_cdc.o)
                0x0000632c                USBUART_PutString
 .text.USBUART_PutChar
                0x00006408       0x38 .\CortexM3\ARM_GCC_541\Debug\Scope_CY8KIT-043.a(USBUART_cdc.o)
                0x00006408                USBUART_PutChar
 .text.USBUART_GetCount
                0x00006440       0x54 .\CortexM3\ARM_GCC_541\Debug\Scope_CY8KIT-043.a(USBUART_cdc.o)
                0x00006440                USBUART_GetCount
 .text.USBUART_DataIsReady
                0x00006494       0x24 .\CortexM3\ARM_GCC_541\Debug\Scope_CY8KIT-043.a(USBUART_cdc.o)
                0x00006494                USBUART_DataIsReady
 .text.USBUART_CDCIsReady
                0x000064b8       0x24 .\CortexM3\ARM_GCC_541\Debug\Scope_CY8KIT-043.a(USBUART_cdc.o)
                0x000064b8                USBUART_CDCIsReady
 .text.USBUART_GetAll
                0x000064dc       0x4c .\CortexM3\ARM_GCC_541\Debug\Scope_CY8KIT-043.a(USBUART_cdc.o)
                0x000064dc                USBUART_GetAll
 .text.USBUART_IsLineChanged
                0x00006528       0x54 .\CortexM3\ARM_GCC_541\Debug\Scope_CY8KIT-043.a(USBUART_cdc.o)
                0x00006528                USBUART_IsLineChanged
 .text.USBUART_Cdc_EpInit
                0x0000657c       0x90 .\CortexM3\ARM_GCC_541\Debug\Scope_CY8KIT-043.a(USBUART_cdc.o)
                0x0000657c                USBUART_Cdc_EpInit
 .text.USBUART_EP_0_ISR
                0x0000660c       0xf8 .\CortexM3\ARM_GCC_541\Debug\Scope_CY8KIT-043.a(USBUART_drv.o)
                0x0000660c                USBUART_EP_0_ISR
 .text.USBUART_HandleSetup
                0x00006704       0x88 .\CortexM3\ARM_GCC_541\Debug\Scope_CY8KIT-043.a(USBUART_drv.o)
                0x00006704                USBUART_HandleSetup
 .text.USBUART_HandleIN
                0x0000678c       0x4c .\CortexM3\ARM_GCC_541\Debug\Scope_CY8KIT-043.a(USBUART_drv.o)
                0x0000678c                USBUART_HandleIN
 .text.USBUART_HandleOUT
                0x000067d8       0x58 .\CortexM3\ARM_GCC_541\Debug\Scope_CY8KIT-043.a(USBUART_drv.o)
                0x000067d8                USBUART_HandleOUT
 .text.USBUART_LoadEP0
                0x00006830       0xd0 .\CortexM3\ARM_GCC_541\Debug\Scope_CY8KIT-043.a(USBUART_drv.o)
                0x00006830                USBUART_LoadEP0
 .text.USBUART_InitControlRead
                0x00006900       0x70 .\CortexM3\ARM_GCC_541\Debug\Scope_CY8KIT-043.a(USBUART_drv.o)
                0x00006900                USBUART_InitControlRead
 .text.USBUART_InitZeroLengthControlTransfer
                0x00006970       0x40 .\CortexM3\ARM_GCC_541\Debug\Scope_CY8KIT-043.a(USBUART_drv.o)
                0x00006970                USBUART_InitZeroLengthControlTransfer
 .text.USBUART_ControlReadDataStage
                0x000069b0        0xc .\CortexM3\ARM_GCC_541\Debug\Scope_CY8KIT-043.a(USBUART_drv.o)
                0x000069b0                USBUART_ControlReadDataStage
 .text.USBUART_ControlReadStatusStage
                0x000069bc       0x40 .\CortexM3\ARM_GCC_541\Debug\Scope_CY8KIT-043.a(USBUART_drv.o)
                0x000069bc                USBUART_ControlReadStatusStage
 .text.USBUART_InitControlWrite
                0x000069fc       0x64 .\CortexM3\ARM_GCC_541\Debug\Scope_CY8KIT-043.a(USBUART_drv.o)
                0x000069fc                USBUART_InitControlWrite
 .text.USBUART_ControlWriteDataStage
                0x00006a60       0xb4 .\CortexM3\ARM_GCC_541\Debug\Scope_CY8KIT-043.a(USBUART_drv.o)
                0x00006a60                USBUART_ControlWriteDataStage
 .text.USBUART_ControlWriteStatusStage
                0x00006b14       0x24 .\CortexM3\ARM_GCC_541\Debug\Scope_CY8KIT-043.a(USBUART_drv.o)
                0x00006b14                USBUART_ControlWriteStatusStage
 .text.USBUART_InitNoDataControlTransfer
                0x00006b38       0x38 .\CortexM3\ARM_GCC_541\Debug\Scope_CY8KIT-043.a(USBUART_drv.o)
                0x00006b38                USBUART_InitNoDataControlTransfer
 .text.USBUART_NoDataControlStatusStage
                0x00006b70       0x4c .\CortexM3\ARM_GCC_541\Debug\Scope_CY8KIT-043.a(USBUART_drv.o)
                0x00006b70                USBUART_NoDataControlStatusStage
 .text.USBUART_UpdateStatusBlock
                0x00006bbc       0x40 .\CortexM3\ARM_GCC_541\Debug\Scope_CY8KIT-043.a(USBUART_drv.o)
                0x00006bbc                USBUART_UpdateStatusBlock
 .text.USBUART_InitializeStatusBlock
                0x00006bfc       0x34 .\CortexM3\ARM_GCC_541\Debug\Scope_CY8KIT-043.a(USBUART_drv.o)
                0x00006bfc                USBUART_InitializeStatusBlock
 .text.USBUART_EP_1_ISR
                0x00006c30       0x48 .\CortexM3\ARM_GCC_541\Debug\Scope_CY8KIT-043.a(USBUART_episr.o)
                0x00006c30                USBUART_EP_1_ISR
 .text.USBUART_EP_2_ISR
                0x00006c78       0x4c .\CortexM3\ARM_GCC_541\Debug\Scope_CY8KIT-043.a(USBUART_episr.o)
                0x00006c78                USBUART_EP_2_ISR
 .text.USBUART_EP_3_ISR
                0x00006cc4       0x54 .\CortexM3\ARM_GCC_541\Debug\Scope_CY8KIT-043.a(USBUART_episr.o)
                0x00006cc4                USBUART_EP_3_ISR
 .text.USBUART_SOF_ISR
                0x00006d18        0xc .\CortexM3\ARM_GCC_541\Debug\Scope_CY8KIT-043.a(USBUART_episr.o)
                0x00006d18                USBUART_SOF_ISR
 .text.USBUART_BUS_RESET_ISR
                0x00006d24        0xc .\CortexM3\ARM_GCC_541\Debug\Scope_CY8KIT-043.a(USBUART_episr.o)
                0x00006d24                USBUART_BUS_RESET_ISR
 .text.USBUART_DP_ISR
                0x00006d30        0xc .\CortexM3\ARM_GCC_541\Debug\Scope_CY8KIT-043.a(USBUART_pm.o)
                0x00006d30                USBUART_DP_ISR
 .text.USBUART_HandleStandardRqst
                0x00006d3c      0x4a4 .\CortexM3\ARM_GCC_541\Debug\Scope_CY8KIT-043.a(USBUART_std.o)
                0x00006d3c                USBUART_HandleStandardRqst
 .text.USBUART_ReadDieID
                0x000071e0       0xd8 .\CortexM3\ARM_GCC_541\Debug\Scope_CY8KIT-043.a(USBUART_std.o)
                0x000071e0                USBUART_ReadDieID
 .text.USBUART_ConfigReg
                0x000072b8      0x138 .\CortexM3\ARM_GCC_541\Debug\Scope_CY8KIT-043.a(USBUART_std.o)
                0x000072b8                USBUART_ConfigReg
 .text.USBUART_Config
                0x000073f0      0x3a4 .\CortexM3\ARM_GCC_541\Debug\Scope_CY8KIT-043.a(USBUART_std.o)
                0x000073f0                USBUART_Config
 .text.USBUART_ConfigAltChanged
                0x00007794      0x25c .\CortexM3\ARM_GCC_541\Debug\Scope_CY8KIT-043.a(USBUART_std.o)
                0x00007794                USBUART_ConfigAltChanged
 .text.USBUART_GetConfigTablePtr
                0x000079f0       0x50 .\CortexM3\ARM_GCC_541\Debug\Scope_CY8KIT-043.a(USBUART_std.o)
                0x000079f0                USBUART_GetConfigTablePtr
 .text.USBUART_GetDeviceTablePtr
                0x00007a40       0x24 .\CortexM3\ARM_GCC_541\Debug\Scope_CY8KIT-043.a(USBUART_std.o)
                0x00007a40                USBUART_GetDeviceTablePtr
 .text.USBUART_GetInterfaceClassTablePtr
                0x00007a64       0x4c .\CortexM3\ARM_GCC_541\Debug\Scope_CY8KIT-043.a(USBUART_std.o)
                0x00007a64                USBUART_GetInterfaceClassTablePtr
 .text.USBUART_SetEndpointHalt
                0x00007ab0       0xe8 .\CortexM3\ARM_GCC_541\Debug\Scope_CY8KIT-043.a(USBUART_std.o)
                0x00007ab0                USBUART_SetEndpointHalt
 .text.USBUART_ClearEndpointHalt
                0x00007b98      0x158 .\CortexM3\ARM_GCC_541\Debug\Scope_CY8KIT-043.a(USBUART_std.o)
                0x00007b98                USBUART_ClearEndpointHalt
 .text.USBUART_ValidateAlternateSetting
                0x00007cf0       0x70 .\CortexM3\ARM_GCC_541\Debug\Scope_CY8KIT-043.a(USBUART_std.o)
                0x00007cf0                USBUART_ValidateAlternateSetting
 .text.USBUART_HandleVendorRqst
                0x00007d60       0x54 .\CortexM3\ARM_GCC_541\Debug\Scope_CY8KIT-043.a(USBUART_vnd.o)
                0x00007d60                USBUART_HandleVendorRqst
 .text.SampleClock_SetDividerRegister
                0x00007db4      0x164 .\CortexM3\ARM_GCC_541\Debug\Scope_CY8KIT-043.a(SampleClock.o)
                0x00007db4                SampleClock_SetDividerRegister
 .text.SampleClock_GetDividerRegister
                0x00007f18       0x18 .\CortexM3\ARM_GCC_541\Debug\Scope_CY8KIT-043.a(SampleClock.o)
                0x00007f18                SampleClock_GetDividerRegister
 .text.SampleClock_GetSourceRegister
                0x00007f30       0x1c .\CortexM3\ARM_GCC_541\Debug\Scope_CY8KIT-043.a(SampleClock.o)
                0x00007f30                SampleClock_GetSourceRegister
 .text.Vtrigger_Init
                0x00007f4c       0x28 .\CortexM3\ARM_GCC_541\Debug\Scope_CY8KIT-043.a(Vtrigger.o)
                0x00007f4c                Vtrigger_Init
 .text.Vtrigger_Enable
                0x00007f74       0x34 .\CortexM3\ARM_GCC_541\Debug\Scope_CY8KIT-043.a(Vtrigger.o)
                0x00007f74                Vtrigger_Enable
 .text.Vtrigger_Start
                0x00007fa8       0x28 .\CortexM3\ARM_GCC_541\Debug\Scope_CY8KIT-043.a(Vtrigger.o)
                0x00007fa8                Vtrigger_Start
 .text.Vtrigger_SetSpeed
                0x00007fd0       0x40 .\CortexM3\ARM_GCC_541\Debug\Scope_CY8KIT-043.a(Vtrigger.o)
                0x00007fd0                Vtrigger_SetSpeed
 .text.Vtrigger_SetRange
                0x00008010       0x40 .\CortexM3\ARM_GCC_541\Debug\Scope_CY8KIT-043.a(Vtrigger.o)
                0x00008010                Vtrigger_SetRange
 .text.Vtrigger_SetValue
                0x00008050       0x20 .\CortexM3\ARM_GCC_541\Debug\Scope_CY8KIT-043.a(Vtrigger.o)
                0x00008050                Vtrigger_SetValue
 .text.Vtrigger_DacTrim
                0x00008070       0x3c .\CortexM3\ARM_GCC_541\Debug\Scope_CY8KIT-043.a(Vtrigger.o)
                0x00008070                Vtrigger_DacTrim
 .text.Amux_Trigger_FastSelect
                0x000080ac       0x38 .\CortexM3\ARM_GCC_541\Debug\Scope_CY8KIT-043.a(Amux_Trigger.o)
                0x000080ac                Amux_Trigger_FastSelect
 .text.DMA_Channel_1_DmaInitialize
                0x000080e4       0x64 .\CortexM3\ARM_GCC_541\Debug\Scope_CY8KIT-043.a(DMA_Channel_1_dma.o)
                0x000080e4                DMA_Channel_1_DmaInitialize
 .text.DMA_Channel_2_DmaInitialize
                0x00008148       0x64 .\CortexM3\ARM_GCC_541\Debug\Scope_CY8KIT-043.a(DMA_Channel_2_dma.o)
                0x00008148                DMA_Channel_2_DmaInitialize
 .text.PWM_Sample_Buffer_Start
                0x000081ac       0x24 .\CortexM3\ARM_GCC_541\Debug\Scope_CY8KIT-043.a(PWM_Sample_Buffer.o)
                0x000081ac                PWM_Sample_Buffer_Start
 .text.PWM_Sample_Buffer_Init
                0x000081d0       0x94 .\CortexM3\ARM_GCC_541\Debug\Scope_CY8KIT-043.a(PWM_Sample_Buffer.o)
                0x000081d0                PWM_Sample_Buffer_Init
 .text.PWM_Sample_Buffer_Enable
                0x00008264       0x20 .\CortexM3\ARM_GCC_541\Debug\Scope_CY8KIT-043.a(PWM_Sample_Buffer.o)
                0x00008264                PWM_Sample_Buffer_Enable
 .text.PWM_Sample_Buffer_WriteCounter
                0x00008284       0x20 .\CortexM3\ARM_GCC_541\Debug\Scope_CY8KIT-043.a(PWM_Sample_Buffer.o)
                0x00008284                PWM_Sample_Buffer_WriteCounter
 .text.PWM_Sample_Buffer_ClearFIFO
                0x000082a4       0x1c .\CortexM3\ARM_GCC_541\Debug\Scope_CY8KIT-043.a(PWM_Sample_Buffer.o)
                0x000082a4                PWM_Sample_Buffer_ClearFIFO
 .text.PWM_Sample_Buffer_WritePeriod
                0x000082c0       0x20 .\CortexM3\ARM_GCC_541\Debug\Scope_CY8KIT-043.a(PWM_Sample_Buffer.o)
                0x000082c0                PWM_Sample_Buffer_WritePeriod
 .text.PWM_Sample_Buffer_WriteCompare
                0x000082e0       0x20 .\CortexM3\ARM_GCC_541\Debug\Scope_CY8KIT-043.a(PWM_Sample_Buffer.o)
                0x000082e0                PWM_Sample_Buffer_WriteCompare
 .text.PWM_Sample_Buffer_SetInterruptMode
                0x00008300       0x20 .\CortexM3\ARM_GCC_541\Debug\Scope_CY8KIT-043.a(PWM_Sample_Buffer.o)
                0x00008300                PWM_Sample_Buffer_SetInterruptMode
 .text.PWM_Sample_Buffer_ReadStatusRegister
                0x00008320       0x18 .\CortexM3\ARM_GCC_541\Debug\Scope_CY8KIT-043.a(PWM_Sample_Buffer.o)
                0x00008320                PWM_Sample_Buffer_ReadStatusRegister
 .text.PWM_Sample_Buffer_ReadCapture
                0x00008338       0x18 .\CortexM3\ARM_GCC_541\Debug\Scope_CY8KIT-043.a(PWM_Sample_Buffer.o)
                0x00008338                PWM_Sample_Buffer_ReadCapture
 .text.USBUART_Dp_ClearInterrupt
                0x00008350       0x20 .\CortexM3\ARM_GCC_541\Debug\Scope_CY8KIT-043.a(USBUART_Dp.o)
                0x00008350                USBUART_Dp_ClearInterrupt
 .text.Trigger_Control_Write
                0x00008370       0x20 .\CortexM3\ARM_GCC_541\Debug\Scope_CY8KIT-043.a(Trigger_Control.o)
                0x00008370                Trigger_Control_Write
 .text.Trigger_Control_Read
                0x00008390       0x18 .\CortexM3\ARM_GCC_541\Debug\Scope_CY8KIT-043.a(Trigger_Control.o)
                0x00008390                Trigger_Control_Read
 .text.Trigger_Status_Read
                0x000083a8       0x18 .\CortexM3\ARM_GCC_541\Debug\Scope_CY8KIT-043.a(Trigger_Status.o)
                0x000083a8                Trigger_Status_Read
 .text.Trigger_Comp_Init
                0x000083c0       0x68 .\CortexM3\ARM_GCC_541\Debug\Scope_CY8KIT-043.a(Trigger_Comp.o)
                0x000083c0                Trigger_Comp_Init
 .text.Trigger_Comp_Enable
                0x00008428       0x34 .\CortexM3\ARM_GCC_541\Debug\Scope_CY8KIT-043.a(Trigger_Comp.o)
                0x00008428                Trigger_Comp_Enable
 .text.Trigger_Comp_Start
                0x0000845c       0x24 .\CortexM3\ARM_GCC_541\Debug\Scope_CY8KIT-043.a(Trigger_Comp.o)
                0x0000845c                Trigger_Comp_Start
 .text.Trigger_Comp_SetSpeed
                0x00008480       0x84 .\CortexM3\ARM_GCC_541\Debug\Scope_CY8KIT-043.a(Trigger_Comp.o)
                0x00008480                Trigger_Comp_SetSpeed
 .text.PRS_Init
                0x00008504       0x24 .\CortexM3\ARM_GCC_541\Debug\Scope_CY8KIT-043.a(PRS.o)
                0x00008504                PRS_Init
 .text.PRS_Enable
                0x00008528       0x20 .\CortexM3\ARM_GCC_541\Debug\Scope_CY8KIT-043.a(PRS.o)
                0x00008528                PRS_Enable
 .text.PRS_Start
                0x00008548       0x24 .\CortexM3\ARM_GCC_541\Debug\Scope_CY8KIT-043.a(PRS.o)
                0x00008548                PRS_Start
 .text.PRS_ResetSeedInit
                0x0000856c       0x54 .\CortexM3\ARM_GCC_541\Debug\Scope_CY8KIT-043.a(PRS.o)
                0x0000856c                PRS_ResetSeedInit
 .text.PRS_WriteSeed
                0x000085c0       0x20 .\CortexM3\ARM_GCC_541\Debug\Scope_CY8KIT-043.a(PRS.o)
                0x000085c0                PRS_WriteSeed
 .text.PRS_WritePolynomial
                0x000085e0       0x20 .\CortexM3\ARM_GCC_541\Debug\Scope_CY8KIT-043.a(PRS.o)
                0x000085e0                PRS_WritePolynomial
 .text.Wave_Control_Write
                0x00008600       0x20 .\CortexM3\ARM_GCC_541\Debug\Scope_CY8KIT-043.a(Wave_Control.o)
                0x00008600                Wave_Control_Write
 .text.Wave_Control_Read
                0x00008620       0x18 .\CortexM3\ARM_GCC_541\Debug\Scope_CY8KIT-043.a(Wave_Control.o)
                0x00008620                Wave_Control_Read
 .text.AuxDAC_Buf_Init
                0x00008638       0x10 .\CortexM3\ARM_GCC_541\Debug\Scope_CY8KIT-043.a(AuxDAC_Buf.o)
                0x00008638                AuxDAC_Buf_Init
 .text.AuxDAC_Buf_Enable
                0x00008648       0x48 .\CortexM3\ARM_GCC_541\Debug\Scope_CY8KIT-043.a(AuxDAC_Buf.o)
                0x00008648                AuxDAC_Buf_Enable
 .text.AuxDAC_Buf_Start
                0x00008690       0x24 .\CortexM3\ARM_GCC_541\Debug\Scope_CY8KIT-043.a(AuxDAC_Buf.o)
                0x00008690                AuxDAC_Buf_Start
 .text.AuxDAC_Buf_SetPower
                0x000086b4       0x40 .\CortexM3\ARM_GCC_541\Debug\Scope_CY8KIT-043.a(AuxDAC_Buf.o)
                0x000086b4                AuxDAC_Buf_SetPower
 .text.AuxDAC_1_Init
                0x000086f4       0x28 .\CortexM3\ARM_GCC_541\Debug\Scope_CY8KIT-043.a(AuxDAC_1.o)
                0x000086f4                AuxDAC_1_Init
 .text.AuxDAC_1_Enable
                0x0000871c       0x34 .\CortexM3\ARM_GCC_541\Debug\Scope_CY8KIT-043.a(AuxDAC_1.o)
                0x0000871c                AuxDAC_1_Enable
 .text.AuxDAC_1_Start
                0x00008750       0x28 .\CortexM3\ARM_GCC_541\Debug\Scope_CY8KIT-043.a(AuxDAC_1.o)
                0x00008750                AuxDAC_1_Start
 .text.AuxDAC_1_SetSpeed
                0x00008778       0x40 .\CortexM3\ARM_GCC_541\Debug\Scope_CY8KIT-043.a(AuxDAC_1.o)
                0x00008778                AuxDAC_1_SetSpeed
 .text.AuxDAC_1_SetRange
                0x000087b8       0x40 .\CortexM3\ARM_GCC_541\Debug\Scope_CY8KIT-043.a(AuxDAC_1.o)
                0x000087b8                AuxDAC_1_SetRange
 .text.AuxDAC_1_SetValue
                0x000087f8       0x20 .\CortexM3\ARM_GCC_541\Debug\Scope_CY8KIT-043.a(AuxDAC_1.o)
                0x000087f8                AuxDAC_1_SetValue
 .text.AuxDAC_1_DacTrim
                0x00008818       0x3c .\CortexM3\ARM_GCC_541\Debug\Scope_CY8KIT-043.a(AuxDAC_1.o)
                0x00008818                AuxDAC_1_DacTrim
 .text.ScopeA_Buf_Init
                0x00008854       0x3c .\CortexM3\ARM_GCC_541\Debug\Scope_CY8KIT-043.a(ScopeA_Buf.o)
                0x00008854                ScopeA_Buf_Init
 .text.ScopeA_Buf_Enable
                0x00008890       0x48 .\CortexM3\ARM_GCC_541\Debug\Scope_CY8KIT-043.a(ScopeA_Buf.o)
                0x00008890                ScopeA_Buf_Enable
 .text.ScopeA_Buf_Start
                0x000088d8       0x24 .\CortexM3\ARM_GCC_541\Debug\Scope_CY8KIT-043.a(ScopeA_Buf.o)
                0x000088d8                ScopeA_Buf_Start
 .text.ScopeA_Buf_SetPower
                0x000088fc       0x38 .\CortexM3\ARM_GCC_541\Debug\Scope_CY8KIT-043.a(ScopeA_Buf.o)
                0x000088fc                ScopeA_Buf_SetPower
 .text.ScopeA_Buf_SetGain
                0x00008934       0xbc .\CortexM3\ARM_GCC_541\Debug\Scope_CY8KIT-043.a(ScopeA_Buf.o)
                0x00008934                ScopeA_Buf_SetGain
 .text.ScopeB_Buf_Init
                0x000089f0       0x3c .\CortexM3\ARM_GCC_541\Debug\Scope_CY8KIT-043.a(ScopeB_Buf.o)
                0x000089f0                ScopeB_Buf_Init
 .text.ScopeB_Buf_Enable
                0x00008a2c       0x48 .\CortexM3\ARM_GCC_541\Debug\Scope_CY8KIT-043.a(ScopeB_Buf.o)
                0x00008a2c                ScopeB_Buf_Enable
 .text.ScopeB_Buf_Start
                0x00008a74       0x24 .\CortexM3\ARM_GCC_541\Debug\Scope_CY8KIT-043.a(ScopeB_Buf.o)
                0x00008a74                ScopeB_Buf_Start
 .text.ScopeB_Buf_SetPower
                0x00008a98       0x38 .\CortexM3\ARM_GCC_541\Debug\Scope_CY8KIT-043.a(ScopeB_Buf.o)
                0x00008a98                ScopeB_Buf_SetPower
 .text.ScopeB_Buf_SetGain
                0x00008ad0       0xbc .\CortexM3\ARM_GCC_541\Debug\Scope_CY8KIT-043.a(ScopeB_Buf.o)
                0x00008ad0                ScopeB_Buf_SetGain
 .text.WaveA_DAC_Init
                0x00008b8c       0x54 .\CortexM3\ARM_GCC_541\Debug\Scope_CY8KIT-043.a(WaveA_DAC.o)
                0x00008b8c                WaveA_DAC_Init
 .text.WaveA_DAC_Enable
                0x00008be0       0x34 .\CortexM3\ARM_GCC_541\Debug\Scope_CY8KIT-043.a(WaveA_DAC.o)
                0x00008be0                WaveA_DAC_Enable
 .text.WaveA_DAC_Start
                0x00008c14       0x24 .\CortexM3\ARM_GCC_541\Debug\Scope_CY8KIT-043.a(WaveA_DAC.o)
                0x00008c14                WaveA_DAC_Start
 .text.WaveA_DAC_Wave1Setup
                0x00008c38       0x68 .\CortexM3\ARM_GCC_541\Debug\Scope_CY8KIT-043.a(WaveA_DAC.o)
                0x00008c38                WaveA_DAC_Wave1Setup
 .text.WaveA_DAC_Wave2Setup
                0x00008ca0       0x68 .\CortexM3\ARM_GCC_541\Debug\Scope_CY8KIT-043.a(WaveA_DAC.o)
                0x00008ca0                WaveA_DAC_Wave2Setup
 .text.WaveA_Buf_Init
                0x00008d08       0x10 .\CortexM3\ARM_GCC_541\Debug\Scope_CY8KIT-043.a(WaveA_Buf.o)
                0x00008d08                WaveA_Buf_Init
 .text.WaveA_Buf_Enable
                0x00008d18       0x48 .\CortexM3\ARM_GCC_541\Debug\Scope_CY8KIT-043.a(WaveA_Buf.o)
                0x00008d18                WaveA_Buf_Enable
 .text.WaveA_Buf_Start
                0x00008d60       0x24 .\CortexM3\ARM_GCC_541\Debug\Scope_CY8KIT-043.a(WaveA_Buf.o)
                0x00008d60                WaveA_Buf_Start
 .text.WaveA_Buf_SetPower
                0x00008d84       0x40 .\CortexM3\ARM_GCC_541\Debug\Scope_CY8KIT-043.a(WaveA_Buf.o)
                0x00008d84                WaveA_Buf_SetPower
 .text.WaveA_Clock_SetDividerRegister
                0x00008dc4      0x164 .\CortexM3\ARM_GCC_541\Debug\Scope_CY8KIT-043.a(WaveA_Clock.o)
                0x00008dc4                WaveA_Clock_SetDividerRegister
 .text.WaveA_Clock_GetDividerRegister
                0x00008f28       0x18 .\CortexM3\ARM_GCC_541\Debug\Scope_CY8KIT-043.a(WaveA_Clock.o)
                0x00008f28                WaveA_Clock_GetDividerRegister
 .text.WaveA_Clock_GetSourceRegister
                0x00008f40       0x1c .\CortexM3\ARM_GCC_541\Debug\Scope_CY8KIT-043.a(WaveA_Clock.o)
                0x00008f40                WaveA_Clock_GetSourceRegister
 .text.WaveB_Buf_Init
                0x00008f5c       0x10 .\CortexM3\ARM_GCC_541\Debug\Scope_CY8KIT-043.a(WaveB_Buf.o)
                0x00008f5c                WaveB_Buf_Init
 .text.WaveB_Buf_Enable
                0x00008f6c       0x48 .\CortexM3\ARM_GCC_541\Debug\Scope_CY8KIT-043.a(WaveB_Buf.o)
                0x00008f6c                WaveB_Buf_Enable
 .text.WaveB_Buf_Start
                0x00008fb4       0x24 .\CortexM3\ARM_GCC_541\Debug\Scope_CY8KIT-043.a(WaveB_Buf.o)
                0x00008fb4                WaveB_Buf_Start
 .text.WaveB_Buf_SetPower
                0x00008fd8       0x40 .\CortexM3\ARM_GCC_541\Debug\Scope_CY8KIT-043.a(WaveB_Buf.o)
                0x00008fd8                WaveB_Buf_SetPower
 .text.WaveB_DAC_Init
                0x00009018       0x54 .\CortexM3\ARM_GCC_541\Debug\Scope_CY8KIT-043.a(WaveB_DAC.o)
                0x00009018                WaveB_DAC_Init
 .text.WaveB_DAC_Enable
                0x0000906c       0x34 .\CortexM3\ARM_GCC_541\Debug\Scope_CY8KIT-043.a(WaveB_DAC.o)
                0x0000906c                WaveB_DAC_Enable
 .text.WaveB_DAC_Start
                0x000090a0       0x24 .\CortexM3\ARM_GCC_541\Debug\Scope_CY8KIT-043.a(WaveB_DAC.o)
                0x000090a0                WaveB_DAC_Start
 .text.WaveB_DAC_Wave1Setup
                0x000090c4       0x68 .\CortexM3\ARM_GCC_541\Debug\Scope_CY8KIT-043.a(WaveB_DAC.o)
                0x000090c4                WaveB_DAC_Wave1Setup
 .text.WaveB_DAC_Wave2Setup
                0x0000912c       0x68 .\CortexM3\ARM_GCC_541\Debug\Scope_CY8KIT-043.a(WaveB_DAC.o)
                0x0000912c                WaveB_DAC_Wave2Setup
 .text.WaveB_Clock_SetDividerRegister
                0x00009194      0x164 .\CortexM3\ARM_GCC_541\Debug\Scope_CY8KIT-043.a(WaveB_Clock.o)
                0x00009194                WaveB_Clock_SetDividerRegister
 .text.WaveB_Clock_GetDividerRegister
                0x000092f8       0x18 .\CortexM3\ARM_GCC_541\Debug\Scope_CY8KIT-043.a(WaveB_Clock.o)
                0x000092f8                WaveB_Clock_GetDividerRegister
 .text.WaveB_Clock_GetSourceRegister
                0x00009310       0x1c .\CortexM3\ARM_GCC_541\Debug\Scope_CY8KIT-043.a(WaveB_Clock.o)
                0x00009310                WaveB_Clock_GetSourceRegister
 .text.WaveA_DAC_Wave1_DMA_DmaInitialize
                0x0000932c       0x64 .\CortexM3\ARM_GCC_541\Debug\Scope_CY8KIT-043.a(WaveA_DAC_Wave1_DMA_dma.o)
                0x0000932c                WaveA_DAC_Wave1_DMA_DmaInitialize
 .text.WaveA_DAC_Wave2_DMA_DmaInitialize
                0x00009390       0x64 .\CortexM3\ARM_GCC_541\Debug\Scope_CY8KIT-043.a(WaveA_DAC_Wave2_DMA_dma.o)
                0x00009390                WaveA_DAC_Wave2_DMA_DmaInitialize
 .text.WaveA_DAC_VDAC8_Init
                0x000093f4       0x3c .\CortexM3\ARM_GCC_541\Debug\Scope_CY8KIT-043.a(WaveA_DAC_VDAC8.o)
                0x000093f4                WaveA_DAC_VDAC8_Init
 .text.WaveA_DAC_VDAC8_Enable
                0x00009430       0x34 .\CortexM3\ARM_GCC_541\Debug\Scope_CY8KIT-043.a(WaveA_DAC_VDAC8.o)
                0x00009430                WaveA_DAC_VDAC8_Enable
 .text.WaveA_DAC_VDAC8_SetSpeed
                0x00009464       0x40 .\CortexM3\ARM_GCC_541\Debug\Scope_CY8KIT-043.a(WaveA_DAC_VDAC8.o)
                0x00009464                WaveA_DAC_VDAC8_SetSpeed
 .text.WaveA_DAC_VDAC8_SetRange
                0x000094a4       0x40 .\CortexM3\ARM_GCC_541\Debug\Scope_CY8KIT-043.a(WaveA_DAC_VDAC8.o)
                0x000094a4                WaveA_DAC_VDAC8_SetRange
 .text.WaveA_DAC_VDAC8_SetValue
                0x000094e4       0x20 .\CortexM3\ARM_GCC_541\Debug\Scope_CY8KIT-043.a(WaveA_DAC_VDAC8.o)
                0x000094e4                WaveA_DAC_VDAC8_SetValue
 .text.WaveA_DAC_VDAC8_DacTrim
                0x00009504       0x3c .\CortexM3\ARM_GCC_541\Debug\Scope_CY8KIT-043.a(WaveA_DAC_VDAC8.o)
                0x00009504                WaveA_DAC_VDAC8_DacTrim
 .text.WaveB_DAC_Wave1_DMA_DmaInitialize
                0x00009540       0x64 .\CortexM3\ARM_GCC_541\Debug\Scope_CY8KIT-043.a(WaveB_DAC_Wave1_DMA_dma.o)
                0x00009540                WaveB_DAC_Wave1_DMA_DmaInitialize
 .text.WaveB_DAC_Wave2_DMA_DmaInitialize
                0x000095a4       0x64 .\CortexM3\ARM_GCC_541\Debug\Scope_CY8KIT-043.a(WaveB_DAC_Wave2_DMA_dma.o)
                0x000095a4                WaveB_DAC_Wave2_DMA_DmaInitialize
 .text.WaveB_DAC_VDAC8_Init
                0x00009608       0x3c .\CortexM3\ARM_GCC_541\Debug\Scope_CY8KIT-043.a(WaveB_DAC_VDAC8.o)
                0x00009608                WaveB_DAC_VDAC8_Init
 .text.WaveB_DAC_VDAC8_Enable
                0x00009644       0x34 .\CortexM3\ARM_GCC_541\Debug\Scope_CY8KIT-043.a(WaveB_DAC_VDAC8.o)
                0x00009644                WaveB_DAC_VDAC8_Enable
 .text.WaveB_DAC_VDAC8_SetSpeed
                0x00009678       0x40 .\CortexM3\ARM_GCC_541\Debug\Scope_CY8KIT-043.a(WaveB_DAC_VDAC8.o)
                0x00009678                WaveB_DAC_VDAC8_SetSpeed
 .text.WaveB_DAC_VDAC8_SetRange
                0x000096b8       0x40 .\CortexM3\ARM_GCC_541\Debug\Scope_CY8KIT-043.a(WaveB_DAC_VDAC8.o)
                0x000096b8                WaveB_DAC_VDAC8_SetRange
 .text.WaveB_DAC_VDAC8_SetValue
                0x000096f8       0x20 .\CortexM3\ARM_GCC_541\Debug\Scope_CY8KIT-043.a(WaveB_DAC_VDAC8.o)
                0x000096f8                WaveB_DAC_VDAC8_SetValue
 .text.WaveB_DAC_VDAC8_DacTrim
                0x00009718       0x3c .\CortexM3\ARM_GCC_541\Debug\Scope_CY8KIT-043.a(WaveB_DAC_VDAC8.o)
                0x00009718                WaveB_DAC_VDAC8_DacTrim
 .text.NoiseA_Clock_SetDividerRegister
                0x00009754      0x164 .\CortexM3\ARM_GCC_541\Debug\Scope_CY8KIT-043.a(NoiseA_Clock.o)
                0x00009754                NoiseA_Clock_SetDividerRegister
 .text.NoiseA_Clock_GetDividerRegister
                0x000098b8       0x18 .\CortexM3\ARM_GCC_541\Debug\Scope_CY8KIT-043.a(NoiseA_Clock.o)
                0x000098b8                NoiseA_Clock_GetDividerRegister
 .text.NoiseA_Clock_GetSourceRegister
                0x000098d0       0x1c .\CortexM3\ARM_GCC_541\Debug\Scope_CY8KIT-043.a(NoiseA_Clock.o)
                0x000098d0                NoiseA_Clock_GetSourceRegister
 .text.Dig_PWM_Start
                0x000098ec       0x24 .\CortexM3\ARM_GCC_541\Debug\Scope_CY8KIT-043.a(Dig_PWM.o)
                0x000098ec                Dig_PWM_Start
 .text.Dig_PWM_Init
                0x00009910       0x7c .\CortexM3\ARM_GCC_541\Debug\Scope_CY8KIT-043.a(Dig_PWM.o)
                0x00009910                Dig_PWM_Init
 .text.Dig_PWM_Enable
                0x0000998c       0x20 .\CortexM3\ARM_GCC_541\Debug\Scope_CY8KIT-043.a(Dig_PWM.o)
                0x0000998c                Dig_PWM_Enable
 .text.Dig_PWM_WriteCounter
                0x000099ac       0x20 .\CortexM3\ARM_GCC_541\Debug\Scope_CY8KIT-043.a(Dig_PWM.o)
                0x000099ac                Dig_PWM_WriteCounter
 .text.Dig_PWM_ClearFIFO
                0x000099cc       0x1c .\CortexM3\ARM_GCC_541\Debug\Scope_CY8KIT-043.a(Dig_PWM.o)
                0x000099cc                Dig_PWM_ClearFIFO
 .text.Dig_PWM_WritePeriod
                0x000099e8       0x20 .\CortexM3\ARM_GCC_541\Debug\Scope_CY8KIT-043.a(Dig_PWM.o)
                0x000099e8                Dig_PWM_WritePeriod
 .text.Dig_PWM_WriteCompare
                0x00009a08       0x20 .\CortexM3\ARM_GCC_541\Debug\Scope_CY8KIT-043.a(Dig_PWM.o)
                0x00009a08                Dig_PWM_WriteCompare
 .text.Dig_PWM_SetInterruptMode
                0x00009a28       0x20 .\CortexM3\ARM_GCC_541\Debug\Scope_CY8KIT-043.a(Dig_PWM.o)
                0x00009a28                Dig_PWM_SetInterruptMode
 .text.Dig_PWM_ReadStatusRegister
                0x00009a48       0x18 .\CortexM3\ARM_GCC_541\Debug\Scope_CY8KIT-043.a(Dig_PWM.o)
                0x00009a48                Dig_PWM_ReadStatusRegister
 .text.Dig_PWM_ReadCapture
                0x00009a60       0x18 .\CortexM3\ARM_GCC_541\Debug\Scope_CY8KIT-043.a(Dig_PWM.o)
                0x00009a60                Dig_PWM_ReadCapture
 .text.Dig_PWM_Clock_Start
                0x00009a78       0x34 .\CortexM3\ARM_GCC_541\Debug\Scope_CY8KIT-043.a(Dig_PWM_Clock.o)
                0x00009a78                Dig_PWM_Clock_Start
 .text.Dig_PWM_Clock_SetDividerRegister
                0x00009aac      0x164 .\CortexM3\ARM_GCC_541\Debug\Scope_CY8KIT-043.a(Dig_PWM_Clock.o)
                0x00009aac                Dig_PWM_Clock_SetDividerRegister
 .text.Dig_PWM_Clock_GetDividerRegister
                0x00009c10       0x18 .\CortexM3\ARM_GCC_541\Debug\Scope_CY8KIT-043.a(Dig_PWM_Clock.o)
                0x00009c10                Dig_PWM_Clock_GetDividerRegister
 .text.Dig_PWM_Clock_GetSourceRegister
                0x00009c28       0x1c .\CortexM3\ARM_GCC_541\Debug\Scope_CY8KIT-043.a(Dig_PWM_Clock.o)
                0x00009c28                Dig_PWM_Clock_GetSourceRegister
 .text.Dig_Out_Reg_Write
                0x00009c44       0x20 .\CortexM3\ARM_GCC_541\Debug\Scope_CY8KIT-043.a(Dig_Out_Reg.o)
                0x00009c44                Dig_Out_Reg_Write
 .text.ScopeC_Buf_Init
                0x00009c64       0x3c .\CortexM3\ARM_GCC_541\Debug\Scope_CY8KIT-043.a(ScopeC_Buf.o)
                0x00009c64                ScopeC_Buf_Init
 .text.ScopeC_Buf_Enable
                0x00009ca0       0x48 .\CortexM3\ARM_GCC_541\Debug\Scope_CY8KIT-043.a(ScopeC_Buf.o)
                0x00009ca0                ScopeC_Buf_Enable
 .text.ScopeC_Buf_Start
                0x00009ce8       0x24 .\CortexM3\ARM_GCC_541\Debug\Scope_CY8KIT-043.a(ScopeC_Buf.o)
                0x00009ce8                ScopeC_Buf_Start
 .text.ScopeC_Buf_SetPower
                0x00009d0c       0x38 .\CortexM3\ARM_GCC_541\Debug\Scope_CY8KIT-043.a(ScopeC_Buf.o)
                0x00009d0c                ScopeC_Buf_SetPower
 .text.ScopeC_Buf_SetGain
                0x00009d44       0xbc .\CortexM3\ARM_GCC_541\Debug\Scope_CY8KIT-043.a(ScopeC_Buf.o)
                0x00009d44                ScopeC_Buf_SetGain
 .text.AMux_1_FastSelect
                0x00009e00       0x38 .\CortexM3\ARM_GCC_541\Debug\Scope_CY8KIT-043.a(AMux_1.o)
                0x00009e00                AMux_1_FastSelect
 .text          0x00009e38       0x20 .\CortexM3\ARM_GCC_541\Debug\Scope_CY8KIT-043.a(CyBootAsmGnu.o)
                0x00009e38                CyDelayCycles
                0x00009e48                CyEnterCriticalSection
                0x00009e50                CyExitCriticalSection
 .text.USBUART_DispatchClassRqst
                0x00009e58       0x84 .\CortexM3\ARM_GCC_541\Debug\Scope_CY8KIT-043.a(USBUART_cls.o)
                0x00009e58                USBUART_DispatchClassRqst
 .text          0x00009edc      0x370 c:/program files (x86)/cypress/psoc creator/4.4/psoc creator/import/gnu/arm/5.4.1/bin/../lib/gcc/arm-none-eabi/5.4.1/armv7-m\libgcc.a(_arm_addsubdf3.o)
                0x00009edc                __aeabi_drsub
                0x00009ee4                __aeabi_dsub
                0x00009ee4                __subdf3
                0x00009ee8                __aeabi_dadd
                0x00009ee8                __adddf3
                0x0000a160                __floatunsidf
                0x0000a160                __aeabi_ui2d
                0x0000a180                __floatsidf
                0x0000a180                __aeabi_i2d
                0x0000a1a4                __aeabi_f2d
                0x0000a1a4                __extendsfdf2
                0x0000a1e0                __floatundidf
                0x0000a1e0                __aeabi_ul2d
                0x0000a1f0                __floatdidf
                0x0000a1f0                __aeabi_l2d
 .text          0x0000a24c      0x424 c:/program files (x86)/cypress/psoc creator/4.4/psoc creator/import/gnu/arm/5.4.1/bin/../lib/gcc/arm-none-eabi/5.4.1/armv7-m\libgcc.a(_arm_muldivdf3.o)
                0x0000a24c                __aeabi_dmul
                0x0000a24c                __muldf3
                0x0000a4a0                __divdf3
                0x0000a4a0                __aeabi_ddiv
 .text          0x0000a670       0x40 c:/program files (x86)/cypress/psoc creator/4.4/psoc creator/import/gnu/arm/5.4.1/bin/../lib/gcc/arm-none-eabi/5.4.1/armv7-m\libgcc.a(_arm_fixunsdfsi.o)
                0x0000a670                __aeabi_d2uiz
                0x0000a670                __fixunsdfsi
 .text          0x0000a6b0       0xa0 c:/program files (x86)/cypress/psoc creator/4.4/psoc creator/import/gnu/arm/5.4.1/bin/../lib/gcc/arm-none-eabi/5.4.1/armv7-m\libgcc.a(_arm_truncdfsf2.o)
                0x0000a6b0                __truncdfsf2
                0x0000a6b0                __aeabi_d2f
 .text          0x0000a750      0x21c c:/program files (x86)/cypress/psoc creator/4.4/psoc creator/import/gnu/arm/5.4.1/bin/../lib/gcc/arm-none-eabi/5.4.1/armv7-m\libgcc.a(_arm_addsubsf3.o)
                0x0000a750                __aeabi_frsub
                0x0000a758                __subsf3
                0x0000a758                __aeabi_fsub
                0x0000a75c                __aeabi_fadd
                0x0000a75c                __addsf3
                0x0000a8bc                __aeabi_ui2f
                0x0000a8bc                __floatunsisf
                0x0000a8c4                __aeabi_i2f
                0x0000a8c4                __floatsisf
                0x0000a8e0                __aeabi_ul2f
                0x0000a8e0                __floatundisf
                0x0000a8f0                __aeabi_l2f
                0x0000a8f0                __floatdisf
 .text          0x0000a96c      0x2a0 c:/program files (x86)/cypress/psoc creator/4.4/psoc creator/import/gnu/arm/5.4.1/bin/../lib/gcc/arm-none-eabi/5.4.1/armv7-m\libgcc.a(_arm_muldivsf3.o)
                0x0000a96c                __mulsf3
                0x0000a96c                __aeabi_fmul
                0x0000aad4                __aeabi_fdiv
                0x0000aad4                __divsf3
 .text          0x0000ac0c       0xec c:/program files (x86)/cypress/psoc creator/4.4/psoc creator/import/gnu/arm/5.4.1/bin/../lib/gcc/arm-none-eabi/5.4.1/armv7-m\libgcc.a(_arm_cmpsf2.o)
                0x0000ac0c                __gesf2
                0x0000ac0c                __gtsf2
                0x0000ac14                __lesf2
                0x0000ac14                __ltsf2
                0x0000ac1c                __nesf2
                0x0000ac1c                __eqsf2
                0x0000ac1c                __cmpsf2
                0x0000ac7c                __aeabi_cfrcmple
                0x0000ac84                __aeabi_cfcmpeq
                0x0000ac84                __aeabi_cfcmple
                0x0000ac94                __aeabi_fcmpeq
                0x0000aca8                __aeabi_fcmplt
                0x0000acbc                __aeabi_fcmple
                0x0000acd0                __aeabi_fcmpge
                0x0000ace4                __aeabi_fcmpgt
 .text          0x0000acf8       0x40 c:/program files (x86)/cypress/psoc creator/4.4/psoc creator/import/gnu/arm/5.4.1/bin/../lib/gcc/arm-none-eabi/5.4.1/armv7-m\libgcc.a(_arm_fixunssfsi.o)
                0x0000acf8                __fixunssfsi
                0x0000acf8                __aeabi_f2uiz
 .text.__errno  0x0000ad38        0xc c:/program files (x86)/cypress/psoc creator/4.4/psoc creator/import/gnu/arm/5.4.1/bin/../lib/gcc/arm-none-eabi/5.4.1/../../../../arm-none-eabi/lib/armv7-m\libg_nano.a(lib_a-errno.o)
                0x0000ad38                __errno
 .text.__libc_init_array
                0x0000ad44       0x4c c:/program files (x86)/cypress/psoc creator/4.4/psoc creator/import/gnu/arm/5.4.1/bin/../lib/gcc/arm-none-eabi/5.4.1/../../../../arm-none-eabi/lib/armv7-m\libg_nano.a(lib_a-init.o)
                0x0000ad44                __libc_init_array
 .text.memcpy   0x0000ad90       0x16 c:/program files (x86)/cypress/psoc creator/4.4/psoc creator/import/gnu/arm/5.4.1/bin/../lib/gcc/arm-none-eabi/5.4.1/../../../../arm-none-eabi/lib/armv7-m\libg_nano.a(lib_a-memcpy-stub.o)
                0x0000ad90                memcpy
 .text.memset   0x0000ada6       0x10 c:/program files (x86)/cypress/psoc creator/4.4/psoc creator/import/gnu/arm/5.4.1/bin/../lib/gcc/arm-none-eabi/5.4.1/../../../../arm-none-eabi/lib/armv7-m\libg_nano.a(lib_a-memset.o)
                0x0000ada6                memset
 *fill*         0x0000adb6        0x2 
 .text.sscanf   0x0000adb8       0x54 c:/program files (x86)/cypress/psoc creator/4.4/psoc creator/import/gnu/arm/5.4.1/bin/../lib/gcc/arm-none-eabi/5.4.1/../../../../arm-none-eabi/lib/armv7-m\libg_nano.a(lib_a-sscanf.o)
                0x0000adb8                siscanf
                0x0000adb8                sscanf
 .text.__seofread
                0x0000ae0c        0x4 c:/program files (x86)/cypress/psoc creator/4.4/psoc creator/import/gnu/arm/5.4.1/bin/../lib/gcc/arm-none-eabi/5.4.1/../../../../arm-none-eabi/lib/armv7-m\libg_nano.a(lib_a-stdio.o)
                0x0000ae0c                __seofread
 .text          0x0000ae10       0x10 c:/program files (x86)/cypress/psoc creator/4.4/psoc creator/import/gnu/arm/5.4.1/bin/../lib/gcc/arm-none-eabi/5.4.1/../../../../arm-none-eabi/lib/armv7-m\libg_nano.a(lib_a-strlen.o)
                0x0000ae10                strlen
 .text.strtok   0x0000ae20       0x64 c:/program files (x86)/cypress/psoc creator/4.4/psoc creator/import/gnu/arm/5.4.1/bin/../lib/gcc/arm-none-eabi/5.4.1/../../../../arm-none-eabi/lib/armv7-m\libg_nano.a(lib_a-strtok.o)
                0x0000ae20                strtok
 .text.__strtok_r
                0x0000ae84       0x56 c:/program files (x86)/cypress/psoc creator/4.4/psoc creator/import/gnu/arm/5.4.1/bin/../lib/gcc/arm-none-eabi/5.4.1/../../../../arm-none-eabi/lib/armv7-m\libg_nano.a(lib_a-strtok_r.o)
                0x0000ae84                __strtok_r
 *fill*         0x0000aeda        0x2 
 .text.malloc   0x0000aedc       0x10 c:/program files (x86)/cypress/psoc creator/4.4/psoc creator/import/gnu/arm/5.4.1/bin/../lib/gcc/arm-none-eabi/5.4.1/../../../../arm-none-eabi/lib/armv7-m\libg_nano.a(lib_a-malloc.o)
                0x0000aedc                malloc
 .text._free_r  0x0000aeec       0x98 c:/program files (x86)/cypress/psoc creator/4.4/psoc creator/import/gnu/arm/5.4.1/bin/../lib/gcc/arm-none-eabi/5.4.1/../../../../arm-none-eabi/lib/armv7-m\libg_nano.a(lib_a-nano-freer.o)
                0x0000aeec                _free_r
 .text._malloc_r
                0x0000af84       0xbc c:/program files (x86)/cypress/psoc creator/4.4/psoc creator/import/gnu/arm/5.4.1/bin/../lib/gcc/arm-none-eabi/5.4.1/../../../../arm-none-eabi/lib/armv7-m\libg_nano.a(lib_a-nano-mallocr.o)
                0x0000af84                _malloc_r
 .text._sungetc_r
                0x0000b040       0x7c c:/program files (x86)/cypress/psoc creator/4.4/psoc creator/import/gnu/arm/5.4.1/bin/../lib/gcc/arm-none-eabi/5.4.1/../../../../arm-none-eabi/lib/armv7-m\libg_nano.a(lib_a-nano-svfscanf.o)
                0x0000b040                _sungetc_r
 .text.__ssrefill_r
                0x0000b0bc       0x3a c:/program files (x86)/cypress/psoc creator/4.4/psoc creator/import/gnu/arm/5.4.1/bin/../lib/gcc/arm-none-eabi/5.4.1/../../../../arm-none-eabi/lib/armv7-m\libg_nano.a(lib_a-nano-svfscanf.o)
                0x0000b0bc                __ssrefill_r
 *fill*         0x0000b0f6        0x2 
 .text.__ssvfscanf_r
                0x0000b0f8      0x2a8 c:/program files (x86)/cypress/psoc creator/4.4/psoc creator/import/gnu/arm/5.4.1/bin/../lib/gcc/arm-none-eabi/5.4.1/../../../../arm-none-eabi/lib/armv7-m\libg_nano.a(lib_a-nano-svfscanf.o)
                0x0000b0f8                __ssvfiscanf_r
                0x0000b0f8                __ssvfscanf_r
 .text._scanf_chars
                0x0000b3a0       0xcc c:/program files (x86)/cypress/psoc creator/4.4/psoc creator/import/gnu/arm/5.4.1/bin/../lib/gcc/arm-none-eabi/5.4.1/../../../../arm-none-eabi/lib/armv7-m\libg_nano.a(lib_a-nano-vfscanf_i.o)
                0x0000b3a0                _scanf_chars
 .text._scanf_i
                0x0000b46c      0x1e4 c:/program files (x86)/cypress/psoc creator/4.4/psoc creator/import/gnu/arm/5.4.1/bin/../lib/gcc/arm-none-eabi/5.4.1/../../../../arm-none-eabi/lib/armv7-m\libg_nano.a(lib_a-nano-vfscanf_i.o)
                0x0000b46c                _scanf_i
 .text._sbrk_r  0x0000b650       0x20 c:/program files (x86)/cypress/psoc creator/4.4/psoc creator/import/gnu/arm/5.4.1/bin/../lib/gcc/arm-none-eabi/5.4.1/../../../../arm-none-eabi/lib/armv7-m\libg_nano.a(lib_a-sbrkr.o)
                0x0000b650                _sbrk_r
 .text.__sccl   0x0000b670       0x60 c:/program files (x86)/cypress/psoc creator/4.4/psoc creator/import/gnu/arm/5.4.1/bin/../lib/gcc/arm-none-eabi/5.4.1/../../../../arm-none-eabi/lib/armv7-m\libg_nano.a(lib_a-sccl.o)
                0x0000b670                __sccl
 .text._strtol_r
                0x0000b6d0      0x10c c:/program files (x86)/cypress/psoc creator/4.4/psoc creator/import/gnu/arm/5.4.1/bin/../lib/gcc/arm-none-eabi/5.4.1/../../../../arm-none-eabi/lib/armv7-m\libg_nano.a(lib_a-strtol.o)
                0x0000b6d0                _strtol_r
 .text._strtoul_r
                0x0000b7dc       0xfc c:/program files (x86)/cypress/psoc creator/4.4/psoc creator/import/gnu/arm/5.4.1/bin/../lib/gcc/arm-none-eabi/5.4.1/../../../../arm-none-eabi/lib/armv7-m\libg_nano.a(lib_a-strtoul.o)
                0x0000b7dc                _strtoul_r
 .text.__submore
                0x0000b8d8       0x72 c:/program files (x86)/cypress/psoc creator/4.4/psoc creator/import/gnu/arm/5.4.1/bin/../lib/gcc/arm-none-eabi/5.4.1/../../../../arm-none-eabi/lib/armv7-m\libg_nano.a(lib_a-ungetc.o)
                0x0000b8d8                __submore
 .text.memchr   0x0000b94a       0x1c c:/program files (x86)/cypress/psoc creator/4.4/psoc creator/import/gnu/arm/5.4.1/bin/../lib/gcc/arm-none-eabi/5.4.1/../../../../arm-none-eabi/lib/armv7-m\libg_nano.a(lib_a-memchr-stub.o)
                0x0000b94a                memchr
 .text.__malloc_lock
                0x0000b966        0x2 c:/program files (x86)/cypress/psoc creator/4.4/psoc creator/import/gnu/arm/5.4.1/bin/../lib/gcc/arm-none-eabi/5.4.1/../../../../arm-none-eabi/lib/armv7-m\libg_nano.a(lib_a-mlock.o)
                0x0000b966                __malloc_lock
 .text.__malloc_unlock
                0x0000b968        0x2 c:/program files (x86)/cypress/psoc creator/4.4/psoc creator/import/gnu/arm/5.4.1/bin/../lib/gcc/arm-none-eabi/5.4.1/../../../../arm-none-eabi/lib/armv7-m\libg_nano.a(lib_a-mlock.o)
                0x0000b968                __malloc_unlock
 .text._realloc_r
                0x0000b96a       0x4c c:/program files (x86)/cypress/psoc creator/4.4/psoc creator/import/gnu/arm/5.4.1/bin/../lib/gcc/arm-none-eabi/5.4.1/../../../../arm-none-eabi/lib/armv7-m\libg_nano.a(lib_a-nano-reallocr.o)
                0x0000b96a                _realloc_r
 .text._malloc_usable_size_r
                0x0000b9b6       0x14 c:/program files (x86)/cypress/psoc creator/4.4/psoc creator/import/gnu/arm/5.4.1/bin/../lib/gcc/arm-none-eabi/5.4.1/../../../../arm-none-eabi/lib/armv7-m\libg_nano.a(lib_a-nano-msizer.o)
                0x0000b9b6                _malloc_usable_size_r
 *(.plt)
 *(.gnu.warning)
 *(.glue_7t)
 .glue_7t       0x0000b9ca        0x0 linker stubs
 *(.glue_7)
 .glue_7        0x0000b9ca        0x0 linker stubs
 *(.vfp11_veneer)
 .vfp11_veneer  0x0000b9ca        0x0 linker stubs
 *(.bootloader)
 *(.ARM.extab* .gnu.linkonce.armextab.*)
 *(.gcc_except_table)

.v4_bx          0x0000b9cc        0x0
 .v4_bx         0x0000b9cc        0x0 linker stubs

.iplt           0x0000b9cc        0x0
 .iplt          0x0000b9cc        0x0 c:/program files (x86)/cypress/psoc creator/4.4/psoc creator/import/gnu/arm/5.4.1/bin/../lib/gcc/arm-none-eabi/5.4.1/armv7-m/crtbegin.o

.eh_frame_hdr
 *(.eh_frame_hdr)

.eh_frame       0x0000b9cc        0x4
 *(.eh_frame)
 .eh_frame      0x0000b9cc        0x0 c:/program files (x86)/cypress/psoc creator/4.4/psoc creator/import/gnu/arm/5.4.1/bin/../lib/gcc/arm-none-eabi/5.4.1/armv7-m/crtbegin.o
 .eh_frame      0x0000b9cc        0x4 c:/program files (x86)/cypress/psoc creator/4.4/psoc creator/import/gnu/arm/5.4.1/bin/../lib/gcc/arm-none-eabi/5.4.1/armv7-m/crtend.o
                [!provide]                PROVIDE (__exidx_start, .)

.ARM.exidx
 *(.ARM.exidx* .gnu.linkonce.armexidx.*)
                0x0000b9d0                __exidx_end = .

.rodata         0x0000b9d0      0x900
 *(.rodata .rodata.* .gnu.linkonce.r.*)
 .rodata        0x0000b9d0       0x55 .\CortexM3\ARM_GCC_541\Debug\main.o
 *fill*         0x0000ba25        0x3 
 .rodata        0x0000ba28       0x4e .\CortexM3\ARM_GCC_541\Debug\cyfitter_cfg.o
                0x0000ba28                AMux_1__addrTable
                0x0000ba38                AMux_1__maskTable
                0x0000ba3c                Amux_Trigger__addrTable
                0x0000ba48                Amux_Trigger__maskTable
 *fill*         0x0000ba76        0x2 
 .rodata        0x0000ba78       0x11 .\CortexM3\ARM_GCC_541\Debug\Scope_CY8KIT-043.a(USBUART_std.o)
 *fill*         0x0000ba89        0x3 
 .rodata        0x0000ba8c       0x15 .\CortexM3\ARM_GCC_541\Debug\Scope_CY8KIT-043.a(ScopeA_Buf.o)
 *fill*         0x0000baa1        0x3 
 .rodata        0x0000baa4       0x15 .\CortexM3\ARM_GCC_541\Debug\Scope_CY8KIT-043.a(ScopeB_Buf.o)
 *fill*         0x0000bab9        0x3 
 .rodata        0x0000babc      0x232 .\CortexM3\ARM_GCC_541\Debug\Scope_CY8KIT-043.a(WaveA_DAC.o)
                0x0000babc                WaveA_DAC_wave1
                0x0000bcbc                WaveA_DAC_wave2
 *fill*         0x0000bcee        0x2 
 .rodata        0x0000bcf0      0x264 .\CortexM3\ARM_GCC_541\Debug\Scope_CY8KIT-043.a(WaveB_DAC.o)
                0x0000bcf0                WaveB_DAC_wave1
                0x0000bef0                WaveB_DAC_wave2
 .rodata        0x0000bf54       0x15 .\CortexM3\ARM_GCC_541\Debug\Scope_CY8KIT-043.a(ScopeC_Buf.o)
 *fill*         0x0000bf69        0x3 
 .rodata        0x0000bf6c      0x19c .\CortexM3\ARM_GCC_541\Debug\Scope_CY8KIT-043.a(USBUART_descr.o)
                0x0000bf6c                USBUART_DEVICE0_DESCR
                0x0000bf80                USBUART_DEVICE0_CONFIGURATION0_DESCR
                0x0000bfc4                USBUART_STRING_DESCRIPTORS
                0x0000c064                USBUART_SN_STRING_DESCRIPTOR
                0x0000c068                USBUART_DEVICE0_CONFIGURATION0_EP_SETTINGS_TABLE
                0x0000c080                USBUART_DEVICE0_CONFIGURATION0_INTERFACE_CLASS
                0x0000c084                USBUART_DEVICE0_CONFIGURATION0_TABLE
                0x0000c0ac                USBUART_DEVICE0_TABLE
                0x0000c0c4                USBUART_TABLE
                0x0000c0cc                USBUART_MSOS_DESCRIPTOR
                0x0000c0e0                USBUART_MSOS_CONFIGURATION_DESCR
 .rodata.str1.1
                0x0000c108        0x2 c:/program files (x86)/cypress/psoc creator/4.4/psoc creator/import/gnu/arm/5.4.1/bin/../lib/gcc/arm-none-eabi/5.4.1/../../../../arm-none-eabi/lib/armv7-m\libg_nano.a(lib_a-impure.o)
 .rodata.str1.1
                0x0000c10a        0x4 c:/program files (x86)/cypress/psoc creator/4.4/psoc creator/import/gnu/arm/5.4.1/bin/../lib/gcc/arm-none-eabi/5.4.1/../../../../arm-none-eabi/lib/armv7-m\libg_nano.a(lib_a-nano-svfscanf.o)
 *fill*         0x0000c10e        0x2 
 .rodata        0x0000c110        0xc c:/program files (x86)/cypress/psoc creator/4.4/psoc creator/import/gnu/arm/5.4.1/bin/../lib/gcc/arm-none-eabi/5.4.1/../../../../arm-none-eabi/lib/armv7-m\libg_nano.a(lib_a-nano-vfscanf_i.o)
 .rodata.str1.1
                0x0000c11c       0x1b c:/program files (x86)/cypress/psoc creator/4.4/psoc creator/import/gnu/arm/5.4.1/bin/../lib/gcc/arm-none-eabi/5.4.1/../../../../arm-none-eabi/lib/armv7-m\libg_nano.a(lib_a-nano-vfscanf_i.o)
 .rodata._ctype_
                0x0000c137      0x101 c:/program files (x86)/cypress/psoc creator/4.4/psoc creator/import/gnu/arm/5.4.1/bin/../lib/gcc/arm-none-eabi/5.4.1/../../../../arm-none-eabi/lib/armv7-m\libg_nano.a(lib_a-ctype_.o)
                0x0000c137                _ctype_
 .rodata.__sf_fake_stdin
                0x0000c238       0x20 c:/program files (x86)/cypress/psoc creator/4.4/psoc creator/import/gnu/arm/5.4.1/bin/../lib/gcc/arm-none-eabi/5.4.1/../../../../arm-none-eabi/lib/armv7-m\libg_nano.a(lib_a-findfp.o)
                0x0000c238                __sf_fake_stdin
 .rodata.__sf_fake_stdout
                0x0000c258       0x20 c:/program files (x86)/cypress/psoc creator/4.4/psoc creator/import/gnu/arm/5.4.1/bin/../lib/gcc/arm-none-eabi/5.4.1/../../../../arm-none-eabi/lib/armv7-m\libg_nano.a(lib_a-findfp.o)
                0x0000c258                __sf_fake_stdout
 .rodata.__sf_fake_stderr
                0x0000c278       0x20 c:/program files (x86)/cypress/psoc creator/4.4/psoc creator/import/gnu/arm/5.4.1/bin/../lib/gcc/arm-none-eabi/5.4.1/../../../../arm-none-eabi/lib/armv7-m\libg_nano.a(lib_a-findfp.o)
                0x0000c278                __sf_fake_stderr
                0x0000c298                . = ALIGN (0x4)
 *(.init)
 .init          0x0000c298        0x4 c:/program files (x86)/cypress/psoc creator/4.4/psoc creator/import/gnu/arm/5.4.1/bin/../lib/gcc/arm-none-eabi/5.4.1/armv7-m/crti.o
                0x0000c298                _init
 .init          0x0000c29c        0x8 c:/program files (x86)/cypress/psoc creator/4.4/psoc creator/import/gnu/arm/5.4.1/bin/../lib/gcc/arm-none-eabi/5.4.1/armv7-m/crtn.o
                0x0000c2a4                . = ALIGN (0x4)
                0x0000c2a4                __preinit_array_start = .
 *(.preinit_array)
                0x0000c2a4                __preinit_array_end = .
                0x0000c2a4                . = ALIGN (0x4)
                0x0000c2a4                __init_array_start = .
 *(SORT(.init_array.*))
 *(.init_array)
 .init_array    0x0000c2a4        0x4 c:/program files (x86)/cypress/psoc creator/4.4/psoc creator/import/gnu/arm/5.4.1/bin/../lib/gcc/arm-none-eabi/5.4.1/armv7-m/crtbegin.o
 .init_array    0x0000c2a8        0x4 .\CortexM3\ARM_GCC_541\Debug\Cm3Start.o
                0x0000c2ac                __init_array_end = .
                0x0000c2ac                . = ALIGN (0x4)
 *(.fini)
 .fini          0x0000c2ac        0x4 c:/program files (x86)/cypress/psoc creator/4.4/psoc creator/import/gnu/arm/5.4.1/bin/../lib/gcc/arm-none-eabi/5.4.1/armv7-m/crti.o
                0x0000c2ac                _fini
 .fini          0x0000c2b0        0x8 c:/program files (x86)/cypress/psoc creator/4.4/psoc creator/import/gnu/arm/5.4.1/bin/../lib/gcc/arm-none-eabi/5.4.1/armv7-m/crtn.o
                0x0000c2b8                . = ALIGN (0x4)
                0x0000c2b8                __fini_array_start = .
 *(.fini_array)
 .fini_array    0x0000c2b8        0x4 c:/program files (x86)/cypress/psoc creator/4.4/psoc creator/import/gnu/arm/5.4.1/bin/../lib/gcc/arm-none-eabi/5.4.1/armv7-m/crtbegin.o
 *(SORT(.fini_array.*))
                0x0000c2bc                __fini_array_end = .
                0x0000c2bc                . = ALIGN (0x4)
 *crtbegin.o(.ctors)
 *(EXCLUDE_FILE(*crtend.o) .ctors)
 *(SORT(.ctors.*))
 *crtend.o(.ctors)
                0x0000c2bc                . = ALIGN (0x4)
 *crtbegin.o(.dtors)
 *(EXCLUDE_FILE(*crtend.o) .dtors)
 *(SORT(.dtors.*))
 *crtend.o(.dtors)
                0x0000c2bc                . = ALIGN (0x4)
                0x0000c2bc                __cy_regions = .
                0x0000c2bc        0x4 LONG 0xc2d0 __cy_region_init_ram
                0x0000c2c0        0x4 LONG 0x1fff80c8 __cy_region_start_data
                0x0000c2c4        0x4 LONG 0xb0 __cy_region_init_size_ram
                0x0000c2c8        0x4 LONG 0x4218 __cy_region_zero_size_ram
                0x0000c2cc                __cy_regions_end = .
                0x0000c2d0                . = ALIGN (0x8)
 *fill*         0x0000c2cc        0x4 
                0x0000c2d0                _etext = .

.ramvectors     0x1fff8000       0xc0
                0x1fff8000                __cy_region_start_ram = .
 *(.ramvectors)
 .ramvectors    0x1fff8000       0xc0 .\CortexM3\ARM_GCC_541\Debug\Cm3Start.o
                0x1fff8000                CyRamVectors

.noinit         0x1fff80c0        0x5
 *(.noinit)
 .noinit        0x1fff80c0        0x4 .\CortexM3\ARM_GCC_541\Debug\Cm3Start.o
 .noinit        0x1fff80c4        0x1 .\CortexM3\ARM_GCC_541\Debug\Scope_CY8KIT-043.a(CyLib.o)
                0x1fff80c4                CyResetStatus

.data           0x1fff80c8       0xb0 load address 0x0000c2d0
                0x1fff80c8                __cy_region_start_data = .
 *(.jcr)
 .jcr           0x1fff80c8        0x0 c:/program files (x86)/cypress/psoc creator/4.4/psoc creator/import/gnu/arm/5.4.1/bin/../lib/gcc/arm-none-eabi/5.4.1/armv7-m/crtbegin.o
 .jcr           0x1fff80c8        0x4 c:/program files (x86)/cypress/psoc creator/4.4/psoc creator/import/gnu/arm/5.4.1/bin/../lib/gcc/arm-none-eabi/5.4.1/armv7-m/crtend.o
 *(.got.plt)
 *(.got)
 *(.shdata)
 *(.data .data.* .gnu.linkonce.d.*)
 .data          0x1fff80cc        0x4 .\CortexM3\ARM_GCC_541\Debug\Cm3Start.o
 .data          0x1fff80d0        0x8 .\CortexM3\ARM_GCC_541\Debug\Scope_CY8KIT-043.a(CyDmac.o)
 .data          0x1fff80d8       0x10 .\CortexM3\ARM_GCC_541\Debug\Scope_CY8KIT-043.a(CyLib.o)
                0x1fff80d8                cydelay_freq_hz
                0x1fff80dc                cydelay_freq_khz
                0x1fff80e0                cydelay_freq_mhz
                0x1fff80e4                cydelay_32k_ms
 .data          0x1fff80e8       0x1a .\CortexM3\ARM_GCC_541\Debug\Scope_CY8KIT-043.a(USBUART_cdc.o)
                0x1fff80e8                USBUART_linesCoding
 .data          0x1fff8102        0x1 .\CortexM3\ARM_GCC_541\Debug\Scope_CY8KIT-043.a(Amux_Trigger.o)
 .data          0x1fff8103        0x1 .\CortexM3\ARM_GCC_541\Debug\Scope_CY8KIT-043.a(DMA_Channel_1_dma.o)
                0x1fff8103                DMA_Channel_1_DmaHandle
 .data          0x1fff8104        0x1 .\CortexM3\ARM_GCC_541\Debug\Scope_CY8KIT-043.a(DMA_Channel_2_dma.o)
                0x1fff8104                DMA_Channel_2_DmaHandle
 .data          0x1fff8105        0x1 .\CortexM3\ARM_GCC_541\Debug\Scope_CY8KIT-043.a(WaveA_DAC_Wave1_DMA_dma.o)
                0x1fff8105                WaveA_DAC_Wave1_DMA_DmaHandle
 .data          0x1fff8106        0x1 .\CortexM3\ARM_GCC_541\Debug\Scope_CY8KIT-043.a(WaveA_DAC_Wave2_DMA_dma.o)
                0x1fff8106                WaveA_DAC_Wave2_DMA_DmaHandle
 .data          0x1fff8107        0x1 .\CortexM3\ARM_GCC_541\Debug\Scope_CY8KIT-043.a(WaveB_DAC_Wave1_DMA_dma.o)
                0x1fff8107                WaveB_DAC_Wave1_DMA_DmaHandle
 .data          0x1fff8108        0x1 .\CortexM3\ARM_GCC_541\Debug\Scope_CY8KIT-043.a(WaveB_DAC_Wave2_DMA_dma.o)
                0x1fff8108                WaveB_DAC_Wave2_DMA_DmaHandle
 .data          0x1fff8109        0x1 .\CortexM3\ARM_GCC_541\Debug\Scope_CY8KIT-043.a(AMux_1.o)
 *fill*         0x1fff810a        0x2 
 .data.impure_data
                0x1fff810c       0x60 c:/program files (x86)/cypress/psoc creator/4.4/psoc creator/import/gnu/arm/5.4.1/bin/../lib/gcc/arm-none-eabi/5.4.1/../../../../arm-none-eabi/lib/armv7-m\libg_nano.a(lib_a-impure.o)
 .data._impure_ptr
                0x1fff816c        0x4 c:/program files (x86)/cypress/psoc creator/4.4/psoc creator/import/gnu/arm/5.4.1/bin/../lib/gcc/arm-none-eabi/5.4.1/../../../../arm-none-eabi/lib/armv7-m\libg_nano.a(lib_a-impure.o)
                0x1fff816c                _impure_ptr
 .data.__ctype_ptr__
                0x1fff8170        0x4 c:/program files (x86)/cypress/psoc creator/4.4/psoc creator/import/gnu/arm/5.4.1/bin/../lib/gcc/arm-none-eabi/5.4.1/../../../../arm-none-eabi/lib/armv7-m\libg_nano.a(lib_a-ctype_.o)
                0x1fff8170                __ctype_ptr__
                0x1fff8178                . = ALIGN (0x8)
 *fill*         0x1fff8174        0x4 
 *(.ram)
                0x1fff8178                _edata = .

.igot.plt       0x1fff8178        0x0 load address 0x0000c380
 .igot.plt      0x1fff8178        0x0 c:/program files (x86)/cypress/psoc creator/4.4/psoc creator/import/gnu/arm/5.4.1/bin/../lib/gcc/arm-none-eabi/5.4.1/armv7-m/crtbegin.o

.bss            0x1fff8178     0x4218 load address 0x0000c380
                0x1fff8178                PROVIDE (__bss_start__, .)
 *(.shbss)
 *(.bss .bss.* .gnu.linkonce.b.*)
 .bss           0x1fff8178       0x1c c:/program files (x86)/cypress/psoc creator/4.4/psoc creator/import/gnu/arm/5.4.1/bin/../lib/gcc/arm-none-eabi/5.4.1/armv7-m/crtbegin.o
 .bss           0x1fff8194        0x4 .\CortexM3\ARM_GCC_541\Debug\main.o
                0x1fff8194                wavea_gain
                0x1fff8195                wavea_offset
                0x1fff8196                waveb_gain
                0x1fff8197                waveb_offset
 .bss           0x1fff8198        0x1 .\CortexM3\ARM_GCC_541\Debug\Scope_CY8KIT-043.a(ADC_2.o)
                0x1fff8198                ADC_2_initVar
 .bss           0x1fff8199        0x1 .\CortexM3\ARM_GCC_541\Debug\Scope_CY8KIT-043.a(ADC_1.o)
                0x1fff8199                ADC_1_initVar
 .bss           0x1fff819a        0x1 .\CortexM3\ARM_GCC_541\Debug\Scope_CY8KIT-043.a(USBUART.o)
                0x1fff819a                USBUART_initVar
 .bss           0x1fff819b        0x1 .\CortexM3\ARM_GCC_541\Debug\Scope_CY8KIT-043.a(USBUART_cdc.o)
 .bss           0x1fff819c        0x2 .\CortexM3\ARM_GCC_541\Debug\Scope_CY8KIT-043.a(USBUART_std.o)
 .bss           0x1fff819e        0x1 .\CortexM3\ARM_GCC_541\Debug\Scope_CY8KIT-043.a(Vtrigger.o)
                0x1fff819e                Vtrigger_initVar
 .bss           0x1fff819f        0x1 .\CortexM3\ARM_GCC_541\Debug\Scope_CY8KIT-043.a(PWM_Sample_Buffer.o)
                0x1fff819f                PWM_Sample_Buffer_initVar
 .bss           0x1fff81a0        0x1 .\CortexM3\ARM_GCC_541\Debug\Scope_CY8KIT-043.a(Trigger_Comp.o)
                0x1fff81a0                Trigger_Comp_initVar
 .bss           0x1fff81a1        0x1 .\CortexM3\ARM_GCC_541\Debug\Scope_CY8KIT-043.a(PRS.o)
                0x1fff81a1                PRS_initVar
 .bss           0x1fff81a2        0x1 .\CortexM3\ARM_GCC_541\Debug\Scope_CY8KIT-043.a(AuxDAC_Buf.o)
                0x1fff81a2                AuxDAC_Buf_initVar
 .bss           0x1fff81a3        0x1 .\CortexM3\ARM_GCC_541\Debug\Scope_CY8KIT-043.a(AuxDAC_1.o)
                0x1fff81a3                AuxDAC_1_initVar
 .bss           0x1fff81a4        0x1 .\CortexM3\ARM_GCC_541\Debug\Scope_CY8KIT-043.a(ScopeA_Buf.o)
                0x1fff81a4                ScopeA_Buf_initVar
 .bss           0x1fff81a5        0x1 .\CortexM3\ARM_GCC_541\Debug\Scope_CY8KIT-043.a(ScopeB_Buf.o)
                0x1fff81a5                ScopeB_Buf_initVar
 .bss           0x1fff81a6        0x5 .\CortexM3\ARM_GCC_541\Debug\Scope_CY8KIT-043.a(WaveA_DAC.o)
                0x1fff81a6                WaveA_DAC_initVar
 .bss           0x1fff81ab        0x1 .\CortexM3\ARM_GCC_541\Debug\Scope_CY8KIT-043.a(WaveA_Buf.o)
                0x1fff81ab                WaveA_Buf_initVar
 .bss           0x1fff81ac        0x1 .\CortexM3\ARM_GCC_541\Debug\Scope_CY8KIT-043.a(WaveB_Buf.o)
                0x1fff81ac                WaveB_Buf_initVar
 .bss           0x1fff81ad        0x5 .\CortexM3\ARM_GCC_541\Debug\Scope_CY8KIT-043.a(WaveB_DAC.o)
                0x1fff81ad                WaveB_DAC_initVar
 .bss           0x1fff81b2        0x1 .\CortexM3\ARM_GCC_541\Debug\Scope_CY8KIT-043.a(Dig_PWM.o)
                0x1fff81b2                Dig_PWM_initVar
 .bss           0x1fff81b3        0x1 .\CortexM3\ARM_GCC_541\Debug\Scope_CY8KIT-043.a(ScopeC_Buf.o)
                0x1fff81b3                ScopeC_Buf_initVar
 .bss.__malloc_sbrk_start
                0x1fff81b4        0x4 c:/program files (x86)/cypress/psoc creator/4.4/psoc creator/import/gnu/arm/5.4.1/bin/../lib/gcc/arm-none-eabi/5.4.1/../../../../arm-none-eabi/lib/armv7-m\libg_nano.a(lib_a-nano-mallocr.o)
                0x1fff81b4                __malloc_sbrk_start
 .bss.__malloc_free_list
                0x1fff81b8        0x4 c:/program files (x86)/cypress/psoc creator/4.4/psoc creator/import/gnu/arm/5.4.1/bin/../lib/gcc/arm-none-eabi/5.4.1/../../../../arm-none-eabi/lib/armv7-m\libg_nano.a(lib_a-nano-mallocr.o)
                0x1fff81b8                __malloc_free_list
 *(COMMON)
 COMMON         0x1fff81bc     0x40dc .\CortexM3\ARM_GCC_541\Debug\main.o
                0x1fff81bc                DMA_Channel_2_Chan
                0x1fff81be                cCommandsReady
                0x1fff81c0                Channel_1_Data
                0x1fff89c0                iWrite
                0x1fff89c2                Digital_AutoUpdate
                0x1fff89c4                DMA_Channel_1_TD
                0x1fff89c8                Channel_2_Data
                0x1fff91c8                trigger_source
                0x1fff91c9                Noise_Adjusted
                0x1fff91ca                bCommandReady
                0x1fff91cc                szTempBuffer
                0x1fff920c                szCommandsBuffer
                0x1fffa20c                WaveformA_Temp_Buffer
                0x1fffaa0c                DMA_Channel_1_Chan
                0x1fffaa10                USB_Out_Buffer
                0x1fffaa50                cCharsReceived
                0x1fffaa52                iRead
                0x1fffaa54                DMA_Channel_2_TD
                0x1fffaa58                WaveformB_Buffer
                0x1fffb258                WaveformB_Temp_Buffer
                0x1fffba58                WaveformA_Buffer
                0x1fffc258                szCommand
 COMMON         0x1fffc298        0xa .\CortexM3\ARM_GCC_541\Debug\Scope_CY8KIT-043.a(ADC_2.o)
                0x1fffc298                ADC_2_shift
                0x1fffc29a                ADC_2_countsPerVolt
                0x1fffc29c                ADC_2_countsPer10Volt
                0x1fffc2a0                ADC_2_offset
 *fill*         0x1fffc2a2        0x2 
 COMMON         0x1fffc2a4        0xc .\CortexM3\ARM_GCC_541\Debug\Scope_CY8KIT-043.a(ADC_1.o)
                0x1fffc2a4                ADC_1_offset
                0x1fffc2a6                ADC_1_shift
                0x1fffc2a8                ADC_1_countsPerVolt
                0x1fffc2ac                ADC_1_countsPer10Volt
 COMMON         0x1fffc2b0       0x18 .\CortexM3\ARM_GCC_541\Debug\Scope_CY8KIT-043.a(USBUART_cdc.o)
                0x1fffc2b0                USBUART_linesChanged
                0x1fffc2b4                USBUART_cdcDataInEp
                0x1fffc2b8                USBUART_cdcCommInInterruptEp
                0x1fffc2bc                USBUART_cdcDataOutEp
                0x1fffc2c0                USBUART_serialStateBitmap
                0x1fffc2c4                USBUART_linesControlBitmap
 COMMON         0x1fffc2c8       0x9a .\CortexM3\ARM_GCC_541\Debug\Scope_CY8KIT-043.a(USBUART_drv.o)
                0x1fffc2c8                USBUART_lastPacketSize
                0x1fffc2c9                USBUART_device
                0x1fffc2ca                USBUART_transferByteCount
                0x1fffc2cc                USBUART_transferState
                0x1fffc2d0                USBUART_interfaceSettingLast
                0x1fffc2d4                USBUART_currentTD
                0x1fffc2e0                USBUART_interfaceNumber
                0x1fffc2e4                USBUART_interfaceClass
                0x1fffc2e8                USBUART_configurationChanged
                0x1fffc2e9                USBUART_ep0Mode
                0x1fffc2ea                USBUART_deviceAddress
                0x1fffc2eb                USBUART_configuration
                0x1fffc2ec                USBUART_ep0Count
                0x1fffc2ed                USBUART_deviceStatus
                0x1fffc2f0                USBUART_EP
                0x1fffc35c                USBUART_interfaceSetting
                0x1fffc35e                USBUART_ep0Toggle
                0x1fffc360                USBUART_interfaceStatus
 *fill*         0x1fffc362        0x2 
 COMMON         0x1fffc364       0x22 .\CortexM3\ARM_GCC_541\Debug\Scope_CY8KIT-043.a(USBUART_descr.o)
                0x1fffc364                USBUART_idSerialNumberStringDescriptor
 *fill*         0x1fffc386        0x2 
 COMMON         0x1fffc388        0x4 c:/program files (x86)/cypress/psoc creator/4.4/psoc creator/import/gnu/arm/5.4.1/bin/../lib/gcc/arm-none-eabi/5.4.1/../../../../arm-none-eabi/lib/armv7-m\libg_nano.a(lib_a-reent.o)
                0x1fffc388                errno
                0x1fffc390                . = ALIGN (0x8)
 *fill*         0x1fffc38c        0x4 
 *(.ram.b)
                0x1fffc390                _end = .
                0x1fffc390                __end = .
                0x1fffc390                PROVIDE (end, .)
                0x1fffc390                PROVIDE (__bss_end__, .)
                0x0000c2d0                __cy_region_init_ram = LOADADDR (.data)
                0x000000b0                __cy_region_init_size_ram = (_edata - ADDR (.data))
                0x00004218                __cy_region_zero_size_ram = (_end - _edata)

.heap           0x1fffc390       0x80 load address 0x0000c380
                0x1fffc390                . = _end
                0x1fffc410                . = (. + 0x80)
 *fill*         0x1fffc390       0x80 
                0x1fffc410                __cy_heap_limit = .

.stack          0x20007800      0x800
                0x20007800                __cy_stack_limit = .
                0x20008000                . = (. + 0x800)
 *fill*         0x20007800      0x800 
                0x00000001                ASSERT ((__cy_stack_limit >= __cy_heap_limit), region RAM overflowed with stack)

.cy_checksum_exclude
                0x0003ff00        0x0
 *(.cy_checksum_exclude)
                0x00000000                cy_checksum_exclude_size = (CY_APPL_LOADABLE == 0x1)?SIZEOF (.cy_checksum_exclude):0x0
                0x00000001                ASSERT ((cy_checksum_exclude_size <= CY_CHECKSUM_EXCLUDE_SIZE), CY_BOOT: Section .cy_checksum_exclude size exceedes specified limit.)

.cyloadermeta   0xf0000000       0x40
 *(.cyloadermeta)
 .cyloadermeta  0xf0000000       0x40 .\CortexM3\ARM_GCC_541\Debug\cybootloader.o
                0xf0000000                cy_meta_loader

.cyloadablemeta
                0x0003ffc0       0x40
 *(.cyloadablemeta)
 .cyloadablemeta
                0x0003ffc0       0x40 .\CortexM3\ARM_GCC_541\Debug\cymetadata.o
                0x0003ffc0                cy_meta_loadable

.cyconfigecc    0x80000640      0x670
 *(.cyconfigecc)
 .cyconfigecc   0x80000640      0x670 .\CortexM3\ARM_GCC_541\Debug\cymetadata.o
                0x80000640                cy_meta_configecc

.cycustnvl      0x90000000        0x4
 *(.cycustnvl)
 .cycustnvl     0x90000000        0x4 .\CortexM3\ARM_GCC_541\Debug\cybootloader.o
                0x90000000                cy_meta_custnvl

.cywolatch      0x90100000        0x4
 *(.cywolatch)
 .cywolatch     0x90100000        0x4 .\CortexM3\ARM_GCC_541\Debug\cybootloader.o
                0x90100000                cy_meta_wonvl

.cyeeprom       0x90200000        0x0
 *(.cyeeprom)
                0x00000001                ASSERT ((. <= ((0x90200000 + ee_offset) + ee_size)), .cyeeprom data will not fit in EEPROM)

.cyflashprotect
                0x90400000      0x100
 *(.cyflashprotect)
 .cyflashprotect
                0x90400000      0x100 .\CortexM3\ARM_GCC_541\Debug\cybootloader.o
                0x90400000                cy_meta_flashprotect

.cymeta         0x90500000        0xc
 *(.cymeta)
 .cymeta        0x90500000        0xc .\CortexM3\ARM_GCC_541\Debug\cybootloader.o
                0x90500000                cy_metadata

.rel.dyn        0x00040000        0x0 load address 0x9050000c
 .rel.iplt      0x00040000        0x0 c:/program files (x86)/cypress/psoc creator/4.4/psoc creator/import/gnu/arm/5.4.1/bin/../lib/gcc/arm-none-eabi/5.4.1/armv7-m/crtbegin.o

.stab           0x00000000       0x6c
 *(.stab)
 .stab          0x00000000       0x24 c:/program files (x86)/cypress/psoc creator/4.4/psoc creator/import/gnu/arm/5.4.1/bin/../lib/gcc/arm-none-eabi/5.4.1/../../../../arm-none-eabi/lib/armv7-m\libnosys.a(close.o)
 .stab          0x00000024       0x18 c:/program files (x86)/cypress/psoc creator/4.4/psoc creator/import/gnu/arm/5.4.1/bin/../lib/gcc/arm-none-eabi/5.4.1/../../../../arm-none-eabi/lib/armv7-m\libnosys.a(lseek.o)
                                 0x24 (size before relaxing)
 .stab          0x0000003c       0x18 c:/program files (x86)/cypress/psoc creator/4.4/psoc creator/import/gnu/arm/5.4.1/bin/../lib/gcc/arm-none-eabi/5.4.1/../../../../arm-none-eabi/lib/armv7-m\libnosys.a(read.o)
                                 0x24 (size before relaxing)
 .stab          0x00000054       0x18 c:/program files (x86)/cypress/psoc creator/4.4/psoc creator/import/gnu/arm/5.4.1/bin/../lib/gcc/arm-none-eabi/5.4.1/../../../../arm-none-eabi/lib/armv7-m\libnosys.a(write.o)
                                 0x24 (size before relaxing)

.stabstr        0x00000000       0xdf
 *(.stabstr)
 .stabstr       0x00000000       0xdf c:/program files (x86)/cypress/psoc creator/4.4/psoc creator/import/gnu/arm/5.4.1/bin/../lib/gcc/arm-none-eabi/5.4.1/../../../../arm-none-eabi/lib/armv7-m\libnosys.a(close.o)

.debug
 *(.debug)

.line
 *(.line)

.debug_srcinfo
 *(.debug_srcinfo)

.debug_sfnames
 *(.debug_sfnames)

.debug_aranges  0x00000000     0x15a8
 *(.debug_aranges)
 .debug_aranges
                0x00000000       0x50 .\CortexM3\ARM_GCC_541\Debug\main.o
 .debug_aranges
                0x00000050       0x80 .\CortexM3\ARM_GCC_541\Debug\cyfitter_cfg.o
 .debug_aranges
                0x000000d0       0x48 .\CortexM3\ARM_GCC_541\Debug\Cm3Start.o
 .debug_aranges
                0x00000118       0x18 .\CortexM3\ARM_GCC_541\Debug\cymetadata.o
 .debug_aranges
                0x00000130       0x18 .\CortexM3\ARM_GCC_541\Debug\cybootloader.o
 .debug_aranges
                0x00000148       0xd8 .\CortexM3\ARM_GCC_541\Debug\Scope_CY8KIT-043.a(CyDmac.o)
 .debug_aranges
                0x00000220      0x2a0 .\CortexM3\ARM_GCC_541\Debug\Scope_CY8KIT-043.a(CyLib.o)
 .debug_aranges
                0x000004c0       0x98 .\CortexM3\ARM_GCC_541\Debug\Scope_CY8KIT-043.a(cyPm.o)
 .debug_aranges
                0x00000558       0x98 .\CortexM3\ARM_GCC_541\Debug\Scope_CY8KIT-043.a(ADC_2.o)
 .debug_aranges
                0x000005f0       0x20 .\CortexM3\ARM_GCC_541\Debug\Scope_CY8KIT-043.a(ADC_2_INT.o)
 .debug_aranges
                0x00000610       0x98 .\CortexM3\ARM_GCC_541\Debug\Scope_CY8KIT-043.a(ADC_1.o)
 .debug_aranges
                0x000006a8       0x20 .\CortexM3\ARM_GCC_541\Debug\Scope_CY8KIT-043.a(ADC_1_INT.o)
 .debug_aranges
                0x000006c8       0xc8 .\CortexM3\ARM_GCC_541\Debug\Scope_CY8KIT-043.a(USBUART.o)
 .debug_aranges
                0x00000790       0xe8 .\CortexM3\ARM_GCC_541\Debug\Scope_CY8KIT-043.a(USBUART_cdc.o)
 .debug_aranges
                0x00000878       0x98 .\CortexM3\ARM_GCC_541\Debug\Scope_CY8KIT-043.a(USBUART_drv.o)
 .debug_aranges
                0x00000910       0x40 .\CortexM3\ARM_GCC_541\Debug\Scope_CY8KIT-043.a(USBUART_episr.o)
 .debug_aranges
                0x00000950       0x40 .\CortexM3\ARM_GCC_541\Debug\Scope_CY8KIT-043.a(USBUART_pm.o)
 .debug_aranges
                0x00000990       0x80 .\CortexM3\ARM_GCC_541\Debug\Scope_CY8KIT-043.a(USBUART_std.o)
 .debug_aranges
                0x00000a10       0x20 .\CortexM3\ARM_GCC_541\Debug\Scope_CY8KIT-043.a(USBUART_vnd.o)
 .debug_aranges
                0x00000a30       0x70 .\CortexM3\ARM_GCC_541\Debug\Scope_CY8KIT-043.a(SampleClock.o)
 .debug_aranges
                0x00000aa0       0x58 .\CortexM3\ARM_GCC_541\Debug\Scope_CY8KIT-043.a(Vtrigger.o)
 .debug_aranges
                0x00000af8       0x30 .\CortexM3\ARM_GCC_541\Debug\Scope_CY8KIT-043.a(Amux_Trigger.o)
 .debug_aranges
                0x00000b28       0x28 .\CortexM3\ARM_GCC_541\Debug\Scope_CY8KIT-043.a(DMA_Channel_1_dma.o)
 .debug_aranges
                0x00000b50       0x28 .\CortexM3\ARM_GCC_541\Debug\Scope_CY8KIT-043.a(DMA_Channel_2_dma.o)
 .debug_aranges
                0x00000b78       0x98 .\CortexM3\ARM_GCC_541\Debug\Scope_CY8KIT-043.a(PWM_Sample_Buffer.o)
 .debug_aranges
                0x00000c10       0x48 .\CortexM3\ARM_GCC_541\Debug\Scope_CY8KIT-043.a(USBUART_Dp.o)
 .debug_aranges
                0x00000c58       0x28 .\CortexM3\ARM_GCC_541\Debug\Scope_CY8KIT-043.a(Trigger_Control.o)
 .debug_aranges
                0x00000c80       0x40 .\CortexM3\ARM_GCC_541\Debug\Scope_CY8KIT-043.a(Trigger_Status.o)
 .debug_aranges
                0x00000cc0       0x70 .\CortexM3\ARM_GCC_541\Debug\Scope_CY8KIT-043.a(Trigger_Comp.o)
 .debug_aranges
                0x00000d30       0x60 .\CortexM3\ARM_GCC_541\Debug\Scope_CY8KIT-043.a(PRS.o)
 .debug_aranges
                0x00000d90       0x28 .\CortexM3\ARM_GCC_541\Debug\Scope_CY8KIT-043.a(Wave_Control.o)
 .debug_aranges
                0x00000db8       0x40 .\CortexM3\ARM_GCC_541\Debug\Scope_CY8KIT-043.a(AuxDAC_Buf.o)
 .debug_aranges
                0x00000df8       0x58 .\CortexM3\ARM_GCC_541\Debug\Scope_CY8KIT-043.a(AuxDAC_1.o)
 .debug_aranges
                0x00000e50       0x48 .\CortexM3\ARM_GCC_541\Debug\Scope_CY8KIT-043.a(ScopeA_Buf.o)
 .debug_aranges
                0x00000e98       0x48 .\CortexM3\ARM_GCC_541\Debug\Scope_CY8KIT-043.a(ScopeB_Buf.o)
 .debug_aranges
                0x00000ee0       0x50 .\CortexM3\ARM_GCC_541\Debug\Scope_CY8KIT-043.a(WaveA_DAC.o)
 .debug_aranges
                0x00000f30       0x40 .\CortexM3\ARM_GCC_541\Debug\Scope_CY8KIT-043.a(WaveA_Buf.o)
 .debug_aranges
                0x00000f70       0x70 .\CortexM3\ARM_GCC_541\Debug\Scope_CY8KIT-043.a(WaveA_Clock.o)
 .debug_aranges
                0x00000fe0       0x40 .\CortexM3\ARM_GCC_541\Debug\Scope_CY8KIT-043.a(WaveB_Buf.o)
 .debug_aranges
                0x00001020       0x50 .\CortexM3\ARM_GCC_541\Debug\Scope_CY8KIT-043.a(WaveB_DAC.o)
 .debug_aranges
                0x00001070       0x70 .\CortexM3\ARM_GCC_541\Debug\Scope_CY8KIT-043.a(WaveB_Clock.o)
 .debug_aranges
                0x000010e0       0x28 .\CortexM3\ARM_GCC_541\Debug\Scope_CY8KIT-043.a(WaveA_DAC_Wave1_DMA_dma.o)
 .debug_aranges
                0x00001108       0x28 .\CortexM3\ARM_GCC_541\Debug\Scope_CY8KIT-043.a(WaveA_DAC_Wave2_DMA_dma.o)
 .debug_aranges
                0x00001130       0x58 .\CortexM3\ARM_GCC_541\Debug\Scope_CY8KIT-043.a(WaveA_DAC_VDAC8.o)
 .debug_aranges
                0x00001188       0x28 .\CortexM3\ARM_GCC_541\Debug\Scope_CY8KIT-043.a(WaveB_DAC_Wave1_DMA_dma.o)
 .debug_aranges
                0x000011b0       0x28 .\CortexM3\ARM_GCC_541\Debug\Scope_CY8KIT-043.a(WaveB_DAC_Wave2_DMA_dma.o)
 .debug_aranges
                0x000011d8       0x58 .\CortexM3\ARM_GCC_541\Debug\Scope_CY8KIT-043.a(WaveB_DAC_VDAC8.o)
 .debug_aranges
                0x00001230       0x70 .\CortexM3\ARM_GCC_541\Debug\Scope_CY8KIT-043.a(NoiseA_Clock.o)
 .debug_aranges
                0x000012a0       0x98 .\CortexM3\ARM_GCC_541\Debug\Scope_CY8KIT-043.a(Dig_PWM.o)
 .debug_aranges
                0x00001338       0x70 .\CortexM3\ARM_GCC_541\Debug\Scope_CY8KIT-043.a(Dig_PWM_Clock.o)
 .debug_aranges
                0x000013a8       0x28 .\CortexM3\ARM_GCC_541\Debug\Scope_CY8KIT-043.a(Dig_Out_Reg.o)
 .debug_aranges
                0x000013d0       0x48 .\CortexM3\ARM_GCC_541\Debug\Scope_CY8KIT-043.a(ScopeC_Buf.o)
 .debug_aranges
                0x00001418       0x30 .\CortexM3\ARM_GCC_541\Debug\Scope_CY8KIT-043.a(AMux_1.o)
 .debug_aranges
                0x00001448       0x20 .\CortexM3\ARM_GCC_541\Debug\Scope_CY8KIT-043.a(CyBootAsmGnu.o)
 .debug_aranges
                0x00001468       0x88 .\CortexM3\ARM_GCC_541\Debug\Scope_CY8KIT-043.a(CyFlash.o)
 .debug_aranges