Archive member included to satisfy reference by file (symbol)

.\CortexM3\ARM_GCC_541\Debug\Scope_KitProg.a(CyDmac.o)
                              .\CortexM3\ARM_GCC_541\Debug\Cm3Start.o (CyDmacConfigure)
.\CortexM3\ARM_GCC_541\Debug\Scope_KitProg.a(CyLib.o)
                              .\CortexM3\ARM_GCC_541\Debug\Cm3Start.o (CyResetStatus)
.\CortexM3\ARM_GCC_541\Debug\Scope_KitProg.a(cyPm.o)
                              .\CortexM3\ARM_GCC_541\Debug\Scope_KitProg.a(CyLib.o) (CyPmReadStatus)
.\CortexM3\ARM_GCC_541\Debug\Scope_KitProg.a(ADC_2.o)
                              .\CortexM3\ARM_GCC_541\Debug\main.o (ADC_2_Start)
.\CortexM3\ARM_GCC_541\Debug\Scope_KitProg.a(ADC_2_INT.o)
                              .\CortexM3\ARM_GCC_541\Debug\Scope_KitProg.a(ADC_2.o) (ADC_2_ISR)
.\CortexM3\ARM_GCC_541\Debug\Scope_KitProg.a(ADC_1.o)
                              .\CortexM3\ARM_GCC_541\Debug\main.o (ADC_1_Start)
.\CortexM3\ARM_GCC_541\Debug\Scope_KitProg.a(ADC_1_INT.o)
                              .\CortexM3\ARM_GCC_541\Debug\Scope_KitProg.a(ADC_1.o) (ADC_1_ISR)
.\CortexM3\ARM_GCC_541\Debug\Scope_KitProg.a(USBUART.o)
                              .\CortexM3\ARM_GCC_541\Debug\main.o (USBUART_Start)
.\CortexM3\ARM_GCC_541\Debug\Scope_KitProg.a(USBUART_cdc.o)
                              .\CortexM3\ARM_GCC_541\Debug\main.o (USBUART_CDC_Init)
.\CortexM3\ARM_GCC_541\Debug\Scope_KitProg.a(USBUART_drv.o)
                              .\CortexM3\ARM_GCC_541\Debug\Scope_KitProg.a(USBUART.o) (USBUART_EP)
.\CortexM3\ARM_GCC_541\Debug\Scope_KitProg.a(USBUART_episr.o)
                              .\CortexM3\ARM_GCC_541\Debug\Scope_KitProg.a(USBUART.o) (USBUART_EP_1_ISR)
.\CortexM3\ARM_GCC_541\Debug\Scope_KitProg.a(USBUART_pm.o)
                              .\CortexM3\ARM_GCC_541\Debug\Scope_KitProg.a(USBUART.o) (USBUART_DP_ISR)
.\CortexM3\ARM_GCC_541\Debug\Scope_KitProg.a(USBUART_std.o)
                              .\CortexM3\ARM_GCC_541\Debug\Scope_KitProg.a(USBUART_drv.o) (USBUART_HandleStandardRqst)
.\CortexM3\ARM_GCC_541\Debug\Scope_KitProg.a(USBUART_vnd.o)
                              .\CortexM3\ARM_GCC_541\Debug\Scope_KitProg.a(USBUART_drv.o) (USBUART_HandleVendorRqst)
.\CortexM3\ARM_GCC_541\Debug\Scope_KitProg.a(SampleClock.o)
                              .\CortexM3\ARM_GCC_541\Debug\main.o (SampleClock_SetDividerRegister)
.\CortexM3\ARM_GCC_541\Debug\Scope_KitProg.a(Vtrigger.o)
                              .\CortexM3\ARM_GCC_541\Debug\main.o (Vtrigger_Start)
.\CortexM3\ARM_GCC_541\Debug\Scope_KitProg.a(Amux_Trigger.o)
                              .\CortexM3\ARM_GCC_541\Debug\main.o (Amux_Trigger_FastSelect)
.\CortexM3\ARM_GCC_541\Debug\Scope_KitProg.a(DMA_Channel_1_dma.o)
                              .\CortexM3\ARM_GCC_541\Debug\main.o (DMA_Channel_1_DmaInitialize)
.\CortexM3\ARM_GCC_541\Debug\Scope_KitProg.a(DMA_Channel_2_dma.o)
                              .\CortexM3\ARM_GCC_541\Debug\main.o (DMA_Channel_2_DmaInitialize)
.\CortexM3\ARM_GCC_541\Debug\Scope_KitProg.a(PWM_Sample_Buffer.o)
                              .\CortexM3\ARM_GCC_541\Debug\main.o (PWM_Sample_Buffer_Start)
.\CortexM3\ARM_GCC_541\Debug\Scope_KitProg.a(USBUART_Dp.o)
                              .\CortexM3\ARM_GCC_541\Debug\Scope_KitProg.a(USBUART.o) (USBUART_Dp_ClearInterrupt)
.\CortexM3\ARM_GCC_541\Debug\Scope_KitProg.a(Trigger_Control.o)
                              .\CortexM3\ARM_GCC_541\Debug\main.o (Trigger_Control_Write)
.\CortexM3\ARM_GCC_541\Debug\Scope_KitProg.a(Trigger_Status.o)
                              .\CortexM3\ARM_GCC_541\Debug\main.o (Trigger_Status_Read)
.\CortexM3\ARM_GCC_541\Debug\Scope_KitProg.a(Trigger_Comp.o)
                              .\CortexM3\ARM_GCC_541\Debug\main.o (Trigger_Comp_Start)
.\CortexM3\ARM_GCC_541\Debug\Scope_KitProg.a(PRS.o)
                              .\CortexM3\ARM_GCC_541\Debug\main.o (PRS_Start)
.\CortexM3\ARM_GCC_541\Debug\Scope_KitProg.a(Wave_Control.o)
                              .\CortexM3\ARM_GCC_541\Debug\main.o (Wave_Control_Write)
.\CortexM3\ARM_GCC_541\Debug\Scope_KitProg.a(AuxDAC_Buf.o)
                              .\CortexM3\ARM_GCC_541\Debug\main.o (AuxDAC_Buf_Start)
.\CortexM3\ARM_GCC_541\Debug\Scope_KitProg.a(AuxDAC_1.o)
                              .\CortexM3\ARM_GCC_541\Debug\main.o (AuxDAC_1_Start)
.\CortexM3\ARM_GCC_541\Debug\Scope_KitProg.a(ScopeA_Buf.o)
                              .\CortexM3\ARM_GCC_541\Debug\main.o (ScopeA_Buf_SetGain)
.\CortexM3\ARM_GCC_541\Debug\Scope_KitProg.a(ScopeB_Buf.o)
                              .\CortexM3\ARM_GCC_541\Debug\main.o (ScopeB_Buf_SetGain)
.\CortexM3\ARM_GCC_541\Debug\Scope_KitProg.a(WaveA_DAC.o)
                              .\CortexM3\ARM_GCC_541\Debug\main.o (WaveA_DAC_Wave1Setup)
.\CortexM3\ARM_GCC_541\Debug\Scope_KitProg.a(WaveA_Buf.o)
                              .\CortexM3\ARM_GCC_541\Debug\main.o (WaveA_Buf_Start)
.\CortexM3\ARM_GCC_541\Debug\Scope_KitProg.a(WaveA_Clock.o)
[...]
Memory Configuration

Name             Origin             Length             Attributes
rom              0x00000000         0x00040000         xr
ram              0x1fff8000         0x00010000         xrw
*default*        0x00000000         0xffffffff

Linker script and memory map

LOAD c:/program files (x86)/cypress/psoc creator/4.4/psoc creator/import/gnu/arm/5.4.1/bin/../lib/gcc/arm-none-eabi/5.4.1/armv7-m/crti.o
LOAD c:/program files (x86)/cypress/psoc creator/4.4/psoc creator/import/gnu/arm/5.4.1/bin/../lib/gcc/arm-none-eabi/5.4.1/armv7-m/crtbegin.o
LOAD c:/program files (x86)/cypress/psoc creator/4.4/psoc creator/import/gnu/arm/5.4.1/bin/../lib/gcc/arm-none-eabi/5.4.1/../../../../arm-none-eabi/lib/armv7-m/crt0.o
START GROUP
LOAD .\CortexM3\ARM_GCC_541\Debug\main.o
LOAD .\CortexM3\ARM_GCC_541\Debug\cyfitter_cfg.o
LOAD .\CortexM3\ARM_GCC_541\Debug\Cm3Start.o
LOAD .\CortexM3\ARM_GCC_541\Debug\cymetadata.o
LOAD .\CortexM3\ARM_GCC_541\Debug\cybootloader.o
LOAD .\CortexM3\ARM_GCC_541\Debug\Scope_KitProg.a
LOAD C:\Program Files (x86)\Cypress\PSoC Creator\4.4\PSoC Creator\psoc\content\cycomponentlibrary\CyComponentLibrary.cylib\CortexM3\ARM_GCC_541\Debug\CyComponentLibrary.a
END GROUP
START GROUP
LOAD c:/program files (x86)/cypress/psoc creator/4.4/psoc creator/import/gnu/arm/5.4.1/bin/../lib/gcc/arm-none-eabi/5.4.1/armv7-m\libgcc.a
LOAD c:/program files (x86)/cypress/psoc creator/4.4/psoc creator/import/gnu/arm/5.4.1/bin/../lib/gcc/arm-none-eabi/5.4.1/../../../../arm-none-eabi/lib/armv7-m\libg_nano.a
LOAD c:/program files (x86)/cypress/psoc creator/4.4/psoc creator/import/gnu/arm/5.4.1/bin/../lib/gcc/arm-none-eabi/5.4.1/../../../../arm-none-eabi/lib/armv7-m\libc_nano.a
END GROUP
START GROUP
LOAD c:/program files (x86)/cypress/psoc creator/4.4/psoc creator/import/gnu/arm/5.4.1/bin/../lib/gcc/arm-none-eabi/5.4.1/armv7-m\libgcc.a
LOAD c:/program files (x86)/cypress/psoc creator/4.4/psoc creator/import/gnu/arm/5.4.1/bin/../lib/gcc/arm-none-eabi/5.4.1/../../../../arm-none-eabi/lib/armv7-m\libc_nano.a
END GROUP
LOAD c:/program files (x86)/cypress/psoc creator/4.4/psoc creator/import/gnu/arm/5.4.1/bin/../lib/gcc/arm-none-eabi/5.4.1/armv7-m/crtend.o
LOAD c:/program files (x86)/cypress/psoc creator/4.4/psoc creator/import/gnu/arm/5.4.1/bin/../lib/gcc/arm-none-eabi/5.4.1/armv7-m/crtn.o
START GROUP
LOAD c:/program files (x86)/cypress/psoc creator/4.4/psoc creator/import/gnu/arm/5.4.1/bin/../lib/gcc/arm-none-eabi/5.4.1/armv7-m\libgcc.a
LOAD c:/program files (x86)/cypress/psoc creator/4.4/psoc creator/import/gnu/arm/5.4.1/bin/../lib/gcc/arm-none-eabi/5.4.1/../../../../arm-none-eabi/lib/armv7-m\libc.a
LOAD c:/program files (x86)/cypress/psoc creator/4.4/psoc creator/import/gnu/arm/5.4.1/bin/../lib/gcc/arm-none-eabi/5.4.1/../../../../arm-none-eabi/lib/armv7-m\libnosys.a
END GROUP
                0x00003200                CY_APPL_ORIGIN = 0x3200
                0x00000100                CY_FLASH_ROW_SIZE = 0x100
                0x00000020                CY_ECC_ROW_SIZE = 0x20
                0x00000000                CY_EE_IN_BTLDR = 0x0
                0x00000001                CY_APPL_LOADABLE = 0x1
                0x00000800                CY_EE_SIZE = 0x800
                0x00000001                CY_APPL_NUM = 0x1
                0x00000001                CY_APPL_MAX = 0x1
                0x00000040                CY_METADATA_SIZE = 0x40
                0x00000001                CY_APPL_LOADABLE = 0x1
                0x00000000                CY_CHECKSUM_EXCLUDE_SIZE = ALIGN (0x0, CY_FLASH_ROW_SIZE)
                [!provide]                PROVIDE (__cy_heap_start, _end)
                0x00000001                PROVIDE (__cy_region_num, ((__cy_regions_end - __cy_regions) / 0x10))
                0x20008000                PROVIDE (__cy_stack, (ORIGIN (ram) + LENGTH (ram)))
                [!provide]                PROVIDE (__cy_heap_end, (__cy_stack - 0x800))

.cybootloader   0x00000000     0x2700
 *(.cybootloader)
 .cybootloader  0x00000000     0x2700 .\CortexM3\ARM_GCC_541\Debug\cybootloader.o
                0x00000000                cy_bootloader
                0x00003200                appl1_start = CY_APPL_ORIGIN?CY_APPL_ORIGIN:ALIGN (CY_FLASH_ROW_SIZE)
                0x00021800                appl2_start = (appl1_start + ALIGN ((((LENGTH (rom) - appl1_start) - (0x2 * CY_FLASH_ROW_SIZE)) / 0x2), CY_FLASH_ROW_SIZE))
                0x00003200                appl_start = (CY_APPL_NUM == 0x1)?appl1_start:appl2_start
                0x00000640                ecc_offset = ((appl_start / CY_FLASH_ROW_SIZE) * CY_ECC_ROW_SIZE)
                0x00000000                ee_offset = (CY_APPL_LOADABLE && ! (CY_EE_IN_BTLDR))?((CY_EE_SIZE / CY_APPL_MAX) * (CY_APPL_NUM - 0x1)):0x0
                0x00000800                ee_size = (CY_APPL_LOADABLE && ! (CY_EE_IN_BTLDR))?(CY_EE_SIZE / CY_APPL_MAX):CY_EE_SIZE
                0x00000640                PROVIDE (CY_ECC_OFFSET, ecc_offset)

.text           0x00003200     0x8b42
 CREATE_OBJECT_SYMBOLS
                0x00003200                PROVIDE (__cy_interrupt_vector, RomVectors)
 *(.romvectors)
 .romvectors    0x00003200       0x10 .\CortexM3\ARM_GCC_541\Debug\Cm3Start.o
                0x00003200                RomVectors
                0x00000001                ASSERT ((. != __cy_interrupt_vector), No interrupt vector)
                0x00000001                ASSERT (CY_APPL_ORIGIN?(SIZEOF (.cybootloader) <= CY_APPL_ORIGIN):0x1, Wrong image location)
                0x00003210                PROVIDE (__cy_reset, Reset)
 *(.text.Reset)
 .text.Reset    0x00003210        0x8 .\CortexM3\ARM_GCC_541\Debug\Cm3Start.o
                0x00003210                Reset
                0x00000001                ASSERT ((. != __cy_reset), No reset code)
 *(.dma_init)
                0x00000001                ASSERT ((((appl_start + .) <= 0x10000) || 0x1), DMA Init must be within the first 64k of flash)
 *(.text .text.* .gnu.linkonce.t.*)
 .text          0x00003218       0x5c c:/program files (x86)/cypress/psoc creator/4.4/psoc creator/import/gnu/arm/5.4.1/bin/../lib/gcc/arm-none-eabi/5.4.1/armv7-m/crtbegin.o
 *fill*         0x00003274        0x4 
 .text.main     0x00003278     0x1130 .\CortexM3\ARM_GCC_541\Debug\main.o
                0x00003278                main
 .text.Hardware_Config
                0x000043a8      0x158 .\CortexM3\ARM_GCC_541\Debug\main.o
                0x000043a8                Hardware_Config
 .text.DMA_Config
                0x00004500      0x130 .\CortexM3\ARM_GCC_541\Debug\main.o
                0x00004500                DMA_Config
 .text.GetLastSampleIndex
                0x00004630       0x60 .\CortexM3\ARM_GCC_541\Debug\main.o
                0x00004630                GetLastSampleIndex
 .text.CommandCheck
                0x00004690      0x180 .\CortexM3\ARM_GCC_541\Debug\main.o
                0x00004690                CommandCheck
 .text.PutString
                0x00004810       0x24 .\CortexM3\ARM_GCC_541\Debug\main.o
                0x00004810                PutString
 .text.PutChar  0x00004834       0x28 .\CortexM3\ARM_GCC_541\Debug\main.o
                0x00004834                PutChar
 .text.CYMEMZERO
                0x0000485c       0x1c .\CortexM3\ARM_GCC_541\Debug\cyfitter_cfg.o
 .text.CYCONFIGCPY
                0x00004878       0x20 .\CortexM3\ARM_GCC_541\Debug\cyfitter_cfg.o
 .text.CyClockStartupError
                0x00004898        0xc .\CortexM3\ARM_GCC_541\Debug\cyfitter_cfg.o
 .text.cfg_write_bytes32
                0x000048a4       0x74 .\CortexM3\ARM_GCC_541\Debug\cyfitter_cfg.o
 .text.ClockSetup
                0x00004918      0x17c .\CortexM3\ARM_GCC_541\Debug\cyfitter_cfg.o
 .text.AnalogSetDefault
                0x00004a94      0x178 .\CortexM3\ARM_GCC_541\Debug\cyfitter_cfg.o
 .text.AMux_1_Set
                0x00004c0c       0x6c .\CortexM3\ARM_GCC_541\Debug\cyfitter_cfg.o
                0x00004c0c                AMux_1_Set
 .text.AMux_1_Unset
                0x00004c78       0x74 .\CortexM3\ARM_GCC_541\Debug\cyfitter_cfg.o
                0x00004c78                AMux_1_Unset
 .text.AMux_2_Set
                0x00004cec       0x6c .\CortexM3\ARM_GCC_541\Debug\cyfitter_cfg.o
                0x00004cec                AMux_2_Set
 .text.AMux_2_Unset
                0x00004d58       0x74 .\CortexM3\ARM_GCC_541\Debug\cyfitter_cfg.o
                0x00004d58                AMux_2_Unset
 .text.Amux_Trigger_Set
                0x00004dcc       0x6c .\CortexM3\ARM_GCC_541\Debug\cyfitter_cfg.o
                0x00004dcc                Amux_Trigger_Set
 .text.Amux_Trigger_Unset
                0x00004e38       0x74 .\CortexM3\ARM_GCC_541\Debug\cyfitter_cfg.o
                0x00004e38                Amux_Trigger_Unset
 .text.cyfitter_cfg
                0x00004eac      0x1d4 .\CortexM3\ARM_GCC_541\Debug\cyfitter_cfg.o
                0x00004eac                cyfitter_cfg
 .text.IntDefaultHandler
                0x00005080       0x14 .\CortexM3\ARM_GCC_541\Debug\Cm3Start.o
                0x00005080                IntDefaultHandler
 .text._sbrk    0x00005094       0x50 .\CortexM3\ARM_GCC_541\Debug\Cm3Start.o
                0x00005094                _sbrk
 .text.Start_c  0x000050e4       0x98 .\CortexM3\ARM_GCC_541\Debug\Cm3Start.o
                0x000050e4                Start_c
 .text.initialize_psoc
                0x0000517c       0x94 .\CortexM3\ARM_GCC_541\Debug\Cm3Start.o
                0x0000517c                initialize_psoc
 .text.CyDmacConfigure
                0x00005210       0x5c .\CortexM3\ARM_GCC_541\Debug\Scope_KitProg.a(CyDmac.o)
                0x00005210                CyDmacConfigure
 .text.CyDmaChEnable
                0x0000526c       0x8c .\CortexM3\ARM_GCC_541\Debug\Scope_KitProg.a(CyDmac.o)
                0x0000526c                CyDmaChEnable
 .text.CyDmaChPriority
                0x000052f8       0x64 .\CortexM3\ARM_GCC_541\Debug\Scope_KitProg.a(CyDmac.o)
                0x000052f8                CyDmaChPriority
 .text.CyDmaChSetExtendedAddress
                0x0000535c       0x78 .\CortexM3\ARM_GCC_541\Debug\Scope_KitProg.a(CyDmac.o)
                0x0000535c                CyDmaChSetExtendedAddress
 .text.CyDmaChSetInitialTd
                0x000053d4       0x3c .\CortexM3\ARM_GCC_541\Debug\Scope_KitProg.a(CyDmac.o)
                0x000053d4                CyDmaChSetInitialTd
 .text.CyDmaChSetRequest
                0x00005410       0x58 .\CortexM3\ARM_GCC_541\Debug\Scope_KitProg.a(CyDmac.o)
                0x00005410                CyDmaChSetRequest
 .text.CyDmaChSetConfiguration
                0x00005468       0xa0 .\CortexM3\ARM_GCC_541\Debug\Scope_KitProg.a(CyDmac.o)
                0x00005468                CyDmaChSetConfiguration
 .text.CyDmaTdAllocate
                0x00005508       0x5c .\CortexM3\ARM_GCC_541\Debug\Scope_KitProg.a(CyDmac.o)
                0x00005508                CyDmaTdAllocate
 .text.CyDmaTdSetConfiguration
                0x00005564       0x80 .\CortexM3\ARM_GCC_541\Debug\Scope_KitProg.a(CyDmac.o)
                0x00005564                CyDmaTdSetConfiguration
 .text.CyDmaTdSetAddress
                0x000055e4       0x5c .\CortexM3\ARM_GCC_541\Debug\Scope_KitProg.a(CyDmac.o)
                0x000055e4                CyDmaTdSetAddress
 .text.CyDmaChRoundRobin
                0x00005640       0x70 .\CortexM3\ARM_GCC_541\Debug\Scope_KitProg.a(CyDmac.o)
                0x00005640                CyDmaChRoundRobin
 .text.CyHalt   0x000056b0       0x18 .\CortexM3\ARM_GCC_541\Debug\Scope_KitProg.a(CyLib.o)
                0x000056b0                CyHalt
 .text.CyDelayUs
                0x000056c8       0x28 .\CortexM3\ARM_GCC_541\Debug\Scope_KitProg.a(CyLib.o)
                0x000056c8                CyDelayUs
 .text.CyIntSetVector
                0x000056f0       0x50 .\CortexM3\ARM_GCC_541\Debug\Scope_KitProg.a(CyLib.o)
                0x000056f0                CyIntSetVector
 .text.CyIntSetPriority
                0x00005740       0x48 .\CortexM3\ARM_GCC_541\Debug\Scope_KitProg.a(CyLib.o)
                0x00005740                CyIntSetPriority
 .text.CyGetUniqueId
                0x00005788       0xc4 .\CortexM3\ARM_GCC_541\Debug\Scope_KitProg.a(CyLib.o)
                0x00005788                CyGetUniqueId
 .text.ADC_2_Start
                0x0000584c       0x24 .\CortexM3\ARM_GCC_541\Debug\Scope_KitProg.a(ADC_2.o)
                0x0000584c                ADC_2_Start
 .text.ADC_2_Init
                0x00005870       0x40 .\CortexM3\ARM_GCC_541\Debug\Scope_KitProg.a(ADC_2.o)
                0x00005870                ADC_2_Init
 .text.ADC_2_Enable
                0x000058b0       0xcc .\CortexM3\ARM_GCC_541\Debug\Scope_KitProg.a(ADC_2.o)
                0x000058b0                ADC_2_Enable
 .text.ADC_2_SetResolution
                0x0000597c       0x54 .\CortexM3\ARM_GCC_541\Debug\Scope_KitProg.a(ADC_2.o)
                0x0000597c                ADC_2_SetResolution
 .text.ADC_2_CalcGain
                0x000059d0       0x80 .\CortexM3\ARM_GCC_541\Debug\Scope_KitProg.a(ADC_2.o)
 .text.ADC_2_ISR
                0x00005a50        0xc .\CortexM3\ARM_GCC_541\Debug\Scope_KitProg.a(ADC_2_INT.o)
                0x00005a50                ADC_2_ISR
 .text.ADC_1_Start
                0x00005a5c       0x24 .\CortexM3\ARM_GCC_541\Debug\Scope_KitProg.a(ADC_1.o)
                0x00005a5c                ADC_1_Start
 .text.ADC_1_Init
                0x00005a80       0x40 .\CortexM3\ARM_GCC_541\Debug\Scope_KitProg.a(ADC_1.o)
                0x00005a80                ADC_1_Init
 .text.ADC_1_Enable
                0x00005ac0       0xcc .\CortexM3\ARM_GCC_541\Debug\Scope_KitProg.a(ADC_1.o)
                0x00005ac0                ADC_1_Enable
 .text.ADC_1_SetResolution
                0x00005b8c       0x54 .\CortexM3\ARM_GCC_541\Debug\Scope_KitProg.a(ADC_1.o)
                0x00005b8c                ADC_1_SetResolution
 .text.ADC_1_CalcGain
                0x00005be0       0x80 .\CortexM3\ARM_GCC_541\Debug\Scope_KitProg.a(ADC_1.o)
 .text.ADC_1_ISR
                0x00005c60        0xc .\CortexM3\ARM_GCC_541\Debug\Scope_KitProg.a(ADC_1_INT.o)
                0x00005c60                ADC_1_ISR
 .text.USBUART_Start
                0x00005c6c       0x3c .\CortexM3\ARM_GCC_541\Debug\Scope_KitProg.a(USBUART.o)
                0x00005c6c                USBUART_Start
 .text.USBUART_Init
                0x00005ca8      0x1a4 .\CortexM3\ARM_GCC_541\Debug\Scope_KitProg.a(USBUART.o)
                0x00005ca8                USBUART_Init
 .text.USBUART_InitComponent
                0x00005e4c      0x100 .\CortexM3\ARM_GCC_541\Debug\Scope_KitProg.a(USBUART.o)
                0x00005e4c                USBUART_InitComponent
 .text.USBUART_ReInitComponent
                0x00005f4c       0x68 .\CortexM3\ARM_GCC_541\Debug\Scope_KitProg.a(USBUART.o)
                0x00005f4c                USBUART_ReInitComponent
 .text.USBUART_GetConfiguration
                0x00005fb4       0x18 .\CortexM3\ARM_GCC_541\Debug\Scope_KitProg.a(USBUART.o)
                0x00005fb4                USBUART_GetConfiguration
 .text.USBUART_GetEPState
                0x00005fcc       0x2c .\CortexM3\ARM_GCC_541\Debug\Scope_KitProg.a(USBUART.o)
                0x00005fcc                USBUART_GetEPState
 .text.USBUART_GetEPCount
                0x00005ff8       0x60 .\CortexM3\ARM_GCC_541\Debug\Scope_KitProg.a(USBUART.o)
                0x00005ff8                USBUART_GetEPCount
 .text.USBUART_LoadInEP
                0x00006058      0x108 .\CortexM3\ARM_GCC_541\Debug\Scope_KitProg.a(USBUART.o)
                0x00006058                USBUART_LoadInEP
 .text.USBUART_ReadOutEP
                0x00006160       0x8c .\CortexM3\ARM_GCC_541\Debug\Scope_KitProg.a(USBUART.o)
                0x00006160                USBUART_ReadOutEP
 .text.USBUART_EnableOutEP
                0x000061ec       0x5c .\CortexM3\ARM_GCC_541\Debug\Scope_KitProg.a(USBUART.o)
                0x000061ec                USBUART_EnableOutEP
 .text.USBUART_DispatchCDCClassRqst
                0x00006248       0xe4 .\CortexM3\ARM_GCC_541\Debug\Scope_KitProg.a(USBUART_cdc.o)
                0x00006248                USBUART_DispatchCDCClassRqst
 .text.USBUART_GetInterfaceComPort
                0x0000632c       0x60 .\CortexM3\ARM_GCC_541\Debug\Scope_KitProg.a(USBUART_cdc.o)
                0x0000632c                USBUART_GetInterfaceComPort
 .text.USBUART_CDC_Init
                0x0000638c       0xa8 .\CortexM3\ARM_GCC_541\Debug\Scope_KitProg.a(USBUART_cdc.o)
                0x0000638c                USBUART_CDC_Init
 .text.USBUART_PutData
                0x00006434       0x6c .\CortexM3\ARM_GCC_541\Debug\Scope_KitProg.a(USBUART_cdc.o)
                0x00006434                USBUART_PutData
 .text.USBUART_StrLen
                0x000064a0       0x2c .\CortexM3\ARM_GCC_541\Debug\Scope_KitProg.a(USBUART_cdc.o)
 .text.USBUART_PutString
                0x000064cc       0xdc .\CortexM3\ARM_GCC_541\Debug\Scope_KitProg.a(USBUART_cdc.o)
                0x000064cc                USBUART_PutString
 .text.USBUART_PutChar
                0x000065a8       0x38 .\CortexM3\ARM_GCC_541\Debug\Scope_KitProg.a(USBUART_cdc.o)
                0x000065a8                USBUART_PutChar
 .text.USBUART_GetCount
                0x000065e0       0x54 .\CortexM3\ARM_GCC_541\Debug\Scope_KitProg.a(USBUART_cdc.o)
                0x000065e0                USBUART_GetCount
 .text.USBUART_DataIsReady
                0x00006634       0x24 .\CortexM3\ARM_GCC_541\Debug\Scope_KitProg.a(USBUART_cdc.o)
                0x00006634                USBUART_DataIsReady
 .text.USBUART_CDCIsReady
                0x00006658       0x24 .\CortexM3\ARM_GCC_541\Debug\Scope_KitProg.a(USBUART_cdc.o)
                0x00006658                USBUART_CDCIsReady
 .text.USBUART_GetAll
                0x0000667c       0x4c .\CortexM3\ARM_GCC_541\Debug\Scope_KitProg.a(USBUART_cdc.o)
                0x0000667c                USBUART_GetAll
 .text.USBUART_IsLineChanged
                0x000066c8       0x54 .\CortexM3\ARM_GCC_541\Debug\Scope_KitProg.a(USBUART_cdc.o)
                0x000066c8                USBUART_IsLineChanged
 .text.USBUART_Cdc_EpInit
                0x0000671c       0x90 .\CortexM3\ARM_GCC_541\Debug\Scope_KitProg.a(USBUART_cdc.o)
                0x0000671c                USBUART_Cdc_EpInit
 .text.USBUART_EP_0_ISR
                0x000067ac       0xf8 .\CortexM3\ARM_GCC_541\Debug\Scope_KitProg.a(USBUART_drv.o)
                0x000067ac                USBUART_EP_0_ISR
 .text.USBUART_HandleSetup
                0x000068a4       0x88 .\CortexM3\ARM_GCC_541\Debug\Scope_KitProg.a(USBUART_drv.o)
                0x000068a4                USBUART_HandleSetup
 .text.USBUART_HandleIN
                0x0000692c       0x4c .\CortexM3\ARM_GCC_541\Debug\Scope_KitProg.a(USBUART_drv.o)
                0x0000692c                USBUART_HandleIN
 .text.USBUART_HandleOUT
                0x00006978       0x58 .\CortexM3\ARM_GCC_541\Debug\Scope_KitProg.a(USBUART_drv.o)
                0x00006978                USBUART_HandleOUT
 .text.USBUART_LoadEP0
                0x000069d0       0xd0 .\CortexM3\ARM_GCC_541\Debug\Scope_KitProg.a(USBUART_drv.o)
                0x000069d0                USBUART_LoadEP0
 .text.USBUART_InitControlRead
                0x00006aa0       0x70 .\CortexM3\ARM_GCC_541\Debug\Scope_KitProg.a(USBUART_drv.o)
                0x00006aa0                USBUART_InitControlRead
 .text.USBUART_InitZeroLengthControlTransfer
                0x00006b10       0x40 .\CortexM3\ARM_GCC_541\Debug\Scope_KitProg.a(USBUART_drv.o)
                0x00006b10                USBUART_InitZeroLengthControlTransfer
 .text.USBUART_ControlReadDataStage
                0x00006b50        0xc .\CortexM3\ARM_GCC_541\Debug\Scope_KitProg.a(USBUART_drv.o)
                0x00006b50                USBUART_ControlReadDataStage
 .text.USBUART_ControlReadStatusStage
                0x00006b5c       0x40 .\CortexM3\ARM_GCC_541\Debug\Scope_KitProg.a(USBUART_drv.o)
                0x00006b5c                USBUART_ControlReadStatusStage
 .text.USBUART_InitControlWrite
                0x00006b9c       0x64 .\CortexM3\ARM_GCC_541\Debug\Scope_KitProg.a(USBUART_drv.o)
                0x00006b9c                USBUART_InitControlWrite
 .text.USBUART_ControlWriteDataStage
                0x00006c00       0xb4 .\CortexM3\ARM_GCC_541\Debug\Scope_KitProg.a(USBUART_drv.o)
                0x00006c00                USBUART_ControlWriteDataStage
 .text.USBUART_ControlWriteStatusStage
                0x00006cb4       0x24 .\CortexM3\ARM_GCC_541\Debug\Scope_KitProg.a(USBUART_drv.o)
                0x00006cb4                USBUART_ControlWriteStatusStage
 .text.USBUART_InitNoDataControlTransfer
                0x00006cd8       0x38 .\CortexM3\ARM_GCC_541\Debug\Scope_KitProg.a(USBUART_drv.o)
                0x00006cd8                USBUART_InitNoDataControlTransfer
 .text.USBUART_NoDataControlStatusStage
                0x00006d10       0x4c .\CortexM3\ARM_GCC_541\Debug\Scope_KitProg.a(USBUART_drv.o)
                0x00006d10                USBUART_NoDataControlStatusStage
 .text.USBUART_UpdateStatusBlock
                0x00006d5c       0x40 .\CortexM3\ARM_GCC_541\Debug\Scope_KitProg.a(USBUART_drv.o)
                0x00006d5c                USBUART_UpdateStatusBlock
 .text.USBUART_InitializeStatusBlock
                0x00006d9c       0x34 .\CortexM3\ARM_GCC_541\Debug\Scope_KitProg.a(USBUART_drv.o)
                0x00006d9c                USBUART_InitializeStatusBlock
 .text.USBUART_EP_1_ISR
                0x00006dd0       0x48 .\CortexM3\ARM_GCC_541\Debug\Scope_KitProg.a(USBUART_episr.o)
                0x00006dd0                USBUART_EP_1_ISR
 .text.USBUART_EP_2_ISR
                0x00006e18       0x4c .\CortexM3\ARM_GCC_541\Debug\Scope_KitProg.a(USBUART_episr.o)
                0x00006e18                USBUART_EP_2_ISR
 .text.USBUART_EP_3_ISR
                0x00006e64       0x54 .\CortexM3\ARM_GCC_541\Debug\Scope_KitProg.a(USBUART_episr.o)
                0x00006e64                USBUART_EP_3_ISR
 .text.USBUART_SOF_ISR
                0x00006eb8        0xc .\CortexM3\ARM_GCC_541\Debug\Scope_KitProg.a(USBUART_episr.o)
                0x00006eb8                USBUART_SOF_ISR
 .text.USBUART_BUS_RESET_ISR
                0x00006ec4        0xc .\CortexM3\ARM_GCC_541\Debug\Scope_KitProg.a(USBUART_episr.o)
                0x00006ec4                USBUART_BUS_RESET_ISR
 .text.USBUART_DP_ISR
                0x00006ed0        0xc .\CortexM3\ARM_GCC_541\Debug\Scope_KitProg.a(USBUART_pm.o)
                0x00006ed0                USBUART_DP_ISR
 .text.USBUART_HandleStandardRqst
                0x00006edc      0x4a4 .\CortexM3\ARM_GCC_541\Debug\Scope_KitProg.a(USBUART_std.o)
                0x00006edc                USBUART_HandleStandardRqst
 .text.USBUART_ReadDieID
                0x00007380       0xd8 .\CortexM3\ARM_GCC_541\Debug\Scope_KitProg.a(USBUART_std.o)
                0x00007380                USBUART_ReadDieID
 .text.USBUART_ConfigReg
                0x00007458      0x138 .\CortexM3\ARM_GCC_541\Debug\Scope_KitProg.a(USBUART_std.o)
                0x00007458                USBUART_ConfigReg
 .text.USBUART_Config
                0x00007590      0x3a4 .\CortexM3\ARM_GCC_541\Debug\Scope_KitProg.a(USBUART_std.o)
                0x00007590                USBUART_Config
 .text.USBUART_ConfigAltChanged
                0x00007934      0x25c .\CortexM3\ARM_GCC_541\Debug\Scope_KitProg.a(USBUART_std.o)
                0x00007934                USBUART_ConfigAltChanged
 .text.USBUART_GetConfigTablePtr
                0x00007b90       0x50 .\CortexM3\ARM_GCC_541\Debug\Scope_KitProg.a(USBUART_std.o)
                0x00007b90                USBUART_GetConfigTablePtr
 .text.USBUART_GetDeviceTablePtr
                0x00007be0       0x24 .\CortexM3\ARM_GCC_541\Debug\Scope_KitProg.a(USBUART_std.o)
                0x00007be0                USBUART_GetDeviceTablePtr
 .text.USBUART_GetInterfaceClassTablePtr
                0x00007c04       0x4c .\CortexM3\ARM_GCC_541\Debug\Scope_KitProg.a(USBUART_std.o)
                0x00007c04                USBUART_GetInterfaceClassTablePtr
 .text.USBUART_SetEndpointHalt
                0x00007c50       0xe8 .\CortexM3\ARM_GCC_541\Debug\Scope_KitProg.a(USBUART_std.o)
                0x00007c50                USBUART_SetEndpointHalt
 .text.USBUART_ClearEndpointHalt
                0x00007d38      0x158 .\CortexM3\ARM_GCC_541\Debug\Scope_KitProg.a(USBUART_std.o)
                0x00007d38                USBUART_ClearEndpointHalt
 .text.USBUART_ValidateAlternateSetting
                0x00007e90       0x70 .\CortexM3\ARM_GCC_541\Debug\Scope_KitProg.a(USBUART_std.o)
                0x00007e90                USBUART_ValidateAlternateSetting
 .text.USBUART_HandleVendorRqst
                0x00007f00       0x54 .\CortexM3\ARM_GCC_541\Debug\Scope_KitProg.a(USBUART_vnd.o)
                0x00007f00                USBUART_HandleVendorRqst
 .text.SampleClock_SetDividerRegister
                0x00007f54      0x164 .\CortexM3\ARM_GCC_541\Debug\Scope_KitProg.a(SampleClock.o)
                0x00007f54                SampleClock_SetDividerRegister
 .text.SampleClock_GetDividerRegister
                0x000080b8       0x18 .\CortexM3\ARM_GCC_541\Debug\Scope_KitProg.a(SampleClock.o)
                0x000080b8                SampleClock_GetDividerRegister
 .text.SampleClock_GetSourceRegister
                0x000080d0       0x1c .\CortexM3\ARM_GCC_541\Debug\Scope_KitProg.a(SampleClock.o)
                0x000080d0                SampleClock_GetSourceRegister
 .text.Vtrigger_Init
                0x000080ec       0x28 .\CortexM3\ARM_GCC_541\Debug\Scope_KitProg.a(Vtrigger.o)
                0x000080ec                Vtrigger_Init
 .text.Vtrigger_Enable
                0x00008114       0x34 .\CortexM3\ARM_GCC_541\Debug\Scope_KitProg.a(Vtrigger.o)
                0x00008114                Vtrigger_Enable
 .text.Vtrigger_Start
                0x00008148       0x28 .\CortexM3\ARM_GCC_541\Debug\Scope_KitProg.a(Vtrigger.o)
                0x00008148                Vtrigger_Start
 .text.Vtrigger_SetSpeed
                0x00008170       0x40 .\CortexM3\ARM_GCC_541\Debug\Scope_KitProg.a(Vtrigger.o)
                0x00008170                Vtrigger_SetSpeed
 .text.Vtrigger_SetRange
                0x000081b0       0x40 .\CortexM3\ARM_GCC_541\Debug\Scope_KitProg.a(Vtrigger.o)
                0x000081b0                Vtrigger_SetRange
 .text.Vtrigger_SetValue
                0x000081f0       0x20 .\CortexM3\ARM_GCC_541\Debug\Scope_KitProg.a(Vtrigger.o)
                0x000081f0                Vtrigger_SetValue
 .text.Vtrigger_DacTrim
                0x00008210       0x3c .\CortexM3\ARM_GCC_541\Debug\Scope_KitProg.a(Vtrigger.o)
                0x00008210                Vtrigger_DacTrim
 .text.Amux_Trigger_FastSelect
                0x0000824c       0x38 .\CortexM3\ARM_GCC_541\Debug\Scope_KitProg.a(Amux_Trigger.o)
                0x0000824c                Amux_Trigger_FastSelect
 .text.DMA_Channel_1_DmaInitialize
                0x00008284       0x64 .\CortexM3\ARM_GCC_541\Debug\Scope_KitProg.a(DMA_Channel_1_dma.o)
                0x00008284                DMA_Channel_1_DmaInitialize
 .text.DMA_Channel_2_DmaInitialize
                0x000082e8       0x64 .\CortexM3\ARM_GCC_541\Debug\Scope_KitProg.a(DMA_Channel_2_dma.o)
                0x000082e8                DMA_Channel_2_DmaInitialize
 .text.PWM_Sample_Buffer_Start
                0x0000834c       0x24 .\CortexM3\ARM_GCC_541\Debug\Scope_KitProg.a(PWM_Sample_Buffer.o)
                0x0000834c                PWM_Sample_Buffer_Start
 .text.PWM_Sample_Buffer_Init
                0x00008370       0x94 .\CortexM3\ARM_GCC_541\Debug\Scope_KitProg.a(PWM_Sample_Buffer.o)
                0x00008370                PWM_Sample_Buffer_Init
 .text.PWM_Sample_Buffer_Enable
                0x00008404       0x20 .\CortexM3\ARM_GCC_541\Debug\Scope_KitProg.a(PWM_Sample_Buffer.o)
                0x00008404                PWM_Sample_Buffer_Enable
 .text.PWM_Sample_Buffer_WriteCounter
                0x00008424       0x20 .\CortexM3\ARM_GCC_541\Debug\Scope_KitProg.a(PWM_Sample_Buffer.o)
                0x00008424                PWM_Sample_Buffer_WriteCounter
 .text.PWM_Sample_Buffer_ClearFIFO
                0x00008444       0x1c .\CortexM3\ARM_GCC_541\Debug\Scope_KitProg.a(PWM_Sample_Buffer.o)
                0x00008444                PWM_Sample_Buffer_ClearFIFO
 .text.PWM_Sample_Buffer_WritePeriod
                0x00008460       0x20 .\CortexM3\ARM_GCC_541\Debug\Scope_KitProg.a(PWM_Sample_Buffer.o)
                0x00008460                PWM_Sample_Buffer_WritePeriod
 .text.PWM_Sample_Buffer_WriteCompare
                0x00008480       0x20 .\CortexM3\ARM_GCC_541\Debug\Scope_KitProg.a(PWM_Sample_Buffer.o)
                0x00008480                PWM_Sample_Buffer_WriteCompare
 .text.PWM_Sample_Buffer_SetInterruptMode
                0x000084a0       0x20 .\CortexM3\ARM_GCC_541\Debug\Scope_KitProg.a(PWM_Sample_Buffer.o)
                0x000084a0                PWM_Sample_Buffer_SetInterruptMode
 .text.PWM_Sample_Buffer_ReadStatusRegister
                0x000084c0       0x18 .\CortexM3\ARM_GCC_541\Debug\Scope_KitProg.a(PWM_Sample_Buffer.o)
                0x000084c0                PWM_Sample_Buffer_ReadStatusRegister
 .text.PWM_Sample_Buffer_ReadCapture
                0x000084d8       0x18 .\CortexM3\ARM_GCC_541\Debug\Scope_KitProg.a(PWM_Sample_Buffer.o)
                0x000084d8                PWM_Sample_Buffer_ReadCapture
 .text.USBUART_Dp_ClearInterrupt
                0x000084f0       0x20 .\CortexM3\ARM_GCC_541\Debug\Scope_KitProg.a(USBUART_Dp.o)
                0x000084f0                USBUART_Dp_ClearInterrupt
 .text.Trigger_Control_Write
                0x00008510       0x20 .\CortexM3\ARM_GCC_541\Debug\Scope_KitProg.a(Trigger_Control.o)
                0x00008510                Trigger_Control_Write
 .text.Trigger_Control_Read
                0x00008530       0x18 .\CortexM3\ARM_GCC_541\Debug\Scope_KitProg.a(Trigger_Control.o)
                0x00008530                Trigger_Control_Read
 .text.Trigger_Status_Read
                0x00008548       0x18 .\CortexM3\ARM_GCC_541\Debug\Scope_KitProg.a(Trigger_Status.o)
                0x00008548                Trigger_Status_Read
 .text.Trigger_Comp_Init
                0x00008560       0x68 .\CortexM3\ARM_GCC_541\Debug\Scope_KitProg.a(Trigger_Comp.o)
                0x00008560                Trigger_Comp_Init
 .text.Trigger_Comp_Enable
                0x000085c8       0x34 .\CortexM3\ARM_GCC_541\Debug\Scope_KitProg.a(Trigger_Comp.o)
                0x000085c8                Trigger_Comp_Enable
 .text.Trigger_Comp_Start
                0x000085fc       0x24 .\CortexM3\ARM_GCC_541\Debug\Scope_KitProg.a(Trigger_Comp.o)
                0x000085fc                Trigger_Comp_Start
 .text.Trigger_Comp_SetSpeed
                0x00008620       0x84 .\CortexM3\ARM_GCC_541\Debug\Scope_KitProg.a(Trigger_Comp.o)
                0x00008620                Trigger_Comp_SetSpeed
 .text.PRS_Init
                0x000086a4       0x24 .\CortexM3\ARM_GCC_541\Debug\Scope_KitProg.a(PRS.o)
                0x000086a4                PRS_Init
 .text.PRS_Enable
                0x000086c8       0x20 .\CortexM3\ARM_GCC_541\Debug\Scope_KitProg.a(PRS.o)
                0x000086c8                PRS_Enable
 .text.PRS_Start
                0x000086e8       0x24 .\CortexM3\ARM_GCC_541\Debug\Scope_KitProg.a(PRS.o)
                0x000086e8                PRS_Start
 .text.PRS_ResetSeedInit
                0x0000870c       0x54 .\CortexM3\ARM_GCC_541\Debug\Scope_KitProg.a(PRS.o)
                0x0000870c                PRS_ResetSeedInit
 .text.PRS_WriteSeed
                0x00008760       0x20 .\CortexM3\ARM_GCC_541\Debug\Scope_KitProg.a(PRS.o)
                0x00008760                PRS_WriteSeed
 .text.PRS_WritePolynomial
                0x00008780       0x20 .\CortexM3\ARM_GCC_541\Debug\Scope_KitProg.a(PRS.o)
                0x00008780                PRS_WritePolynomial
 .text.Wave_Control_Write
                0x000087a0       0x20 .\CortexM3\ARM_GCC_541\Debug\Scope_KitProg.a(Wave_Control.o)
                0x000087a0                Wave_Control_Write
 .text.Wave_Control_Read
                0x000087c0       0x18 .\CortexM3\ARM_GCC_541\Debug\Scope_KitProg.a(Wave_Control.o)
                0x000087c0                Wave_Control_Read
 .text.AuxDAC_Buf_Init
                0x000087d8       0x10 .\CortexM3\ARM_GCC_541\Debug\Scope_KitProg.a(AuxDAC_Buf.o)
                0x000087d8                AuxDAC_Buf_Init
 .text.AuxDAC_Buf_Enable
                0x000087e8       0x48 .\CortexM3\ARM_GCC_541\Debug\Scope_KitProg.a(AuxDAC_Buf.o)
                0x000087e8                AuxDAC_Buf_Enable
 .text.AuxDAC_Buf_Start
                0x00008830       0x24 .\CortexM3\ARM_GCC_541\Debug\Scope_KitProg.a(AuxDAC_Buf.o)
                0x00008830                AuxDAC_Buf_Start
 .text.AuxDAC_Buf_SetPower
                0x00008854       0x40 .\CortexM3\ARM_GCC_541\Debug\Scope_KitProg.a(AuxDAC_Buf.o)
                0x00008854                AuxDAC_Buf_SetPower
 .text.AuxDAC_1_Init
                0x00008894       0x28 .\CortexM3\ARM_GCC_541\Debug\Scope_KitProg.a(AuxDAC_1.o)
                0x00008894                AuxDAC_1_Init
 .text.AuxDAC_1_Enable
                0x000088bc       0x34 .\CortexM3\ARM_GCC_541\Debug\Scope_KitProg.a(AuxDAC_1.o)
                0x000088bc                AuxDAC_1_Enable
 .text.AuxDAC_1_Start
                0x000088f0       0x28 .\CortexM3\ARM_GCC_541\Debug\Scope_KitProg.a(AuxDAC_1.o)
                0x000088f0                AuxDAC_1_Start
 .text.AuxDAC_1_SetSpeed
                0x00008918       0x40 .\CortexM3\ARM_GCC_541\Debug\Scope_KitProg.a(AuxDAC_1.o)
                0x00008918                AuxDAC_1_SetSpeed
 .text.AuxDAC_1_SetRange
                0x00008958       0x40 .\CortexM3\ARM_GCC_541\Debug\Scope_KitProg.a(AuxDAC_1.o)
                0x00008958                AuxDAC_1_SetRange
 .text.AuxDAC_1_SetValue
                0x00008998       0x20 .\CortexM3\ARM_GCC_541\Debug\Scope_KitProg.a(AuxDAC_1.o)
                0x00008998                AuxDAC_1_SetValue
 .text.AuxDAC_1_DacTrim
                0x000089b8       0x3c .\CortexM3\ARM_GCC_541\Debug\Scope_KitProg.a(AuxDAC_1.o)
                0x000089b8                AuxDAC_1_DacTrim
 .text.ScopeA_Buf_Init
                0x000089f4       0x3c .\CortexM3\ARM_GCC_541\Debug\Scope_KitProg.a(ScopeA_Buf.o)
                0x000089f4                ScopeA_Buf_Init
 .text.ScopeA_Buf_Enable
                0x00008a30       0x48 .\CortexM3\ARM_GCC_541\Debug\Scope_KitProg.a(ScopeA_Buf.o)
                0x00008a30                ScopeA_Buf_Enable
 .text.ScopeA_Buf_Start
                0x00008a78       0x24 .\CortexM3\ARM_GCC_541\Debug\Scope_KitProg.a(ScopeA_Buf.o)
                0x00008a78                ScopeA_Buf_Start
 .text.ScopeA_Buf_SetPower
                0x00008a9c       0x38 .\CortexM3\ARM_GCC_541\Debug\Scope_KitProg.a(ScopeA_Buf.o)
                0x00008a9c                ScopeA_Buf_SetPower
 .text.ScopeA_Buf_SetGain
                0x00008ad4       0xbc .\CortexM3\ARM_GCC_541\Debug\Scope_KitProg.a(ScopeA_Buf.o)
                0x00008ad4                ScopeA_Buf_SetGain
 .text.ScopeB_Buf_Init
                0x00008b90       0x3c .\CortexM3\ARM_GCC_541\Debug\Scope_KitProg.a(ScopeB_Buf.o)
                0x00008b90                ScopeB_Buf_Init
 .text.ScopeB_Buf_Enable
                0x00008bcc       0x48 .\CortexM3\ARM_GCC_541\Debug\Scope_KitProg.a(ScopeB_Buf.o)
                0x00008bcc                ScopeB_Buf_Enable
 .text.ScopeB_Buf_Start
                0x00008c14       0x24 .\CortexM3\ARM_GCC_541\Debug\Scope_KitProg.a(ScopeB_Buf.o)
                0x00008c14                ScopeB_Buf_Start
 .text.ScopeB_Buf_SetPower
                0x00008c38       0x38 .\CortexM3\ARM_GCC_541\Debug\Scope_KitProg.a(ScopeB_Buf.o)
                0x00008c38                ScopeB_Buf_SetPower
 .text.ScopeB_Buf_SetGain
                0x00008c70       0xbc .\CortexM3\ARM_GCC_541\Debug\Scope_KitProg.a(ScopeB_Buf.o)
                0x00008c70                ScopeB_Buf_SetGain
 .text.WaveA_DAC_Init
                0x00008d2c       0x54 .\CortexM3\ARM_GCC_541\Debug\Scope_KitProg.a(WaveA_DAC.o)
                0x00008d2c                WaveA_DAC_Init
 .text.WaveA_DAC_Enable
                0x00008d80       0x34 .\CortexM3\ARM_GCC_541\Debug\Scope_KitProg.a(WaveA_DAC.o)
                0x00008d80                WaveA_DAC_Enable
 .text.WaveA_DAC_Start
                0x00008db4       0x24 .\CortexM3\ARM_GCC_541\Debug\Scope_KitProg.a(WaveA_DAC.o)
                0x00008db4                WaveA_DAC_Start
 .text.WaveA_DAC_Wave1Setup
                0x00008dd8       0x68 .\CortexM3\ARM_GCC_541\Debug\Scope_KitProg.a(WaveA_DAC.o)
                0x00008dd8                WaveA_DAC_Wave1Setup
 .text.WaveA_DAC_Wave2Setup
                0x00008e40       0x68 .\CortexM3\ARM_GCC_541\Debug\Scope_KitProg.a(WaveA_DAC.o)
                0x00008e40                WaveA_DAC_Wave2Setup
 .text.WaveA_Buf_Init
                0x00008ea8       0x10 .\CortexM3\ARM_GCC_541\Debug\Scope_KitProg.a(WaveA_Buf.o)
                0x00008ea8                WaveA_Buf_Init
 .text.WaveA_Buf_Enable
                0x00008eb8       0x48 .\CortexM3\ARM_GCC_541\Debug\Scope_KitProg.a(WaveA_Buf.o)
                0x00008eb8                WaveA_Buf_Enable
 .text.WaveA_Buf_Start
                0x00008f00       0x24 .\CortexM3\ARM_GCC_541\Debug\Scope_KitProg.a(WaveA_Buf.o)
                0x00008f00                WaveA_Buf_Start
 .text.WaveA_Buf_SetPower
                0x00008f24       0x40 .\CortexM3\ARM_GCC_541\Debug\Scope_KitProg.a(WaveA_Buf.o)
                0x00008f24                WaveA_Buf_SetPower
 .text.WaveA_Clock_SetDividerRegister
                0x00008f64      0x164 .\CortexM3\ARM_GCC_541\Debug\Scope_KitProg.a(WaveA_Clock.o)
                0x00008f64                WaveA_Clock_SetDividerRegister
 .text.WaveA_Clock_GetDividerRegister
                0x000090c8       0x18 .\CortexM3\ARM_GCC_541\Debug\Scope_KitProg.a(WaveA_Clock.o)
                0x000090c8                WaveA_Clock_GetDividerRegister
 .text.WaveA_Clock_GetSourceRegister
                0x000090e0       0x1c .\CortexM3\ARM_GCC_541\Debug\Scope_KitProg.a(WaveA_Clock.o)
                0x000090e0                WaveA_Clock_GetSourceRegister
 .text.WaveB_Buf_Init
                0x000090fc       0x10 .\CortexM3\ARM_GCC_541\Debug\Scope_KitProg.a(WaveB_Buf.o)
                0x000090fc                WaveB_Buf_Init
 .text.WaveB_Buf_Enable
                0x0000910c       0x48 .\CortexM3\ARM_GCC_541\Debug\Scope_KitProg.a(WaveB_Buf.o)
                0x0000910c                WaveB_Buf_Enable
 .text.WaveB_Buf_Start
                0x00009154       0x24 .\CortexM3\ARM_GCC_541\Debug\Scope_KitProg.a(WaveB_Buf.o)
                0x00009154                WaveB_Buf_Start
 .text.WaveB_Buf_SetPower
                0x00009178       0x40 .\CortexM3\ARM_GCC_541\Debug\Scope_KitProg.a(WaveB_Buf.o)
                0x00009178                WaveB_Buf_SetPower
 .text.WaveB_DAC_Init
                0x000091b8       0x54 .\CortexM3\ARM_GCC_541\Debug\Scope_KitProg.a(WaveB_DAC.o)
                0x000091b8                WaveB_DAC_Init
 .text.WaveB_DAC_Enable
                0x0000920c       0x34 .\CortexM3\ARM_GCC_541\Debug\Scope_KitProg.a(WaveB_DAC.o)
                0x0000920c                WaveB_DAC_Enable
 .text.WaveB_DAC_Start
                0x00009240       0x24 .\CortexM3\ARM_GCC_541\Debug\Scope_KitProg.a(WaveB_DAC.o)
                0x00009240                WaveB_DAC_Start
 .text.WaveB_DAC_Wave1Setup
                0x00009264       0x68 .\CortexM3\ARM_GCC_541\Debug\Scope_KitProg.a(WaveB_DAC.o)
                0x00009264                WaveB_DAC_Wave1Setup
 .text.WaveB_DAC_Wave2Setup
                0x000092cc       0x68 .\CortexM3\ARM_GCC_541\Debug\Scope_KitProg.a(WaveB_DAC.o)
                0x000092cc                WaveB_DAC_Wave2Setup
 .text.WaveB_Clock_SetDividerRegister
                0x00009334      0x164 .\CortexM3\ARM_GCC_541\Debug\Scope_KitProg.a(WaveB_Clock.o)
                0x00009334                WaveB_Clock_SetDividerRegister
 .text.WaveB_Clock_GetDividerRegister
                0x00009498       0x18 .\CortexM3\ARM_GCC_541\Debug\Scope_KitProg.a(WaveB_Clock.o)
                0x00009498                WaveB_Clock_GetDividerRegister
 .text.WaveB_Clock_GetSourceRegister
                0x000094b0       0x1c .\CortexM3\ARM_GCC_541\Debug\Scope_KitProg.a(WaveB_Clock.o)
                0x000094b0                WaveB_Clock_GetSourceRegister
 .text.WaveA_DAC_Wave1_DMA_DmaInitialize
                0x000094cc       0x64 .\CortexM3\ARM_GCC_541\Debug\Scope_KitProg.a(WaveA_DAC_Wave1_DMA_dma.o)
                0x000094cc                WaveA_DAC_Wave1_DMA_DmaInitialize
 .text.WaveA_DAC_Wave2_DMA_DmaInitialize
                0x00009530       0x64 .\CortexM3\ARM_GCC_541\Debug\Scope_KitProg.a(WaveA_DAC_Wave2_DMA_dma.o)
                0x00009530                WaveA_DAC_Wave2_DMA_DmaInitialize
 .text.WaveA_DAC_VDAC8_Init
                0x00009594       0x3c .\CortexM3\ARM_GCC_541\Debug\Scope_KitProg.a(WaveA_DAC_VDAC8.o)
                0x00009594                WaveA_DAC_VDAC8_Init
 .text.WaveA_DAC_VDAC8_Enable
                0x000095d0       0x34 .\CortexM3\ARM_GCC_541\Debug\Scope_KitProg.a(WaveA_DAC_VDAC8.o)
                0x000095d0                WaveA_DAC_VDAC8_Enable
 .text.WaveA_DAC_VDAC8_SetSpeed
                0x00009604       0x40 .\CortexM3\ARM_GCC_541\Debug\Scope_KitProg.a(WaveA_DAC_VDAC8.o)
                0x00009604                WaveA_DAC_VDAC8_SetSpeed
 .text.WaveA_DAC_VDAC8_SetRange
                0x00009644       0x40 .\CortexM3\ARM_GCC_541\Debug\Scope_KitProg.a(WaveA_DAC_VDAC8.o)
                0x00009644                WaveA_DAC_VDAC8_SetRange
 .text.WaveA_DAC_VDAC8_SetValue
                0x00009684       0x20 .\CortexM3\ARM_GCC_541\Debug\Scope_KitProg.a(WaveA_DAC_VDAC8.o)
                0x00009684                WaveA_DAC_VDAC8_SetValue
 .text.WaveA_DAC_VDAC8_DacTrim
                0x000096a4       0x3c .\CortexM3\ARM_GCC_541\Debug\Scope_KitProg.a(WaveA_DAC_VDAC8.o)
                0x000096a4                WaveA_DAC_VDAC8_DacTrim
 .text.WaveB_DAC_Wave1_DMA_DmaInitialize
                0x000096e0       0x64 .\CortexM3\ARM_GCC_541\Debug\Scope_KitProg.a(WaveB_DAC_Wave1_DMA_dma.o)
                0x000096e0                WaveB_DAC_Wave1_DMA_DmaInitialize
 .text.WaveB_DAC_Wave2_DMA_DmaInitialize
                0x00009744       0x64 .\CortexM3\ARM_GCC_541\Debug\Scope_KitProg.a(WaveB_DAC_Wave2_DMA_dma.o)
                0x00009744                WaveB_DAC_Wave2_DMA_DmaInitialize
 .text.WaveB_DAC_VDAC8_Init
                0x000097a8       0x3c .\CortexM3\ARM_GCC_541\Debug\Scope_KitProg.a(WaveB_DAC_VDAC8.o)
                0x000097a8                WaveB_DAC_VDAC8_Init
 .text.WaveB_DAC_VDAC8_Enable
                0x000097e4       0x34 .\CortexM3\ARM_GCC_541\Debug\Scope_KitProg.a(WaveB_DAC_VDAC8.o)
                0x000097e4                WaveB_DAC_VDAC8_Enable
 .text.WaveB_DAC_VDAC8_SetSpeed
                0x00009818       0x40 .\CortexM3\ARM_GCC_541\Debug\Scope_KitProg.a(WaveB_DAC_VDAC8.o)
                0x00009818                WaveB_DAC_VDAC8_SetSpeed
 .text.WaveB_DAC_VDAC8_SetRange
                0x00009858       0x40 .\CortexM3\ARM_GCC_541\Debug\Scope_KitProg.a(WaveB_DAC_VDAC8.o)
                0x00009858                WaveB_DAC_VDAC8_SetRange
 .text.WaveB_DAC_VDAC8_SetValue
                0x00009898       0x20 .\CortexM3\ARM_GCC_541\Debug\Scope_KitProg.a(WaveB_DAC_VDAC8.o)
                0x00009898                WaveB_DAC_VDAC8_SetValue
 .text.WaveB_DAC_VDAC8_DacTrim
                0x000098b8       0x3c .\CortexM3\ARM_GCC_541\Debug\Scope_KitProg.a(WaveB_DAC_VDAC8.o)
                0x000098b8                WaveB_DAC_VDAC8_DacTrim
 .text.NoiseA_Clock_SetDividerRegister
                0x000098f4      0x164 .\CortexM3\ARM_GCC_541\Debug\Scope_KitProg.a(NoiseA_Clock.o)
                0x000098f4                NoiseA_Clock_SetDividerRegister
 .text.NoiseA_Clock_GetDividerRegister
                0x00009a58       0x18 .\CortexM3\ARM_GCC_541\Debug\Scope_KitProg.a(NoiseA_Clock.o)
                0x00009a58                NoiseA_Clock_GetDividerRegister
 .text.NoiseA_Clock_GetSourceRegister
                0x00009a70       0x1c .\CortexM3\ARM_GCC_541\Debug\Scope_KitProg.a(NoiseA_Clock.o)
                0x00009a70                NoiseA_Clock_GetSourceRegister
 .text.Dig_PWM_Start
                0x00009a8c       0x24 .\CortexM3\ARM_GCC_541\Debug\Scope_KitProg.a(Dig_PWM.o)
                0x00009a8c                Dig_PWM_Start
 .text.Dig_PWM_Init
                0x00009ab0       0x7c .\CortexM3\ARM_GCC_541\Debug\Scope_KitProg.a(Dig_PWM.o)
                0x00009ab0                Dig_PWM_Init
 .text.Dig_PWM_Enable
                0x00009b2c       0x20 .\CortexM3\ARM_GCC_541\Debug\Scope_KitProg.a(Dig_PWM.o)
                0x00009b2c                Dig_PWM_Enable
 .text.Dig_PWM_WriteCounter
                0x00009b4c       0x20 .\CortexM3\ARM_GCC_541\Debug\Scope_KitProg.a(Dig_PWM.o)
                0x00009b4c                Dig_PWM_WriteCounter
 .text.Dig_PWM_ClearFIFO
                0x00009b6c       0x1c .\CortexM3\ARM_GCC_541\Debug\Scope_KitProg.a(Dig_PWM.o)
                0x00009b6c                Dig_PWM_ClearFIFO
 .text.Dig_PWM_WritePeriod
                0x00009b88       0x20 .\CortexM3\ARM_GCC_541\Debug\Scope_KitProg.a(Dig_PWM.o)
                0x00009b88                Dig_PWM_WritePeriod
 .text.Dig_PWM_WriteCompare
                0x00009ba8       0x20 .\CortexM3\ARM_GCC_541\Debug\Scope_KitProg.a(Dig_PWM.o)
                0x00009ba8                Dig_PWM_WriteCompare
 .text.Dig_PWM_SetInterruptMode
                0x00009bc8       0x20 .\CortexM3\ARM_GCC_541\Debug\Scope_KitProg.a(Dig_PWM.o)
                0x00009bc8                Dig_PWM_SetInterruptMode
 .text.Dig_PWM_ReadStatusRegister
                0x00009be8       0x18 .\CortexM3\ARM_GCC_541\Debug\Scope_KitProg.a(Dig_PWM.o)
                0x00009be8                Dig_PWM_ReadStatusRegister
 .text.Dig_PWM_ReadCapture
                0x00009c00       0x18 .\CortexM3\ARM_GCC_541\Debug\Scope_KitProg.a(Dig_PWM.o)
                0x00009c00                Dig_PWM_ReadCapture
 .text.Dig_PWM_Clock_Start
                0x00009c18       0x34 .\CortexM3\ARM_GCC_541\Debug\Scope_KitProg.a(Dig_PWM_Clock.o)
                0x00009c18                Dig_PWM_Clock_Start
 .text.Dig_PWM_Clock_SetDividerRegister
                0x00009c4c      0x164 .\CortexM3\ARM_GCC_541\Debug\Scope_KitProg.a(Dig_PWM_Clock.o)
                0x00009c4c                Dig_PWM_Clock_SetDividerRegister
 .text.Dig_PWM_Clock_GetDividerRegister
                0x00009db0       0x18 .\CortexM3\ARM_GCC_541\Debug\Scope_KitProg.a(Dig_PWM_Clock.o)
                0x00009db0                Dig_PWM_Clock_GetDividerRegister
 .text.Dig_PWM_Clock_GetSourceRegister
                0x00009dc8       0x1c .\CortexM3\ARM_GCC_541\Debug\Scope_KitProg.a(Dig_PWM_Clock.o)
                0x00009dc8                Dig_PWM_Clock_GetSourceRegister
 .text.Dig_Out_Reg_Write
                0x00009de4       0x20 .\CortexM3\ARM_GCC_541\Debug\Scope_KitProg.a(Dig_Out_Reg.o)
                0x00009de4                Dig_Out_Reg_Write
 .text.ScopeC_Buf_Init
                0x00009e04       0x3c .\CortexM3\ARM_GCC_541\Debug\Scope_KitProg.a(ScopeC_Buf.o)
                0x00009e04                ScopeC_Buf_Init
 .text.ScopeC_Buf_Enable
                0x00009e40       0x48 .\CortexM3\ARM_GCC_541\Debug\Scope_KitProg.a(ScopeC_Buf.o)
                0x00009e40                ScopeC_Buf_Enable
 .text.ScopeC_Buf_Start
                0x00009e88       0x24 .\CortexM3\ARM_GCC_541\Debug\Scope_KitProg.a(ScopeC_Buf.o)
                0x00009e88                ScopeC_Buf_Start
 .text.ScopeC_Buf_SetPower
                0x00009eac       0x38 .\CortexM3\ARM_GCC_541\Debug\Scope_KitProg.a(ScopeC_Buf.o)
                0x00009eac                ScopeC_Buf_SetPower
 .text.ScopeC_Buf_SetGain
                0x00009ee4       0xbc .\CortexM3\ARM_GCC_541\Debug\Scope_KitProg.a(ScopeC_Buf.o)
                0x00009ee4                ScopeC_Buf_SetGain
 .text.AMux_1_FastSelect
                0x00009fa0       0x38 .\CortexM3\ARM_GCC_541\Debug\Scope_KitProg.a(AMux_1.o)
                0x00009fa0                AMux_1_FastSelect
 .text.AMux_2_FastSelect
                0x00009fd8       0x38 .\CortexM3\ARM_GCC_541\Debug\Scope_KitProg.a(AMux_2.o)
                0x00009fd8                AMux_2_FastSelect
 .text.ScopeD_Buf_Init
                0x0000a010       0x3c .\CortexM3\ARM_GCC_541\Debug\Scope_KitProg.a(ScopeD_Buf.o)
                0x0000a010                ScopeD_Buf_Init
 .text.ScopeD_Buf_Enable
                0x0000a04c       0x48 .\CortexM3\ARM_GCC_541\Debug\Scope_KitProg.a(ScopeD_Buf.o)
                0x0000a04c                ScopeD_Buf_Enable
 .text.ScopeD_Buf_Start
                0x0000a094       0x24 .\CortexM3\ARM_GCC_541\Debug\Scope_KitProg.a(ScopeD_Buf.o)
                0x0000a094                ScopeD_Buf_Start
 .text.ScopeD_Buf_SetPower
                0x0000a0b8       0x38 .\CortexM3\ARM_GCC_541\Debug\Scope_KitProg.a(ScopeD_Buf.o)
                0x0000a0b8                ScopeD_Buf_SetPower
 .text.ScopeD_Buf_SetGain
                0x0000a0f0       0xbc .\CortexM3\ARM_GCC_541\Debug\Scope_KitProg.a(ScopeD_Buf.o)
                0x0000a0f0                ScopeD_Buf_SetGain
 *fill*         0x0000a1ac        0x4 
 .text          0x0000a1b0       0x20 .\CortexM3\ARM_GCC_541\Debug\Scope_KitProg.a(CyBootAsmGnu.o)
                0x0000a1b0                CyDelayCycles
                0x0000a1c0                CyEnterCriticalSection
                0x0000a1c8                CyExitCriticalSection
 .text.USBUART_DispatchClassRqst
                0x0000a1d0       0x84 .\CortexM3\ARM_GCC_541\Debug\Scope_KitProg.a(USBUART_cls.o)
                0x0000a1d0                USBUART_DispatchClassRqst
 .text          0x0000a254      0x370 c:/program files (x86)/cypress/psoc creator/4.4/psoc creator/import/gnu/arm/5.4.1/bin/../lib/gcc/arm-none-eabi/5.4.1/armv7-m\libgcc.a(_arm_addsubdf3.o)
                0x0000a254                __aeabi_drsub
                0x0000a25c                __aeabi_dsub
                0x0000a25c                __subdf3
                0x0000a260                __aeabi_dadd
                0x0000a260                __adddf3
                0x0000a4d8                __floatunsidf
                0x0000a4d8                __aeabi_ui2d
                0x0000a4f8                __floatsidf
                0x0000a4f8                __aeabi_i2d
                0x0000a51c                __aeabi_f2d
                0x0000a51c                __extendsfdf2
                0x0000a558                __floatundidf
                0x0000a558                __aeabi_ul2d
                0x0000a568                __floatdidf
                0x0000a568                __aeabi_l2d
 .text          0x0000a5c4      0x424 c:/program files (x86)/cypress/psoc creator/4.4/psoc creator/import/gnu/arm/5.4.1/bin/../lib/gcc/arm-none-eabi/5.4.1/armv7-m\libgcc.a(_arm_muldivdf3.o)
                0x0000a5c4                __aeabi_dmul
                0x0000a5c4                __muldf3
                0x0000a818                __divdf3
                0x0000a818                __aeabi_ddiv
 .text          0x0000a9e8       0x40 c:/program files (x86)/cypress/psoc creator/4.4/psoc creator/import/gnu/arm/5.4.1/bin/../lib/gcc/arm-none-eabi/5.4.1/armv7-m\libgcc.a(_arm_fixunsdfsi.o)
                0x0000a9e8                __aeabi_d2uiz
                0x0000a9e8                __fixunsdfsi
 .text          0x0000aa28       0xa0 c:/program files (x86)/cypress/psoc creator/4.4/psoc creator/import/gnu/arm/5.4.1/bin/../lib/gcc/arm-none-eabi/5.4.1/armv7-m\libgcc.a(_arm_truncdfsf2.o)
                0x0000aa28                __truncdfsf2
                0x0000aa28                __aeabi_d2f
 .text          0x0000aac8      0x21c c:/program files (x86)/cypress/psoc creator/4.4/psoc creator/import/gnu/arm/5.4.1/bin/../lib/gcc/arm-none-eabi/5.4.1/armv7-m\libgcc.a(_arm_addsubsf3.o)
                0x0000aac8                __aeabi_frsub
                0x0000aad0                __subsf3
                0x0000aad0                __aeabi_fsub
                0x0000aad4                __aeabi_fadd
                0x0000aad4                __addsf3
                0x0000ac34                __aeabi_ui2f
                0x0000ac34                __floatunsisf
                0x0000ac3c                __aeabi_i2f
                0x0000ac3c                __floatsisf
                0x0000ac58                __aeabi_ul2f
                0x0000ac58                __floatundisf
                0x0000ac68                __aeabi_l2f
                0x0000ac68                __floatdisf
 .text          0x0000ace4      0x2a0 c:/program files (x86)/cypress/psoc creator/4.4/psoc creator/import/gnu/arm/5.4.1/bin/../lib/gcc/arm-none-eabi/5.4.1/armv7-m\libgcc.a(_arm_muldivsf3.o)
                0x0000ace4                __mulsf3
                0x0000ace4                __aeabi_fmul
                0x0000ae4c                __aeabi_fdiv
                0x0000ae4c                __divsf3
 .text          0x0000af84       0xec c:/program files (x86)/cypress/psoc creator/4.4/psoc creator/import/gnu/arm/5.4.1/bin/../lib/gcc/arm-none-eabi/5.4.1/armv7-m\libgcc.a(_arm_cmpsf2.o)
                0x0000af84                __gesf2
                0x0000af84                __gtsf2
                0x0000af8c                __lesf2
                0x0000af8c                __ltsf2
                0x0000af94                __nesf2
                0x0000af94                __eqsf2
                0x0000af94                __cmpsf2
                0x0000aff4                __aeabi_cfrcmple
                0x0000affc                __aeabi_cfcmpeq
                0x0000affc                __aeabi_cfcmple
                0x0000b00c                __aeabi_fcmpeq
                0x0000b020                __aeabi_fcmplt
                0x0000b034                __aeabi_fcmple
                0x0000b048                __aeabi_fcmpge
                0x0000b05c                __aeabi_fcmpgt
 .text          0x0000b070       0x40 c:/program files (x86)/cypress/psoc creator/4.4/psoc creator/import/gnu/arm/5.4.1/bin/../lib/gcc/arm-none-eabi/5.4.1/armv7-m\libgcc.a(_arm_fixunssfsi.o)
                0x0000b070                __fixunssfsi
                0x0000b070                __aeabi_f2uiz
 .text.__errno  0x0000b0b0        0xc c:/program files (x86)/cypress/psoc creator/4.4/psoc creator/import/gnu/arm/5.4.1/bin/../lib/gcc/arm-none-eabi/5.4.1/../../../../arm-none-eabi/lib/armv7-m\libg_nano.a(lib_a-errno.o)
                0x0000b0b0                __errno
 .text.__libc_init_array
                0x0000b0bc       0x4c c:/program files (x86)/cypress/psoc creator/4.4/psoc creator/import/gnu/arm/5.4.1/bin/../lib/gcc/arm-none-eabi/5.4.1/../../../../arm-none-eabi/lib/armv7-m\libg_nano.a(lib_a-init.o)
                0x0000b0bc                __libc_init_array
 .text.memcpy   0x0000b108       0x16 c:/program files (x86)/cypress/psoc creator/4.4/psoc creator/import/gnu/arm/5.4.1/bin/../lib/gcc/arm-none-eabi/5.4.1/../../../../arm-none-eabi/lib/armv7-m\libg_nano.a(lib_a-memcpy-stub.o)
                0x0000b108                memcpy
 .text.memset   0x0000b11e       0x10 c:/program files (x86)/cypress/psoc creator/4.4/psoc creator/import/gnu/arm/5.4.1/bin/../lib/gcc/arm-none-eabi/5.4.1/../../../../arm-none-eabi/lib/armv7-m\libg_nano.a(lib_a-memset.o)
                0x0000b11e                memset
 *fill*         0x0000b12e        0x2 
 .text.sscanf   0x0000b130       0x54 c:/program files (x86)/cypress/psoc creator/4.4/psoc creator/import/gnu/arm/5.4.1/bin/../lib/gcc/arm-none-eabi/5.4.1/../../../../arm-none-eabi/lib/armv7-m\libg_nano.a(lib_a-sscanf.o)
                0x0000b130                siscanf
                0x0000b130                sscanf
 .text.__seofread
                0x0000b184        0x4 c:/program files (x86)/cypress/psoc creator/4.4/psoc creator/import/gnu/arm/5.4.1/bin/../lib/gcc/arm-none-eabi/5.4.1/../../../../arm-none-eabi/lib/armv7-m\libg_nano.a(lib_a-stdio.o)
                0x0000b184                __seofread
 .text          0x0000b188       0x10 c:/program files (x86)/cypress/psoc creator/4.4/psoc creator/import/gnu/arm/5.4.1/bin/../lib/gcc/arm-none-eabi/5.4.1/../../../../arm-none-eabi/lib/armv7-m\libg_nano.a(lib_a-strlen.o)
                0x0000b188                strlen
 .text.strtok   0x0000b198       0x64 c:/program files (x86)/cypress/psoc creator/4.4/psoc creator/import/gnu/arm/5.4.1/bin/../lib/gcc/arm-none-eabi/5.4.1/../../../../arm-none-eabi/lib/armv7-m\libg_nano.a(lib_a-strtok.o)
                0x0000b198                strtok
 .text.__strtok_r
                0x0000b1fc       0x56 c:/program files (x86)/cypress/psoc creator/4.4/psoc creator/import/gnu/arm/5.4.1/bin/../lib/gcc/arm-none-eabi/5.4.1/../../../../arm-none-eabi/lib/armv7-m\libg_nano.a(lib_a-strtok_r.o)
                0x0000b1fc                __strtok_r
 *fill*         0x0000b252        0x2 
 .text.malloc   0x0000b254       0x10 c:/program files (x86)/cypress/psoc creator/4.4/psoc creator/import/gnu/arm/5.4.1/bin/../lib/gcc/arm-none-eabi/5.4.1/../../../../arm-none-eabi/lib/armv7-m\libg_nano.a(lib_a-malloc.o)
                0x0000b254                malloc
 .text._free_r  0x0000b264       0x98 c:/program files (x86)/cypress/psoc creator/4.4/psoc creator/import/gnu/arm/5.4.1/bin/../lib/gcc/arm-none-eabi/5.4.1/../../../../arm-none-eabi/lib/armv7-m\libg_nano.a(lib_a-nano-freer.o)
                0x0000b264                _free_r
 .text._malloc_r
                0x0000b2fc       0xbc c:/program files (x86)/cypress/psoc creator/4.4/psoc creator/import/gnu/arm/5.4.1/bin/../lib/gcc/arm-none-eabi/5.4.1/../../../../arm-none-eabi/lib/armv7-m\libg_nano.a(lib_a-nano-mallocr.o)
                0x0000b2fc                _malloc_r
 .text._sungetc_r
                0x0000b3b8       0x7c c:/program files (x86)/cypress/psoc creator/4.4/psoc creator/import/gnu/arm/5.4.1/bin/../lib/gcc/arm-none-eabi/5.4.1/../../../../arm-none-eabi/lib/armv7-m\libg_nano.a(lib_a-nano-svfscanf.o)
                0x0000b3b8                _sungetc_r
 .text.__ssrefill_r
                0x0000b434       0x3a c:/program files (x86)/cypress/psoc creator/4.4/psoc creator/import/gnu/arm/5.4.1/bin/../lib/gcc/arm-none-eabi/5.4.1/../../../../arm-none-eabi/lib/armv7-m\libg_nano.a(lib_a-nano-svfscanf.o)
                0x0000b434                __ssrefill_r
 *fill*         0x0000b46e        0x2 
 .text.__ssvfscanf_r
                0x0000b470      0x2a8 c:/program files (x86)/cypress/psoc creator/4.4/psoc creator/import/gnu/arm/5.4.1/bin/../lib/gcc/arm-none-eabi/5.4.1/../../../../arm-none-eabi/lib/armv7-m\libg_nano.a(lib_a-nano-svfscanf.o)
                0x0000b470                __ssvfiscanf_r
                0x0000b470                __ssvfscanf_r
 .text._scanf_chars
                0x0000b718       0xcc c:/program files (x86)/cypress/psoc creator/4.4/psoc creator/import/gnu/arm/5.4.1/bin/../lib/gcc/arm-none-eabi/5.4.1/../../../../arm-none-eabi/lib/armv7-m\libg_nano.a(lib_a-nano-vfscanf_i.o)
                0x0000b718                _scanf_chars
 .text._scanf_i
                0x0000b7e4      0x1e4 c:/program files (x86)/cypress/psoc creator/4.4/psoc creator/import/gnu/arm/5.4.1/bin/../lib/gcc/arm-none-eabi/5.4.1/../../../../arm-none-eabi/lib/armv7-m\libg_nano.a(lib_a-nano-vfscanf_i.o)
                0x0000b7e4                _scanf_i
 .text._sbrk_r  0x0000b9c8       0x20 c:/program files (x86)/cypress/psoc creator/4.4/psoc creator/import/gnu/arm/5.4.1/bin/../lib/gcc/arm-none-eabi/5.4.1/../../../../arm-none-eabi/lib/armv7-m\libg_nano.a(lib_a-sbrkr.o)
                0x0000b9c8                _sbrk_r
 .text.__sccl   0x0000b9e8       0x60 c:/program files (x86)/cypress/psoc creator/4.4/psoc creator/import/gnu/arm/5.4.1/bin/../lib/gcc/arm-none-eabi/5.4.1/../../../../arm-none-eabi/lib/armv7-m\libg_nano.a(lib_a-sccl.o)
                0x0000b9e8                __sccl
 .text._strtol_r
                0x0000ba48      0x10c c:/program files (x86)/cypress/psoc creator/4.4/psoc creator/import/gnu/arm/5.4.1/bin/../lib/gcc/arm-none-eabi/5.4.1/../../../../arm-none-eabi/lib/armv7-m\libg_nano.a(lib_a-strtol.o)
                0x0000ba48                _strtol_r
 .text._strtoul_r
                0x0000bb54       0xfc c:/program files (x86)/cypress/psoc creator/4.4/psoc creator/import/gnu/arm/5.4.1/bin/../lib/gcc/arm-none-eabi/5.4.1/../../../../arm-none-eabi/lib/armv7-m\libg_nano.a(lib_a-strtoul.o)
                0x0000bb54                _strtoul_r
 .text.__submore
                0x0000bc50       0x72 c:/program files (x86)/cypress/psoc creator/4.4/psoc creator/import/gnu/arm/5.4.1/bin/../lib/gcc/arm-none-eabi/5.4.1/../../../../arm-none-eabi/lib/armv7-m\libg_nano.a(lib_a-ungetc.o)
                0x0000bc50                __submore
 .text.memchr   0x0000bcc2       0x1c c:/program files (x86)/cypress/psoc creator/4.4/psoc creator/import/gnu/arm/5.4.1/bin/../lib/gcc/arm-none-eabi/5.4.1/../../../../arm-none-eabi/lib/armv7-m\libg_nano.a(lib_a-memchr-stub.o)
                0x0000bcc2                memchr
 .text.__malloc_lock
                0x0000bcde        0x2 c:/program files (x86)/cypress/psoc creator/4.4/psoc creator/import/gnu/arm/5.4.1/bin/../lib/gcc/arm-none-eabi/5.4.1/../../../../arm-none-eabi/lib/armv7-m\libg_nano.a(lib_a-mlock.o)
                0x0000bcde                __malloc_lock
 .text.__malloc_unlock
                0x0000bce0        0x2 c:/program files (x86)/cypress/psoc creator/4.4/psoc creator/import/gnu/arm/5.4.1/bin/../lib/gcc/arm-none-eabi/5.4.1/../../../../arm-none-eabi/lib/armv7-m\libg_nano.a(lib_a-mlock.o)
                0x0000bce0                __malloc_unlock
 .text._realloc_r
                0x0000bce2       0x4c c:/program files (x86)/cypress/psoc creator/4.4/psoc creator/import/gnu/arm/5.4.1/bin/../lib/gcc/arm-none-eabi/5.4.1/../../../../arm-none-eabi/lib/armv7-m\libg_nano.a(lib_a-nano-reallocr.o)
                0x0000bce2                _realloc_r
 .text._malloc_usable_size_r
                0x0000bd2e       0x14 c:/program files (x86)/cypress/psoc creator/4.4/psoc creator/import/gnu/arm/5.4.1/bin/../lib/gcc/arm-none-eabi/5.4.1/../../../../arm-none-eabi/lib/armv7-m\libg_nano.a(lib_a-nano-msizer.o)
                0x0000bd2e                _malloc_usable_size_r
 *(.plt)
 *(.gnu.warning)
 *(.glue_7t)
 .glue_7t       0x0000bd42        0x0 linker stubs
 *(.glue_7)
 .glue_7        0x0000bd42        0x0 linker stubs
 *(.vfp11_veneer)
 .vfp11_veneer  0x0000bd42        0x0 linker stubs
 *(.bootloader)
 *(.ARM.extab* .gnu.linkonce.armextab.*)
 *(.gcc_except_table)

.v4_bx          0x0000bd44        0x0
 .v4_bx         0x0000bd44        0x0 linker stubs

.iplt           0x0000bd44        0x0
 .iplt          0x0000bd44        0x0 c:/program files (x86)/cypress/psoc creator/4.4/psoc creator/import/gnu/arm/5.4.1/bin/../lib/gcc/arm-none-eabi/5.4.1/armv7-m/crtbegin.o

.eh_frame_hdr
 *(.eh_frame_hdr)

.eh_frame       0x0000bd44        0x4
 *(.eh_frame)
 .eh_frame      0x0000bd44        0x0 c:/program files (x86)/cypress/psoc creator/4.4/psoc creator/import/gnu/arm/5.4.1/bin/../lib/gcc/arm-none-eabi/5.4.1/armv7-m/crtbegin.o
 .eh_frame      0x0000bd44        0x4 c:/program files (x86)/cypress/psoc creator/4.4/psoc creator/import/gnu/arm/5.4.1/bin/../lib/gcc/arm-none-eabi/5.4.1/armv7-m/crtend.o
                [!provide]                PROVIDE (__exidx_start, .)

.ARM.exidx
 *(.ARM.exidx* .gnu.linkonce.armexidx.*)
                0x0000bd48                __exidx_end = .

.rodata         0x0000bd48      0x930
 *(.rodata .rodata.* .gnu.linkonce.r.*)
 .rodata        0x0000bd48       0x55 .\CortexM3\ARM_GCC_541\Debug\main.o
 *fill*         0x0000bd9d        0x3 
 .rodata        0x0000bda0       0x6c .\CortexM3\ARM_GCC_541\Debug\cyfitter_cfg.o
                0x0000bda0                AMux_1__addrTable
                0x0000bdb0                AMux_1__maskTable
                0x0000bdb4                AMux_2__addrTable
                0x0000bdc4                AMux_2__maskTable
                0x0000bdc8                Amux_Trigger__addrTable
                0x0000bde0                Amux_Trigger__maskTable
 .rodata        0x0000be0c       0x11 .\CortexM3\ARM_GCC_541\Debug\Scope_KitProg.a(USBUART_std.o)
 *fill*         0x0000be1d        0x3 
 .rodata        0x0000be20       0x15 .\CortexM3\ARM_GCC_541\Debug\Scope_KitProg.a(ScopeA_Buf.o)
 *fill*         0x0000be35        0x3 
 .rodata        0x0000be38       0x15 .\CortexM3\ARM_GCC_541\Debug\Scope_KitProg.a(ScopeB_Buf.o)
 *fill*         0x0000be4d        0x3 
 .rodata        0x0000be50      0x232 .\CortexM3\ARM_GCC_541\Debug\Scope_KitProg.a(WaveA_DAC.o)
                0x0000be50                WaveA_DAC_wave1
                0x0000c050                WaveA_DAC_wave2
 *fill*         0x0000c082        0x2 
 .rodata        0x0000c084      0x264 .\CortexM3\ARM_GCC_541\Debug\Scope_KitProg.a(WaveB_DAC.o)
                0x0000c084                WaveB_DAC_wave1
                0x0000c284                WaveB_DAC_wave2
 .rodata        0x0000c2e8       0x15 .\CortexM3\ARM_GCC_541\Debug\Scope_KitProg.a(ScopeC_Buf.o)
 *fill*         0x0000c2fd        0x3 
 .rodata        0x0000c300       0x15 .\CortexM3\ARM_GCC_541\Debug\Scope_KitProg.a(ScopeD_Buf.o)
 *fill*         0x0000c315        0x3 
 .rodata        0x0000c318      0x19c .\CortexM3\ARM_GCC_541\Debug\Scope_KitProg.a(USBUART_descr.o)
                0x0000c318                USBUART_DEVICE0_DESCR
                0x0000c32c                USBUART_DEVICE0_CONFIGURATION0_DESCR
                0x0000c370                USBUART_STRING_DESCRIPTORS
                0x0000c410                USBUART_SN_STRING_DESCRIPTOR
                0x0000c414                USBUART_DEVICE0_CONFIGURATION0_EP_SETTINGS_TABLE
                0x0000c42c                USBUART_DEVICE0_CONFIGURATION0_INTERFACE_CLASS
                0x0000c430                USBUART_DEVICE0_CONFIGURATION0_TABLE
                0x0000c458                USBUART_DEVICE0_TABLE
                0x0000c470                USBUART_TABLE
                0x0000c478                USBUART_MSOS_DESCRIPTOR
                0x0000c48c                USBUART_MSOS_CONFIGURATION_DESCR
 .rodata.str1.1
                0x0000c4b4        0x2 c:/program files (x86)/cypress/psoc creator/4.4/psoc creator/import/gnu/arm/5.4.1/bin/../lib/gcc/arm-none-eabi/5.4.1/../../../../arm-none-eabi/lib/armv7-m\libg_nano.a(lib_a-impure.o)
 .rodata.str1.1
                0x0000c4b6        0x4 c:/program files (x86)/cypress/psoc creator/4.4/psoc creator/import/gnu/arm/5.4.1/bin/../lib/gcc/arm-none-eabi/5.4.1/../../../../arm-none-eabi/lib/armv7-m\libg_nano.a(lib_a-nano-svfscanf.o)
 *fill*         0x0000c4ba        0x2 
 .rodata        0x0000c4bc        0xc c:/program files (x86)/cypress/psoc creator/4.4/psoc creator/import/gnu/arm/5.4.1/bin/../lib/gcc/arm-none-eabi/5.4.1/../../../../arm-none-eabi/lib/armv7-m\libg_nano.a(lib_a-nano-vfscanf_i.o)
 .rodata.str1.1
                0x0000c4c8       0x1b c:/program files (x86)/cypress/psoc creator/4.4/psoc creator/import/gnu/arm/5.4.1/bin/../lib/gcc/arm-none-eabi/5.4.1/../../../../arm-none-eabi/lib/armv7-m\libg_nano.a(lib_a-nano-vfscanf_i.o)
 .rodata._ctype_
                0x0000c4e3      0x101 c:/program files (x86)/cypress/psoc creator/4.4/psoc creator/import/gnu/arm/5.4.1/bin/../lib/gcc/arm-none-eabi/5.4.1/../../../../arm-none-eabi/lib/armv7-m\libg_nano.a(lib_a-ctype_.o)
                0x0000c4e3                _ctype_
 .rodata.__sf_fake_stdin
                0x0000c5e4       0x20 c:/program files (x86)/cypress/psoc creator/4.4/psoc creator/import/gnu/arm/5.4.1/bin/../lib/gcc/arm-none-eabi/5.4.1/../../../../arm-none-eabi/lib/armv7-m\libg_nano.a(lib_a-findfp.o)
                0x0000c5e4                __sf_fake_stdin
 .rodata.__sf_fake_stdout
                0x0000c604       0x20 c:/program files (x86)/cypress/psoc creator/4.4/psoc creator/import/gnu/arm/5.4.1/bin/../lib/gcc/arm-none-eabi/5.4.1/../../../../arm-none-eabi/lib/armv7-m\libg_nano.a(lib_a-findfp.o)
                0x0000c604                __sf_fake_stdout
 .rodata.__sf_fake_stderr
                0x0000c624       0x20 c:/program files (x86)/cypress/psoc creator/4.4/psoc creator/import/gnu/arm/5.4.1/bin/../lib/gcc/arm-none-eabi/5.4.1/../../../../arm-none-eabi/lib/armv7-m\libg_nano.a(lib_a-findfp.o)
                0x0000c624                __sf_fake_stderr
                0x0000c644                . = ALIGN (0x4)
 *(.init)
 .init          0x0000c644        0x4 c:/program files (x86)/cypress/psoc creator/4.4/psoc creator/import/gnu/arm/5.4.1/bin/../lib/gcc/arm-none-eabi/5.4.1/armv7-m/crti.o
                0x0000c644                _init
 .init          0x0000c648        0x8 c:/program files (x86)/cypress/psoc creator/4.4/psoc creator/import/gnu/arm/5.4.1/bin/../lib/gcc/arm-none-eabi/5.4.1/armv7-m/crtn.o
                0x0000c650                . = ALIGN (0x4)
                0x0000c650                __preinit_array_start = .
 *(.preinit_array)
                0x0000c650                __preinit_array_end = .
                0x0000c650                . = ALIGN (0x4)
                0x0000c650                __init_array_start = .
 *(SORT(.init_array.*))
 *(.init_array)
 .init_array    0x0000c650        0x4 c:/program files (x86)/cypress/psoc creator/4.4/psoc creator/import/gnu/arm/5.4.1/bin/../lib/gcc/arm-none-eabi/5.4.1/armv7-m/crtbegin.o
 .init_array    0x0000c654        0x4 .\CortexM3\ARM_GCC_541\Debug\Cm3Start.o
                0x0000c658                __init_array_end = .
                0x0000c658                . = ALIGN (0x4)
 *(.fini)
 .fini          0x0000c658        0x4 c:/program files (x86)/cypress/psoc creator/4.4/psoc creator/import/gnu/arm/5.4.1/bin/../lib/gcc/arm-none-eabi/5.4.1/armv7-m/crti.o
                0x0000c658                _fini
 .fini          0x0000c65c        0x8 c:/program files (x86)/cypress/psoc creator/4.4/psoc creator/import/gnu/arm/5.4.1/bin/../lib/gcc/arm-none-eabi/5.4.1/armv7-m/crtn.o
                0x0000c664                . = ALIGN (0x4)
                0x0000c664                __fini_array_start = .
 *(.fini_array)
 .fini_array    0x0000c664        0x4 c:/program files (x86)/cypress/psoc creator/4.4/psoc creator/import/gnu/arm/5.4.1/bin/../lib/gcc/arm-none-eabi/5.4.1/armv7-m/crtbegin.o
 *(SORT(.fini_array.*))
                0x0000c668                __fini_array_end = .
                0x0000c668                . = ALIGN (0x4)
 *crtbegin.o(.ctors)
 *(EXCLUDE_FILE(*crtend.o) .ctors)
 *(SORT(.ctors.*))
 *crtend.o(.ctors)
                0x0000c668                . = ALIGN (0x4)
 *crtbegin.o(.dtors)
 *(EXCLUDE_FILE(*crtend.o) .dtors)
 *(SORT(.dtors.*))
 *crtend.o(.dtors)
                0x0000c668                . = ALIGN (0x4)
                0x0000c668                __cy_regions = .
                0x0000c668        0x4 LONG 0xc678 __cy_region_init_ram
                0x0000c66c        0x4 LONG 0x1fff80c8 __cy_region_start_data
                0x0000c670        0x4 LONG 0xb0 __cy_region_init_size_ram
                0x0000c674        0x4 LONG 0x4218 __cy_region_zero_size_ram
                0x0000c678                __cy_regions_end = .
                0x0000c678                . = ALIGN (0x8)
                0x0000c678                _etext = .

.ramvectors     0x1fff8000       0xc0
                0x1fff8000                __cy_region_start_ram = .
 *(.ramvectors)
 .ramvectors    0x1fff8000       0xc0 .\CortexM3\ARM_GCC_541\Debug\Cm3Start.o
                0x1fff8000                CyRamVectors

.noinit         0x1fff80c0        0x5
 *(.noinit)
 .noinit        0x1fff80c0        0x4 .\CortexM3\ARM_GCC_541\Debug\Cm3Start.o
 .noinit        0x1fff80c4        0x1 .\CortexM3\ARM_GCC_541\Debug\Scope_KitProg.a(CyLib.o)
                0x1fff80c4                CyResetStatus

.data           0x1fff80c8       0xb0 load address 0x0000c678
                0x1fff80c8                __cy_region_start_data = .
 *(.jcr)
 .jcr           0x1fff80c8        0x0 c:/program files (x86)/cypress/psoc creator/4.4/psoc creator/import/gnu/arm/5.4.1/bin/../lib/gcc/arm-none-eabi/5.4.1/armv7-m/crtbegin.o
 .jcr           0x1fff80c8        0x4 c:/program files (x86)/cypress/psoc creator/4.4/psoc creator/import/gnu/arm/5.4.1/bin/../lib/gcc/arm-none-eabi/5.4.1/armv7-m/crtend.o
 *(.got.plt)
 *(.got)
 *(.shdata)
 *(.data .data.* .gnu.linkonce.d.*)
 .data          0x1fff80cc        0x4 .\CortexM3\ARM_GCC_541\Debug\Cm3Start.o
 .data          0x1fff80d0        0x8 .\CortexM3\ARM_GCC_541\Debug\Scope_KitProg.a(CyDmac.o)
 .data          0x1fff80d8       0x10 .\CortexM3\ARM_GCC_541\Debug\Scope_KitProg.a(CyLib.o)
                0x1fff80d8                cydelay_freq_hz
                0x1fff80dc                cydelay_freq_khz
                0x1fff80e0                cydelay_freq_mhz
                0x1fff80e4                cydelay_32k_ms
 .data          0x1fff80e8       0x1a .\CortexM3\ARM_GCC_541\Debug\Scope_KitProg.a(USBUART_cdc.o)
                0x1fff80e8                USBUART_linesCoding
 .data          0x1fff8102        0x1 .\CortexM3\ARM_GCC_541\Debug\Scope_KitProg.a(Amux_Trigger.o)
 .data          0x1fff8103        0x1 .\CortexM3\ARM_GCC_541\Debug\Scope_KitProg.a(DMA_Channel_1_dma.o)
                0x1fff8103                DMA_Channel_1_DmaHandle
 .data          0x1fff8104        0x1 .\CortexM3\ARM_GCC_541\Debug\Scope_KitProg.a(DMA_Channel_2_dma.o)
                0x1fff8104                DMA_Channel_2_DmaHandle
 .data          0x1fff8105        0x1 .\CortexM3\ARM_GCC_541\Debug\Scope_KitProg.a(WaveA_DAC_Wave1_DMA_dma.o)
                0x1fff8105                WaveA_DAC_Wave1_DMA_DmaHandle
 .data          0x1fff8106        0x1 .\CortexM3\ARM_GCC_541\Debug\Scope_KitProg.a(WaveA_DAC_Wave2_DMA_dma.o)
                0x1fff8106                WaveA_DAC_Wave2_DMA_DmaHandle
 .data          0x1fff8107        0x1 .\CortexM3\ARM_GCC_541\Debug\Scope_KitProg.a(WaveB_DAC_Wave1_DMA_dma.o)
                0x1fff8107                WaveB_DAC_Wave1_DMA_DmaHandle
 .data          0x1fff8108        0x1 .\CortexM3\ARM_GCC_541\Debug\Scope_KitProg.a(WaveB_DAC_Wave2_DMA_dma.o)
                0x1fff8108                WaveB_DAC_Wave2_DMA_DmaHandle
 .data          0x1fff8109        0x1 .\CortexM3\ARM_GCC_541\Debug\Scope_KitProg.a(AMux_1.o)
 .data          0x1fff810a        0x1 .\CortexM3\ARM_GCC_541\Debug\Scope_KitProg.a(AMux_2.o)
 *fill*         0x1fff810b        0x1 
 .data.impure_data
                0x1fff810c       0x60 c:/program files (x86)/cypress/psoc creator/4.4/psoc creator/import/gnu/arm/5.4.1/bin/../lib/gcc/arm-none-eabi/5.4.1/../../../../arm-none-eabi/lib/armv7-m\libg_nano.a(lib_a-impure.o)
 .data._impure_ptr
                0x1fff816c        0x4 c:/program files (x86)/cypress/psoc creator/4.4/psoc creator/import/gnu/arm/5.4.1/bin/../lib/gcc/arm-none-eabi/5.4.1/../../../../arm-none-eabi/lib/armv7-m\libg_nano.a(lib_a-impure.o)
                0x1fff816c                _impure_ptr
 .data.__ctype_ptr__
                0x1fff8170        0x4 c:/program files (x86)/cypress/psoc creator/4.4/psoc creator/import/gnu/arm/5.4.1/bin/../lib/gcc/arm-none-eabi/5.4.1/../../../../arm-none-eabi/lib/armv7-m\libg_nano.a(lib_a-ctype_.o)
                0x1fff8170                __ctype_ptr__
                0x1fff8178                . = ALIGN (0x8)
 *fill*         0x1fff8174        0x4 
 *(.ram)
                0x1fff8178                _edata = .

.igot.plt       0x1fff8178        0x0 load address 0x0000c728
 .igot.plt      0x1fff8178        0x0 c:/program files (x86)/cypress/psoc creator/4.4/psoc creator/import/gnu/arm/5.4.1/bin/../lib/gcc/arm-none-eabi/5.4.1/armv7-m/crtbegin.o

.bss            0x1fff8178     0x4218 load address 0x0000c728
                0x1fff8178                PROVIDE (__bss_start__, .)
 *(.shbss)
 *(.bss .bss.* .gnu.linkonce.b.*)
 .bss           0x1fff8178       0x1c c:/program files (x86)/cypress/psoc creator/4.4/psoc creator/import/gnu/arm/5.4.1/bin/../lib/gcc/arm-none-eabi/5.4.1/armv7-m/crtbegin.o
 .bss           0x1fff8194        0x4 .\CortexM3\ARM_GCC_541\Debug\main.o
                0x1fff8194                wavea_gain
                0x1fff8195                wavea_offset
                0x1fff8196                waveb_gain
                0x1fff8197                waveb_offset
 .bss           0x1fff8198        0x1 .\CortexM3\ARM_GCC_541\Debug\Scope_KitProg.a(ADC_2.o)
                0x1fff8198                ADC_2_initVar
 .bss           0x1fff8199        0x1 .\CortexM3\ARM_GCC_541\Debug\Scope_KitProg.a(ADC_1.o)
                0x1fff8199                ADC_1_initVar
 .bss           0x1fff819a        0x1 .\CortexM3\ARM_GCC_541\Debug\Scope_KitProg.a(USBUART.o)
                0x1fff819a                USBUART_initVar
 .bss           0x1fff819b        0x1 .\CortexM3\ARM_GCC_541\Debug\Scope_KitProg.a(USBUART_cdc.o)
 .bss           0x1fff819c        0x2 .\CortexM3\ARM_GCC_541\Debug\Scope_KitProg.a(USBUART_std.o)
 .bss           0x1fff819e        0x1 .\CortexM3\ARM_GCC_541\Debug\Scope_KitProg.a(Vtrigger.o)
                0x1fff819e                Vtrigger_initVar
 .bss           0x1fff819f        0x1 .\CortexM3\ARM_GCC_541\Debug\Scope_KitProg.a(PWM_Sample_Buffer.o)
                0x1fff819f                PWM_Sample_Buffer_initVar
 .bss           0x1fff81a0        0x1 .\CortexM3\ARM_GCC_541\Debug\Scope_KitProg.a(Trigger_Comp.o)
                0x1fff81a0                Trigger_Comp_initVar
 .bss           0x1fff81a1        0x1 .\CortexM3\ARM_GCC_541\Debug\Scope_KitProg.a(PRS.o)
                0x1fff81a1                PRS_initVar
 .bss           0x1fff81a2        0x1 .\CortexM3\ARM_GCC_541\Debug\Scope_KitProg.a(AuxDAC_Buf.o)
                0x1fff81a2                AuxDAC_Buf_initVar
 .bss           0x1fff81a3        0x1 .\CortexM3\ARM_GCC_541\Debug\Scope_KitProg.a(AuxDAC_1.o)
                0x1fff81a3                AuxDAC_1_initVar
 .bss           0x1fff81a4        0x1 .\CortexM3\ARM_GCC_541\Debug\Scope_KitProg.a(ScopeA_Buf.o)
                0x1fff81a4                ScopeA_Buf_initVar
 .bss           0x1fff81a5        0x1 .\CortexM3\ARM_GCC_541\Debug\Scope_KitProg.a(ScopeB_Buf.o)
                0x1fff81a5                ScopeB_Buf_initVar
 .bss           0x1fff81a6        0x5 .\CortexM3\ARM_GCC_541\Debug\Scope_KitProg.a(WaveA_DAC.o)
                0x1fff81a6                WaveA_DAC_initVar
 .bss           0x1fff81ab        0x1 .\CortexM3\ARM_GCC_541\Debug\Scope_KitProg.a(WaveA_Buf.o)
                0x1fff81ab                WaveA_Buf_initVar
 .bss           0x1fff81ac        0x1 .\CortexM3\ARM_GCC_541\Debug\Scope_KitProg.a(WaveB_Buf.o)
                0x1fff81ac                WaveB_Buf_initVar
 .bss           0x1fff81ad        0x5 .\CortexM3\ARM_GCC_541\Debug\Scope_KitProg.a(WaveB_DAC.o)
                0x1fff81ad                WaveB_DAC_initVar
 .bss           0x1fff81b2        0x1 .\CortexM3\ARM_GCC_541\Debug\Scope_KitProg.a(Dig_PWM.o)
                0x1fff81b2                Dig_PWM_initVar
 .bss           0x1fff81b3        0x1 .\CortexM3\ARM_GCC_541\Debug\Scope_KitProg.a(ScopeC_Buf.o)
                0x1fff81b3                ScopeC_Buf_initVar
 .bss           0x1fff81b4        0x1 .\CortexM3\ARM_GCC_541\Debug\Scope_KitProg.a(ScopeD_Buf.o)
                0x1fff81b4                ScopeD_Buf_initVar
 *fill*         0x1fff81b5        0x3 
 .bss.__malloc_sbrk_start
                0x1fff81b8        0x4 c:/program files (x86)/cypress/psoc creator/4.4/psoc creator/import/gnu/arm/5.4.1/bin/../lib/gcc/arm-none-eabi/5.4.1/../../../../arm-none-eabi/lib/armv7-m\libg_nano.a(lib_a-nano-mallocr.o)
                0x1fff81b8                __malloc_sbrk_start
 .bss.__malloc_free_list
                0x1fff81bc        0x4 c:/program files (x86)/cypress/psoc creator/4.4/psoc creator/import/gnu/arm/5.4.1/bin/../lib/gcc/arm-none-eabi/5.4.1/../../../../arm-none-eabi/lib/armv7-m\libg_nano.a(lib_a-nano-mallocr.o)
                0x1fff81bc                __malloc_free_list
 *(COMMON)
 COMMON         0x1fff81c0     0x40dc .\CortexM3\ARM_GCC_541\Debug\main.o
                0x1fff81c0                DMA_Channel_2_Chan
                0x1fff81c2                cCommandsReady
                0x1fff81c4                Channel_1_Data
                0x1fff89c4                iWrite
                0x1fff89c6                Digital_AutoUpdate
                0x1fff89c8                DMA_Channel_1_TD
                0x1fff89cc                Channel_2_Data
                0x1fff91cc                trigger_source
                0x1fff91cd                Noise_Adjusted
                0x1fff91ce                bCommandReady
                0x1fff91d0                szTempBuffer
                0x1fff9210                szCommandsBuffer
                0x1fffa210                WaveformA_Temp_Buffer
                0x1fffaa10                DMA_Channel_1_Chan
                0x1fffaa14                USB_Out_Buffer
                0x1fffaa54                cCharsReceived
                0x1fffaa56                iRead
                0x1fffaa58                DMA_Channel_2_TD
                0x1fffaa5c                WaveformB_Buffer
                0x1fffb25c                WaveformB_Temp_Buffer
                0x1fffba5c                WaveformA_Buffer
                0x1fffc25c                szCommand
 COMMON         0x1fffc29c        0xa .\CortexM3\ARM_GCC_541\Debug\Scope_KitProg.a(ADC_2.o)
                0x1fffc29c                ADC_2_shift
                0x1fffc29e                ADC_2_countsPerVolt
                0x1fffc2a0                ADC_2_countsPer10Volt
                0x1fffc2a4                ADC_2_offset
 *fill*         0x1fffc2a6        0x2 
 COMMON         0x1fffc2a8        0xc .\CortexM3\ARM_GCC_541\Debug\Scope_KitProg.a(ADC_1.o)
                0x1fffc2a8                ADC_1_offset
                0x1fffc2aa                ADC_1_shift
                0x1fffc2ac                ADC_1_countsPerVolt
                0x1fffc2b0                ADC_1_countsPer10Volt
 COMMON         0x1fffc2b4       0x18 .\CortexM3\ARM_GCC_541\Debug\Scope_KitProg.a(USBUART_cdc.o)
                0x1fffc2b4                USBUART_linesChanged
                0x1fffc2b8                USBUART_cdcDataInEp
                0x1fffc2bc                USBUART_cdcCommInInterruptEp
                0x1fffc2c0                USBUART_cdcDataOutEp
                0x1fffc2c4                USBUART_serialStateBitmap
                0x1fffc2c8                USBUART_linesControlBitmap
 COMMON         0x1fffc2cc       0x9a .\CortexM3\ARM_GCC_541\Debug\Scope_KitProg.a(USBUART_drv.o)
                0x1fffc2cc                USBUART_lastPacketSize
                0x1fffc2cd                USBUART_device
                0x1fffc2ce                USBUART_transferByteCount
                0x1fffc2d0                USBUART_transferState
                0x1fffc2d4                USBUART_interfaceSettingLast
                0x1fffc2d8                USBUART_currentTD
                0x1fffc2e4                USBUART_interfaceNumber
                0x1fffc2e8                USBUART_interfaceClass
                0x1fffc2ec                USBUART_configurationChanged
                0x1fffc2ed                USBUART_ep0Mode
                0x1fffc2ee                USBUART_deviceAddress
                0x1fffc2ef                USBUART_configuration
                0x1fffc2f0                USBUART_ep0Count
                0x1fffc2f1                USBUART_deviceStatus
                0x1fffc2f4                USBUART_EP
                0x1fffc360                USBUART_interfaceSetting
                0x1fffc362                USBUART_ep0Toggle
                0x1fffc364                USBUART_interfaceStatus
 *fill*         0x1fffc366        0x2 
 COMMON         0x1fffc368       0x22 .\CortexM3\ARM_GCC_541\Debug\Scope_KitProg.a(USBUART_descr.o)
                0x1fffc368                USBUART_idSerialNumberStringDescriptor
 *fill*         0x1fffc38a        0x2 
 COMMON         0x1fffc38c        0x4 c:/program files (x86)/cypress/psoc creator/4.4/psoc creator/import/gnu/arm/5.4.1/bin/../lib/gcc/arm-none-eabi/5.4.1/../../../../arm-none-eabi/lib/armv7-m\libg_nano.a(lib_a-reent.o)
                0x1fffc38c                errno
                0x1fffc390                . = ALIGN (0x8)
 *(.ram.b)
                0x1fffc390                _end = .
                0x1fffc390                __end = .
                0x1fffc390                PROVIDE (end, .)
                0x1fffc390                PROVIDE (__bss_end__, .)
                0x0000c678                __cy_region_init_ram = LOADADDR (.data)
                0x000000b0                __cy_region_init_size_ram = (_edata - ADDR (.data))
                0x00004218                __cy_region_zero_size_ram = (_end - _edata)

.heap           0x1fffc390       0x80 load address 0x0000c728
                0x1fffc390                . = _end
                0x1fffc410                . = (. + 0x80)
 *fill*         0x1fffc390       0x80 
                0x1fffc410                __cy_heap_limit = .

.stack          0x20007800      0x800
                0x20007800                __cy_stack_limit = .
                0x20008000                . = (. + 0x800)
 *fill*         0x20007800      0x800 
                0x00000001                ASSERT ((__cy_stack_limit >= __cy_heap_limit), region RAM overflowed with stack)

.cy_checksum_exclude
                0x0003ff00        0x0
 *(.cy_checksum_exclude)
                0x00000000                cy_checksum_exclude_size = (CY_APPL_LOADABLE == 0x1)?SIZEOF (.cy_checksum_exclude):0x0
                0x00000001                ASSERT ((cy_checksum_exclude_size <= CY_CHECKSUM_EXCLUDE_SIZE), CY_BOOT: Section .cy_checksum_exclude size exceedes specified limit.)

.cyloadermeta   0xf0000000       0x40
 *(.cyloadermeta)
 .cyloadermeta  0xf0000000       0x40 .\CortexM3\ARM_GCC_541\Debug\cybootloader.o
                0xf0000000                cy_meta_loader

.cyloadablemeta
                0x0003ffc0       0x40
 *(.cyloadablemeta)
 .cyloadablemeta
                0x0003ffc0       0x40 .\CortexM3\ARM_GCC_541\Debug\cymetadata.o
                0x0003ffc0                cy_meta_loadable

.cyconfigecc    0x80000640      0x680
 *(.cyconfigecc)
 .cyconfigecc   0x80000640      0x680 .\CortexM3\ARM_GCC_541\Debug\cymetadata.o
                0x80000640                cy_meta_configecc

.cycustnvl      0x90000000        0x4
 *(.cycustnvl)
 .cycustnvl     0x90000000        0x4 .\CortexM3\ARM_GCC_541\Debug\cybootloader.o
                0x90000000                cy_meta_custnvl

.cywolatch      0x90100000        0x4
 *(.cywolatch)
 .cywolatch     0x90100000        0x4 .\CortexM3\ARM_GCC_541\Debug\cybootloader.o
                0x90100000                cy_meta_wonvl

.cyeeprom       0x90200000        0x0
 *(.cyeeprom)
                0x00000001                ASSERT ((. <= ((0x90200000 + ee_offset) + ee_size)), .cyeeprom data will not fit in EEPROM)

.cyflashprotect
                0x90400000      0x100
 *(.cyflashprotect)
 .cyflashprotect
                0x90400000      0x100 .\CortexM3\ARM_GCC_541\Debug\cybootloader.o
                0x90400000                cy_meta_flashprotect

.cymeta         0x90500000        0xc
 *(.cymeta)
 .cymeta        0x90500000        0xc .\CortexM3\ARM_GCC_541\Debug\cybootloader.o
                0x90500000                cy_metadata

.rel.dyn        0x00040000        0x0 load address 0x9050000c
 .rel.iplt      0x00040000        0x0 c:/program files (x86)/cypress/psoc creator/4.4/psoc creator/import/gnu/arm/5.4.1/bin/../lib/gcc/arm-none-eabi/5.4.1/armv7-m/crtbegin.o

.stab           0x00000000       0x6c
 *(.stab)
 .stab          0x00000000       0x24 c:/program files (x86)/cypress/psoc creator/4.4/psoc creator/import/gnu/arm/5.4.1/bin/../lib/gcc/arm-none-eabi/5.4.1/../../../../arm-none-eabi/lib/armv7-m\libnosys.a(close.o)
 .stab          0x00000024       0x18 c:/program files (x86)/cypress/psoc creator/4.4/psoc creator/import/gnu/arm/5.4.1/bin/../lib/gcc/arm-none-eabi/5.4.1/../../../../arm-none-eabi/lib/armv7-m\libnosys.a(lseek.o)
                                 0x24 (size before relaxing)
 .stab          0x0000003c       0x18 c:/program files (x86)/cypress/psoc creator/4.4/psoc creator/import/gnu/arm/5.4.1/bin/../lib/gcc/arm-none-eabi/5.4.1/../../../../arm-none-eabi/lib/armv7-m\libnosys.a(read.o)
                                 0x24 (size before relaxing)
 .stab          0x00000054       0x18 c:/program files (x86)/cypress/psoc creator/4.4/psoc creator/import/gnu/arm/5.4.1/bin/../lib/gcc/arm-none-eabi/5.4.1/../../../../arm-none-eabi/lib/armv7-m\libnosys.a(write.o)
                                 0x24 (size before relaxing)

.stabstr        0x00000000       0xdf
 *(.stabstr)
 .stabstr       0x00000000       0xdf c:/program files (x86)/cypress/psoc creator/4.4/psoc creator/import/gnu/arm/5.4.1/bin/../lib/gcc/arm-none-eabi/5.4.1/../../../../arm-none-eabi/lib/armv7-m\libnosys.a(close.o)

.debug
 *(.debug)

.line
 *(.line)

.debug_srcinfo
 *(.debug_srcinfo)

.debug_sfnames
 *(.debug_sfnames)

.debug_aranges  0x00000000     0x1630
 *(.debug_aranges)
 .debug_aranges
                0x00000000       0x50 .\CortexM3\ARM_GCC_541\Debug\main.o
 .debug_aranges
                0x00000050       0x90 .\CortexM3\ARM_GCC_541\Debug\cyfitter_cfg.o
 .debug_aranges
                0x000000e0       0x48 .\CortexM3\ARM_GCC_541\Debug\Cm3Start.o
 .debug_aranges
                0x00000128       0x18 .\CortexM3\ARM_GCC_541\Debug\cymetadata.o
 .debug_aranges
                0x00000140       0x18 .\CortexM3\ARM_GCC_541\Debug\cybootloader.o
 .debug_aranges
                0x00000158       0xd8 .\CortexM3\ARM_GCC_541\Debug\Scope_KitProg.a(CyDmac.o)
 .debug_aranges
                0x00000230      0x2a0 .\CortexM3\ARM_GCC_541\Debug\Scope_KitProg.a(CyLib.o)
 .debug_aranges
                0x000004d0       0x98 .\CortexM3\ARM_GCC_541\Debug\Scope_KitProg.a(cyPm.o)
 .debug_aranges
                0x00000568       0x98 .\CortexM3\ARM_GCC_541\Debug\Scope_KitProg.a(ADC_2.o)
 .debug_aranges
                0x00000600       0x20 .\CortexM3\ARM_GCC_541\Debug\Scope_KitProg.a(ADC_2_INT.o)
 .debug_aranges
                0x00000620       0x98 .\CortexM3\ARM_GCC_541\Debug\Scope_KitProg.a(ADC_1.o)
 .debug_aranges
                0x000006b8       0x20 .\CortexM3\ARM_GCC_541\Debug\Scope_KitProg.a(ADC_1_INT.o)
 .debug_aranges
                0x000006d8       0xc8 .\CortexM3\ARM_GCC_541\Debug\Scope_KitProg.a(USBUART.o)
 .debug_aranges
                0x000007a0       0xe8 .\CortexM3\ARM_GCC_541\Debug\Scope_KitProg.a(USBUART_cdc.o)
 .debug_aranges
                0x00000888       0x98 .\CortexM3\ARM_GCC_541\Debug\Scope_KitProg.a(USBUART_drv.o)
 .debug_aranges
                0x00000920       0x40 .\CortexM3\ARM_GCC_541\Debug\Scope_KitProg.a(USBUART_episr.o)
 .debug_aranges
                0x00000960       0x40 .\CortexM3\ARM_GCC_541\Debug\Scope_KitProg.a(USBUART_pm.o)
 .debug_aranges
                0x000009a0       0x80 .\CortexM3\ARM_GCC_541\Debug\Scope_KitProg.a(USBUART_std.o)
 .debug_aranges
                0x00000a20       0x20 .\CortexM3\ARM_GCC_541\Debug\Scope_KitProg.a(USBUART_vnd.o)
 .debug_aranges
                0x00000a40       0x70 .\CortexM3\ARM_GCC_541\Debug\Scope_KitProg.a(SampleClock.o)
 .debug_aranges
                0x00000ab0       0x58 .\CortexM3\ARM_GCC_541\Debug\Scope_KitProg.a(Vtrigger.o)
 .debug_aranges
                0x00000b08       0x30 .\CortexM3\ARM_GCC_541\Debug\Scope_KitProg.a(Amux_Trigger.o)
 .debug_aranges
                0x00000b38       0x28 .\CortexM3\ARM_GCC_541\Debug\Scope_KitProg.a(DMA_Channel_1_dma.o)
 .debug_aranges
                0x00000b60       0x28 .\CortexM3\ARM_GCC_541\Debug\Scope_KitProg.a(DMA_Channel_2_dma.o)
 .debug_aranges
                0x00000b88       0x98 .\CortexM3\ARM_GCC_541\Debug\Scope_KitProg.a(PWM_Sample_Buffer.o)
 .debug_aranges
                0x00000c20       0x48 .\CortexM3\ARM_GCC_541\Debug\Scope_KitProg.a(USBUART_Dp.o)
 .debug_aranges
                0x00000c68       0x28 .\CortexM3\ARM_GCC_541\Debug\Scope_KitProg.a(Trigger_Control.o)
 .debug_aranges
                0x00000c90       0x40 .\CortexM3\ARM_GCC_541\Debug\Scope_KitProg.a(Trigger_Status.o)
 .debug_aranges
                0x00000cd0       0x70 .\CortexM3\ARM_GCC_541\Debug\Scope_KitProg.a(Trigger_Comp.o)
 .debug_aranges
                0x00000d40       0x60 .\CortexM3\ARM_GCC_541\Debug\Scope_KitProg.a(PRS.o)
 .debug_aranges
                0x00000da0       0x28 .\CortexM3\ARM_GCC_541\Debug\Scope_KitProg.a(Wave_Control.o)
 .debug_aranges
                0x00000dc8       0x40 .\CortexM3\ARM_GCC_541\Debug\Scope_KitProg.a(AuxDAC_Buf.o)
 .debug_aranges
                0x00000e08       0x58 .\CortexM3\ARM_GCC_541\Debug\Scope_KitProg.a(AuxDAC_1.o)
 .debug_aranges
                0x00000e60       0x48 .\CortexM3\ARM_GCC_541\Debug\Scope_KitProg.a(ScopeA_Buf.o)
 .debug_aranges
                0x00000ea8       0x48 .\CortexM3\ARM_GCC_541\Debug\Scope_KitProg.a(ScopeB_Buf.o)
 .debug_aranges
                0x00000ef0       0x50 .\CortexM3\ARM_GCC_541\Debug\Scope_KitProg.a(WaveA_DAC.o)
 .debug_aranges
                0x00000f40       0x40 .\CortexM3\ARM_GCC_541\Debug\Scope_KitProg.a(WaveA_Buf.o)
 .debug_aranges
                0x00000f80       0x70 .\CortexM3\ARM_GCC_541\Debug\Scope_KitProg.a(WaveA_Clock.o)
 .debug_aranges
                0x00000ff0       0x40 .\CortexM3\ARM_GCC_541\Debug\Scope_KitProg.a(WaveB_Buf.o)
 .debug_aranges
                0x00001030       0x50 .\CortexM3\ARM_GCC_541\Debug\Scope_KitProg.a(WaveB_DAC.o)
 .debug_aranges
                0x00001080       0x70 .\CortexM3\ARM_GCC_541\Debug\Scope_KitProg.a(WaveB_Clock.o)
 .debug_aranges
                0x000010f0       0x28 .\CortexM3\ARM_GCC_541\Debug\Scope_KitProg.a(WaveA_DAC_Wave1_DMA_dma.o)
 .debug_aranges
                0x00001118       0x28 .\CortexM3\ARM_GCC_541\Debug\Scope_KitProg.a(WaveA_DAC_Wave2_DMA_dma.o)
 .debug_aranges
                0x00001140       0x58 .\CortexM3\ARM_GCC_541\Debug\Scope_KitProg.a(WaveA_DAC_VDAC8.o)
 .debug_aranges
                0x00001198       0x28 .\CortexM3\ARM_GCC_541\Debug\Scope_KitProg.a(WaveB_DAC_Wave1_DMA_dma.o)
 .debug_aranges
                0x000011c0       0x28 .\CortexM3\ARM_GCC_541\Debug\Scope_KitProg.a(WaveB_DAC_Wave2_DMA_dma.o)
 .debug_aranges