Archive member included to satisfy reference by file (symbol)

.\CortexM3\ARM_GCC_541\Debug\Scope-CY8CKIT-59.a(CyDmac.o)
                              .\CortexM3\ARM_GCC_541\Debug\Cm3Start.o (CyDmacConfigure)
.\CortexM3\ARM_GCC_541\Debug\Scope-CY8CKIT-59.a(CyLib.o)
                              .\CortexM3\ARM_GCC_541\Debug\Cm3Start.o (CyResetStatus)
.\CortexM3\ARM_GCC_541\Debug\Scope-CY8CKIT-59.a(cyPm.o)
                              .\CortexM3\ARM_GCC_541\Debug\Scope-CY8CKIT-59.a(CyLib.o) (CyPmReadStatus)
.\CortexM3\ARM_GCC_541\Debug\Scope-CY8CKIT-59.a(ADC_2.o)
                              .\CortexM3\ARM_GCC_541\Debug\main.o (ADC_2_Start)
.\CortexM3\ARM_GCC_541\Debug\Scope-CY8CKIT-59.a(ADC_2_INT.o)
                              .\CortexM3\ARM_GCC_541\Debug\Scope-CY8CKIT-59.a(ADC_2.o) (ADC_2_ISR)
.\CortexM3\ARM_GCC_541\Debug\Scope-CY8CKIT-59.a(ADC_1.o)
                              .\CortexM3\ARM_GCC_541\Debug\main.o (ADC_1_Start)
.\CortexM3\ARM_GCC_541\Debug\Scope-CY8CKIT-59.a(ADC_1_INT.o)
                              .\CortexM3\ARM_GCC_541\Debug\Scope-CY8CKIT-59.a(ADC_1.o) (ADC_1_ISR)
.\CortexM3\ARM_GCC_541\Debug\Scope-CY8CKIT-59.a(USBUART.o)
                              .\CortexM3\ARM_GCC_541\Debug\main.o (USBUART_Start)
.\CortexM3\ARM_GCC_541\Debug\Scope-CY8CKIT-59.a(USBUART_cdc.o)
                              .\CortexM3\ARM_GCC_541\Debug\main.o (USBUART_CDC_Init)
.\CortexM3\ARM_GCC_541\Debug\Scope-CY8CKIT-59.a(USBUART_drv.o)
                              .\CortexM3\ARM_GCC_541\Debug\Scope-CY8CKIT-59.a(USBUART.o) (USBUART_EP)
.\CortexM3\ARM_GCC_541\Debug\Scope-CY8CKIT-59.a(USBUART_episr.o)
                              .\CortexM3\ARM_GCC_541\Debug\Scope-CY8CKIT-59.a(USBUART.o) (USBUART_EP_1_ISR)
.\CortexM3\ARM_GCC_541\Debug\Scope-CY8CKIT-59.a(USBUART_pm.o)
                              .\CortexM3\ARM_GCC_541\Debug\Scope-CY8CKIT-59.a(USBUART.o) (USBUART_DP_ISR)
.\CortexM3\ARM_GCC_541\Debug\Scope-CY8CKIT-59.a(USBUART_std.o)
                              .\CortexM3\ARM_GCC_541\Debug\Scope-CY8CKIT-59.a(USBUART_drv.o) (USBUART_HandleStandardRqst)
.\CortexM3\ARM_GCC_541\Debug\Scope-CY8CKIT-59.a(USBUART_vnd.o)
                              .\CortexM3\ARM_GCC_541\Debug\Scope-CY8CKIT-59.a(USBUART_drv.o) (USBUART_HandleVendorRqst)
.\CortexM3\ARM_GCC_541\Debug\Scope-CY8CKIT-59.a(SampleClock.o)
                              .\CortexM3\ARM_GCC_541\Debug\main.o (SampleClock_SetDividerRegister)
.\CortexM3\ARM_GCC_541\Debug\Scope-CY8CKIT-59.a(Vtrigger.o)
                              .\CortexM3\ARM_GCC_541\Debug\main.o (Vtrigger_Start)
.\CortexM3\ARM_GCC_541\Debug\Scope-CY8CKIT-59.a(Amux_Trigger.o)
                              .\CortexM3\ARM_GCC_541\Debug\main.o (Amux_Trigger_FastSelect)
.\CortexM3\ARM_GCC_541\Debug\Scope-CY8CKIT-59.a(DMA_Channel_1_dma.o)
                              .\CortexM3\ARM_GCC_541\Debug\main.o (DMA_Channel_1_DmaInitialize)
.\CortexM3\ARM_GCC_541\Debug\Scope-CY8CKIT-59.a(DMA_Channel_2_dma.o)
                              .\CortexM3\ARM_GCC_541\Debug\main.o (DMA_Channel_2_DmaInitialize)
.\CortexM3\ARM_GCC_541\Debug\Scope-CY8CKIT-59.a(PWM_Sample_Buffer.o)
                              .\CortexM3\ARM_GCC_541\Debug\main.o (PWM_Sample_Buffer_Start)
.\CortexM3\ARM_GCC_541\Debug\Scope-CY8CKIT-59.a(USBUART_Dp.o)
                              .\CortexM3\ARM_GCC_541\Debug\Scope-CY8CKIT-59.a(USBUART.o) (USBUART_Dp_ClearInterrupt)
.\CortexM3\ARM_GCC_541\Debug\Scope-CY8CKIT-59.a(Trigger_Control.o)
                              .\CortexM3\ARM_GCC_541\Debug\main.o (Trigger_Control_Write)
.\CortexM3\ARM_GCC_541\Debug\Scope-CY8CKIT-59.a(Trigger_Status.o)
                              .\CortexM3\ARM_GCC_541\Debug\main.o (Trigger_Status_Read)
.\CortexM3\ARM_GCC_541\Debug\Scope-CY8CKIT-59.a(Trigger_Comp.o)
                              .\CortexM3\ARM_GCC_541\Debug\main.o (Trigger_Comp_Start)
.\CortexM3\ARM_GCC_541\Debug\Scope-CY8CKIT-59.a(PRS.o)
                              .\CortexM3\ARM_GCC_541\Debug\main.o (PRS_Start)
.\CortexM3\ARM_GCC_541\Debug\Scope-CY8CKIT-59.a(Wave_Control.o)
                              .\CortexM3\ARM_GCC_541\Debug\main.o (Wave_Control_Write)
.\CortexM3\ARM_GCC_541\Debug\Scope-CY8CKIT-59.a(Digital_Out_Control.o)
                              .\CortexM3\ARM_GCC_541\Debug\main.o (Digital_Out_Control_Write)
.\CortexM3\ARM_GCC_541\Debug\Scope-CY8CKIT-59.a(Digital_Input_Status.o)
                              .\CortexM3\ARM_GCC_541\Debug\main.o (Digital_Input_Status_Read)
.\CortexM3\ARM_GCC_541\Debug\Scope-CY8CKIT-59.a(PWM_Clock.o)
                              .\CortexM3\ARM_GCC_541\Debug\main.o (PWM_Clock_SetDividerRegister)
.\CortexM3\ARM_GCC_541\Debug\Scope-CY8CKIT-59.a(Digital_PWM.o)
                              .\CortexM3\ARM_GCC_541\Debug\main.o (Digital_PWM_Start)
.\CortexM3\ARM_GCC_541\Debug\Scope-CY8CKIT-59.a(ScopeA_Buf.o)
                              .\CortexM3\ARM_GCC_541\Debug\main.o (ScopeA_Buf_SetGain)
.\CortexM3\ARM_GCC_541\Debug\Scope-CY8CKIT-59.a(ScopeB_Buf.o)
[...]
Memory Configuration

Name             Origin             Length             Attributes
rom              0x00000000         0x00040000         xr
ram              0x1fff8000         0x00010000         xrw
*default*        0x00000000         0xffffffff

Linker script and memory map

LOAD c:/program files (x86)/cypress/psoc creator/4.4/psoc creator/import/gnu/arm/5.4.1/bin/../lib/gcc/arm-none-eabi/5.4.1/armv7-m/crti.o
LOAD c:/program files (x86)/cypress/psoc creator/4.4/psoc creator/import/gnu/arm/5.4.1/bin/../lib/gcc/arm-none-eabi/5.4.1/armv7-m/crtbegin.o
LOAD c:/program files (x86)/cypress/psoc creator/4.4/psoc creator/import/gnu/arm/5.4.1/bin/../lib/gcc/arm-none-eabi/5.4.1/../../../../arm-none-eabi/lib/armv7-m/crt0.o
START GROUP
LOAD .\CortexM3\ARM_GCC_541\Debug\main.o
LOAD .\CortexM3\ARM_GCC_541\Debug\cyfitter_cfg.o
LOAD .\CortexM3\ARM_GCC_541\Debug\Cm3Start.o
LOAD .\CortexM3\ARM_GCC_541\Debug\cymetadata.o
LOAD .\CortexM3\ARM_GCC_541\Debug\Scope-CY8CKIT-59.a
LOAD C:\Program Files (x86)\Cypress\PSoC Creator\4.4\PSoC Creator\psoc\content\cycomponentlibrary\CyComponentLibrary.cylib\CortexM3\ARM_GCC_541\Debug\CyComponentLibrary.a
END GROUP
START GROUP
LOAD c:/program files (x86)/cypress/psoc creator/4.4/psoc creator/import/gnu/arm/5.4.1/bin/../lib/gcc/arm-none-eabi/5.4.1/armv7-m\libgcc.a
LOAD c:/program files (x86)/cypress/psoc creator/4.4/psoc creator/import/gnu/arm/5.4.1/bin/../lib/gcc/arm-none-eabi/5.4.1/../../../../arm-none-eabi/lib/armv7-m\libg_nano.a
LOAD c:/program files (x86)/cypress/psoc creator/4.4/psoc creator/import/gnu/arm/5.4.1/bin/../lib/gcc/arm-none-eabi/5.4.1/../../../../arm-none-eabi/lib/armv7-m\libc_nano.a
END GROUP
START GROUP
LOAD c:/program files (x86)/cypress/psoc creator/4.4/psoc creator/import/gnu/arm/5.4.1/bin/../lib/gcc/arm-none-eabi/5.4.1/armv7-m\libgcc.a
LOAD c:/program files (x86)/cypress/psoc creator/4.4/psoc creator/import/gnu/arm/5.4.1/bin/../lib/gcc/arm-none-eabi/5.4.1/../../../../arm-none-eabi/lib/armv7-m\libc_nano.a
END GROUP
LOAD c:/program files (x86)/cypress/psoc creator/4.4/psoc creator/import/gnu/arm/5.4.1/bin/../lib/gcc/arm-none-eabi/5.4.1/armv7-m/crtend.o
LOAD c:/program files (x86)/cypress/psoc creator/4.4/psoc creator/import/gnu/arm/5.4.1/bin/../lib/gcc/arm-none-eabi/5.4.1/armv7-m/crtn.o
START GROUP
LOAD c:/program files (x86)/cypress/psoc creator/4.4/psoc creator/import/gnu/arm/5.4.1/bin/../lib/gcc/arm-none-eabi/5.4.1/armv7-m\libgcc.a
LOAD c:/program files (x86)/cypress/psoc creator/4.4/psoc creator/import/gnu/arm/5.4.1/bin/../lib/gcc/arm-none-eabi/5.4.1/../../../../arm-none-eabi/lib/armv7-m\libc.a
LOAD c:/program files (x86)/cypress/psoc creator/4.4/psoc creator/import/gnu/arm/5.4.1/bin/../lib/gcc/arm-none-eabi/5.4.1/../../../../arm-none-eabi/lib/armv7-m\libnosys.a
END GROUP
                0x00000000                CY_APPL_ORIGIN = 0x0
                0x00000100                CY_FLASH_ROW_SIZE = 0x100
                0x00000020                CY_ECC_ROW_SIZE = 0x20
                0x00000000                CY_EE_IN_BTLDR = 0x0
                0x00000000                CY_APPL_LOADABLE = 0x0
                0x00000800                CY_EE_SIZE = 0x800
                0x00000001                CY_APPL_NUM = 0x1
                0x00000001                CY_APPL_MAX = 0x1
                0x00000040                CY_METADATA_SIZE = 0x40
                0x00000000                CY_APPL_LOADABLE = 0x0
                0x00000000                CY_CHECKSUM_EXCLUDE_SIZE = ALIGN (0x0, CY_FLASH_ROW_SIZE)
                [!provide]                PROVIDE (__cy_heap_start, _end)
                0x00000001                PROVIDE (__cy_region_num, ((__cy_regions_end - __cy_regions) / 0x10))
                0x20008000                PROVIDE (__cy_stack, (ORIGIN (ram) + LENGTH (ram)))
                [!provide]                PROVIDE (__cy_heap_end, (__cy_stack - 0x800))

.cybootloader   0x00000000        0x0
 *(.cybootloader)
                0x00000000                appl1_start = CY_APPL_ORIGIN?CY_APPL_ORIGIN:ALIGN (CY_FLASH_ROW_SIZE)
                0x0001ff00                appl2_start = (appl1_start + ALIGN ((((LENGTH (rom) - appl1_start) - (0x2 * CY_FLASH_ROW_SIZE)) / 0x2), CY_FLASH_ROW_SIZE))
                0x00000000                appl_start = (CY_APPL_NUM == 0x1)?appl1_start:appl2_start
                0x00000000                ecc_offset = ((appl_start / CY_FLASH_ROW_SIZE) * CY_ECC_ROW_SIZE)
                0x00000000                ee_offset = (CY_APPL_LOADABLE && ! (CY_EE_IN_BTLDR))?((CY_EE_SIZE / CY_APPL_MAX) * (CY_APPL_NUM - 0x1)):0x0
                0x00000800                ee_size = (CY_APPL_LOADABLE && ! (CY_EE_IN_BTLDR))?(CY_EE_SIZE / CY_APPL_MAX):CY_EE_SIZE
                [!provide]                PROVIDE (CY_ECC_OFFSET, ecc_offset)

.text           0x00000000     0x8b32
 CREATE_OBJECT_SYMBOLS
                0x00000000                PROVIDE (__cy_interrupt_vector, RomVectors)
 *(.romvectors)
 .romvectors    0x00000000       0x10 .\CortexM3\ARM_GCC_541\Debug\Cm3Start.o
                0x00000000                RomVectors
                0x00000001                ASSERT ((. != __cy_interrupt_vector), No interrupt vector)
                0x00000001                ASSERT (CY_APPL_ORIGIN?(SIZEOF (.cybootloader) <= CY_APPL_ORIGIN):0x1, Wrong image location)
                0x00000010                PROVIDE (__cy_reset, Reset)
 *(.text.Reset)
 .text.Reset    0x00000010       0x18 .\CortexM3\ARM_GCC_541\Debug\Cm3Start.o
                0x00000010                Reset
                0x00000001                ASSERT ((. != __cy_reset), No reset code)
 *(.dma_init)
                0x00000001                ASSERT ((((appl_start + .) <= 0x10000) || 0x1), DMA Init must be within the first 64k of flash)
 *(.text .text.* .gnu.linkonce.t.*)
 .text          0x00000028       0x5c c:/program files (x86)/cypress/psoc creator/4.4/psoc creator/import/gnu/arm/5.4.1/bin/../lib/gcc/arm-none-eabi/5.4.1/armv7-m/crtbegin.o
 *fill*         0x00000084        0x4 
 .text.main     0x00000088     0x1278 .\CortexM3\ARM_GCC_541\Debug\main.o
                0x00000088                main
 .text.Hardware_Config
                0x00001300      0x158 .\CortexM3\ARM_GCC_541\Debug\main.o
                0x00001300                Hardware_Config
 .text.DMA_Config
                0x00001458      0x130 .\CortexM3\ARM_GCC_541\Debug\main.o
                0x00001458                DMA_Config
 .text.GetLastSampleIndex
                0x00001588       0x60 .\CortexM3\ARM_GCC_541\Debug\main.o
                0x00001588                GetLastSampleIndex
 .text.CommandCheck
                0x000015e8      0x180 .\CortexM3\ARM_GCC_541\Debug\main.o
                0x000015e8                CommandCheck
 .text.PutString
                0x00001768       0x24 .\CortexM3\ARM_GCC_541\Debug\main.o
                0x00001768                PutString
 .text.PutChar  0x0000178c       0x28 .\CortexM3\ARM_GCC_541\Debug\main.o
                0x0000178c                PutChar
 .text.CYMEMZERO
                0x000017b4       0x1c .\CortexM3\ARM_GCC_541\Debug\cyfitter_cfg.o
 .text.CYCONFIGCPY
                0x000017d0       0x20 .\CortexM3\ARM_GCC_541\Debug\cyfitter_cfg.o
 .text.CyClockStartupError
                0x000017f0        0xc .\CortexM3\ARM_GCC_541\Debug\cyfitter_cfg.o
 .text.cfg_write_bytes32
                0x000017fc       0x74 .\CortexM3\ARM_GCC_541\Debug\cyfitter_cfg.o
 .text.ClockSetup
                0x00001870      0x168 .\CortexM3\ARM_GCC_541\Debug\cyfitter_cfg.o
 .text.AnalogSetDefault
                0x000019d8      0x180 .\CortexM3\ARM_GCC_541\Debug\cyfitter_cfg.o
 .text.AMux_1_Set
                0x00001b58       0x40 .\CortexM3\ARM_GCC_541\Debug\cyfitter_cfg.o
                0x00001b58                AMux_1_Set
 .text.AMux_1_Unset
                0x00001b98       0x44 .\CortexM3\ARM_GCC_541\Debug\cyfitter_cfg.o
                0x00001b98                AMux_1_Unset
 .text.AMux_2_Set
                0x00001bdc       0x6c .\CortexM3\ARM_GCC_541\Debug\cyfitter_cfg.o
                0x00001bdc                AMux_2_Set
 .text.AMux_2_Unset
                0x00001c48       0x74 .\CortexM3\ARM_GCC_541\Debug\cyfitter_cfg.o
                0x00001c48                AMux_2_Unset
 .text.Amux_Trigger_Set
                0x00001cbc       0x40 .\CortexM3\ARM_GCC_541\Debug\cyfitter_cfg.o
                0x00001cbc                Amux_Trigger_Set
 .text.Amux_Trigger_Unset
                0x00001cfc       0x44 .\CortexM3\ARM_GCC_541\Debug\cyfitter_cfg.o
                0x00001cfc                Amux_Trigger_Unset
 .text.cyfitter_cfg
                0x00001d40      0x1c0 .\CortexM3\ARM_GCC_541\Debug\cyfitter_cfg.o
                0x00001d40                cyfitter_cfg
 .text.IntDefaultHandler
                0x00001f00       0x14 .\CortexM3\ARM_GCC_541\Debug\Cm3Start.o
                0x00001f00                IntDefaultHandler
 .text._sbrk    0x00001f14       0x50 .\CortexM3\ARM_GCC_541\Debug\Cm3Start.o
                0x00001f14                _sbrk
 .text.Start_c  0x00001f64       0x98 .\CortexM3\ARM_GCC_541\Debug\Cm3Start.o
                0x00001f64                Start_c
 .text.initialize_psoc
                0x00001ffc       0x94 .\CortexM3\ARM_GCC_541\Debug\Cm3Start.o
                0x00001ffc                initialize_psoc
 .text.CyDmacConfigure
                0x00002090       0x5c .\CortexM3\ARM_GCC_541\Debug\Scope-CY8CKIT-59.a(CyDmac.o)
                0x00002090                CyDmacConfigure
 .text.CyDmaChEnable
                0x000020ec       0x8c .\CortexM3\ARM_GCC_541\Debug\Scope-CY8CKIT-59.a(CyDmac.o)
                0x000020ec                CyDmaChEnable
 .text.CyDmaChPriority
                0x00002178       0x64 .\CortexM3\ARM_GCC_541\Debug\Scope-CY8CKIT-59.a(CyDmac.o)
                0x00002178                CyDmaChPriority
 .text.CyDmaChSetExtendedAddress
                0x000021dc       0x78 .\CortexM3\ARM_GCC_541\Debug\Scope-CY8CKIT-59.a(CyDmac.o)
                0x000021dc                CyDmaChSetExtendedAddress
 .text.CyDmaChSetInitialTd
                0x00002254       0x3c .\CortexM3\ARM_GCC_541\Debug\Scope-CY8CKIT-59.a(CyDmac.o)
                0x00002254                CyDmaChSetInitialTd
 .text.CyDmaChSetRequest
                0x00002290       0x58 .\CortexM3\ARM_GCC_541\Debug\Scope-CY8CKIT-59.a(CyDmac.o)
                0x00002290                CyDmaChSetRequest
 .text.CyDmaChSetConfiguration
                0x000022e8       0xa0 .\CortexM3\ARM_GCC_541\Debug\Scope-CY8CKIT-59.a(CyDmac.o)
                0x000022e8                CyDmaChSetConfiguration
 .text.CyDmaTdAllocate
                0x00002388       0x5c .\CortexM3\ARM_GCC_541\Debug\Scope-CY8CKIT-59.a(CyDmac.o)
                0x00002388                CyDmaTdAllocate
 .text.CyDmaTdSetConfiguration
                0x000023e4       0x80 .\CortexM3\ARM_GCC_541\Debug\Scope-CY8CKIT-59.a(CyDmac.o)
                0x000023e4                CyDmaTdSetConfiguration
 .text.CyDmaTdSetAddress
                0x00002464       0x5c .\CortexM3\ARM_GCC_541\Debug\Scope-CY8CKIT-59.a(CyDmac.o)
                0x00002464                CyDmaTdSetAddress
 .text.CyDmaChRoundRobin
                0x000024c0       0x70 .\CortexM3\ARM_GCC_541\Debug\Scope-CY8CKIT-59.a(CyDmac.o)
                0x000024c0                CyDmaChRoundRobin
 .text.CyHalt   0x00002530       0x18 .\CortexM3\ARM_GCC_541\Debug\Scope-CY8CKIT-59.a(CyLib.o)
                0x00002530                CyHalt
 .text.CyDelayUs
                0x00002548       0x28 .\CortexM3\ARM_GCC_541\Debug\Scope-CY8CKIT-59.a(CyLib.o)
                0x00002548                CyDelayUs
 .text.CyIntSetVector
                0x00002570       0x50 .\CortexM3\ARM_GCC_541\Debug\Scope-CY8CKIT-59.a(CyLib.o)
                0x00002570                CyIntSetVector
 .text.CyIntSetPriority
                0x000025c0       0x48 .\CortexM3\ARM_GCC_541\Debug\Scope-CY8CKIT-59.a(CyLib.o)
                0x000025c0                CyIntSetPriority
 .text.CyGetUniqueId
                0x00002608       0xc4 .\CortexM3\ARM_GCC_541\Debug\Scope-CY8CKIT-59.a(CyLib.o)
                0x00002608                CyGetUniqueId
 .text.ADC_2_Start
                0x000026cc       0x24 .\CortexM3\ARM_GCC_541\Debug\Scope-CY8CKIT-59.a(ADC_2.o)
                0x000026cc                ADC_2_Start
 .text.ADC_2_Init
                0x000026f0       0x40 .\CortexM3\ARM_GCC_541\Debug\Scope-CY8CKIT-59.a(ADC_2.o)
                0x000026f0                ADC_2_Init
 .text.ADC_2_Enable
                0x00002730       0xcc .\CortexM3\ARM_GCC_541\Debug\Scope-CY8CKIT-59.a(ADC_2.o)
                0x00002730                ADC_2_Enable
 .text.ADC_2_SetResolution
                0x000027fc       0x54 .\CortexM3\ARM_GCC_541\Debug\Scope-CY8CKIT-59.a(ADC_2.o)
                0x000027fc                ADC_2_SetResolution
 .text.ADC_2_CalcGain
                0x00002850       0x80 .\CortexM3\ARM_GCC_541\Debug\Scope-CY8CKIT-59.a(ADC_2.o)
 .text.ADC_2_ISR
                0x000028d0        0xc .\CortexM3\ARM_GCC_541\Debug\Scope-CY8CKIT-59.a(ADC_2_INT.o)
                0x000028d0                ADC_2_ISR
 .text.ADC_1_Start
                0x000028dc       0x24 .\CortexM3\ARM_GCC_541\Debug\Scope-CY8CKIT-59.a(ADC_1.o)
                0x000028dc                ADC_1_Start
 .text.ADC_1_Init
                0x00002900       0x40 .\CortexM3\ARM_GCC_541\Debug\Scope-CY8CKIT-59.a(ADC_1.o)
                0x00002900                ADC_1_Init
 .text.ADC_1_Enable
                0x00002940       0xcc .\CortexM3\ARM_GCC_541\Debug\Scope-CY8CKIT-59.a(ADC_1.o)
                0x00002940                ADC_1_Enable
 .text.ADC_1_SetResolution
                0x00002a0c       0x54 .\CortexM3\ARM_GCC_541\Debug\Scope-CY8CKIT-59.a(ADC_1.o)
                0x00002a0c                ADC_1_SetResolution
 .text.ADC_1_CalcGain
                0x00002a60       0x80 .\CortexM3\ARM_GCC_541\Debug\Scope-CY8CKIT-59.a(ADC_1.o)
 .text.ADC_1_ISR
                0x00002ae0        0xc .\CortexM3\ARM_GCC_541\Debug\Scope-CY8CKIT-59.a(ADC_1_INT.o)
                0x00002ae0                ADC_1_ISR
 .text.USBUART_Start
                0x00002aec       0x3c .\CortexM3\ARM_GCC_541\Debug\Scope-CY8CKIT-59.a(USBUART.o)
                0x00002aec                USBUART_Start
 .text.USBUART_Init
                0x00002b28      0x1a4 .\CortexM3\ARM_GCC_541\Debug\Scope-CY8CKIT-59.a(USBUART.o)
                0x00002b28                USBUART_Init
 .text.USBUART_InitComponent
                0x00002ccc      0x100 .\CortexM3\ARM_GCC_541\Debug\Scope-CY8CKIT-59.a(USBUART.o)
                0x00002ccc                USBUART_InitComponent
 .text.USBUART_ReInitComponent
                0x00002dcc       0x68 .\CortexM3\ARM_GCC_541\Debug\Scope-CY8CKIT-59.a(USBUART.o)
                0x00002dcc                USBUART_ReInitComponent
 .text.USBUART_GetConfiguration
                0x00002e34       0x18 .\CortexM3\ARM_GCC_541\Debug\Scope-CY8CKIT-59.a(USBUART.o)
                0x00002e34                USBUART_GetConfiguration
 .text.USBUART_GetEPState
                0x00002e4c       0x2c .\CortexM3\ARM_GCC_541\Debug\Scope-CY8CKIT-59.a(USBUART.o)
                0x00002e4c                USBUART_GetEPState
 .text.USBUART_GetEPCount
                0x00002e78       0x60 .\CortexM3\ARM_GCC_541\Debug\Scope-CY8CKIT-59.a(USBUART.o)
                0x00002e78                USBUART_GetEPCount
 .text.USBUART_LoadInEP
                0x00002ed8      0x108 .\CortexM3\ARM_GCC_541\Debug\Scope-CY8CKIT-59.a(USBUART.o)
                0x00002ed8                USBUART_LoadInEP
 .text.USBUART_ReadOutEP
                0x00002fe0       0x8c .\CortexM3\ARM_GCC_541\Debug\Scope-CY8CKIT-59.a(USBUART.o)
                0x00002fe0                USBUART_ReadOutEP
 .text.USBUART_EnableOutEP
                0x0000306c       0x5c .\CortexM3\ARM_GCC_541\Debug\Scope-CY8CKIT-59.a(USBUART.o)
                0x0000306c                USBUART_EnableOutEP
 .text.USBUART_DispatchCDCClassRqst
                0x000030c8       0xe4 .\CortexM3\ARM_GCC_541\Debug\Scope-CY8CKIT-59.a(USBUART_cdc.o)
                0x000030c8                USBUART_DispatchCDCClassRqst
 .text.USBUART_GetInterfaceComPort
                0x000031ac       0x60 .\CortexM3\ARM_GCC_541\Debug\Scope-CY8CKIT-59.a(USBUART_cdc.o)
                0x000031ac                USBUART_GetInterfaceComPort
 .text.USBUART_CDC_Init
                0x0000320c       0xa8 .\CortexM3\ARM_GCC_541\Debug\Scope-CY8CKIT-59.a(USBUART_cdc.o)
                0x0000320c                USBUART_CDC_Init
 .text.USBUART_PutData
                0x000032b4       0x6c .\CortexM3\ARM_GCC_541\Debug\Scope-CY8CKIT-59.a(USBUART_cdc.o)
                0x000032b4                USBUART_PutData
 .text.USBUART_StrLen
                0x00003320       0x2c .\CortexM3\ARM_GCC_541\Debug\Scope-CY8CKIT-59.a(USBUART_cdc.o)
 .text.USBUART_PutString
                0x0000334c       0xdc .\CortexM3\ARM_GCC_541\Debug\Scope-CY8CKIT-59.a(USBUART_cdc.o)
                0x0000334c                USBUART_PutString
 .text.USBUART_PutChar
                0x00003428       0x38 .\CortexM3\ARM_GCC_541\Debug\Scope-CY8CKIT-59.a(USBUART_cdc.o)
                0x00003428                USBUART_PutChar
 .text.USBUART_GetCount
                0x00003460       0x54 .\CortexM3\ARM_GCC_541\Debug\Scope-CY8CKIT-59.a(USBUART_cdc.o)
                0x00003460                USBUART_GetCount
 .text.USBUART_DataIsReady
                0x000034b4       0x24 .\CortexM3\ARM_GCC_541\Debug\Scope-CY8CKIT-59.a(USBUART_cdc.o)
                0x000034b4                USBUART_DataIsReady
 .text.USBUART_CDCIsReady
                0x000034d8       0x24 .\CortexM3\ARM_GCC_541\Debug\Scope-CY8CKIT-59.a(USBUART_cdc.o)
                0x000034d8                USBUART_CDCIsReady
 .text.USBUART_GetAll
                0x000034fc       0x4c .\CortexM3\ARM_GCC_541\Debug\Scope-CY8CKIT-59.a(USBUART_cdc.o)
                0x000034fc                USBUART_GetAll
 .text.USBUART_IsLineChanged
                0x00003548       0x54 .\CortexM3\ARM_GCC_541\Debug\Scope-CY8CKIT-59.a(USBUART_cdc.o)
                0x00003548                USBUART_IsLineChanged
 .text.USBUART_Cdc_EpInit
                0x0000359c       0x90 .\CortexM3\ARM_GCC_541\Debug\Scope-CY8CKIT-59.a(USBUART_cdc.o)
                0x0000359c                USBUART_Cdc_EpInit
 .text.USBUART_EP_0_ISR
                0x0000362c       0xf8 .\CortexM3\ARM_GCC_541\Debug\Scope-CY8CKIT-59.a(USBUART_drv.o)
                0x0000362c                USBUART_EP_0_ISR
 .text.USBUART_HandleSetup
                0x00003724       0x88 .\CortexM3\ARM_GCC_541\Debug\Scope-CY8CKIT-59.a(USBUART_drv.o)
                0x00003724                USBUART_HandleSetup
 .text.USBUART_HandleIN
                0x000037ac       0x4c .\CortexM3\ARM_GCC_541\Debug\Scope-CY8CKIT-59.a(USBUART_drv.o)
                0x000037ac                USBUART_HandleIN
 .text.USBUART_HandleOUT
                0x000037f8       0x58 .\CortexM3\ARM_GCC_541\Debug\Scope-CY8CKIT-59.a(USBUART_drv.o)
                0x000037f8                USBUART_HandleOUT
 .text.USBUART_LoadEP0
                0x00003850       0xd0 .\CortexM3\ARM_GCC_541\Debug\Scope-CY8CKIT-59.a(USBUART_drv.o)
                0x00003850                USBUART_LoadEP0
 .text.USBUART_InitControlRead
                0x00003920       0x70 .\CortexM3\ARM_GCC_541\Debug\Scope-CY8CKIT-59.a(USBUART_drv.o)
                0x00003920                USBUART_InitControlRead
 .text.USBUART_InitZeroLengthControlTransfer
                0x00003990       0x40 .\CortexM3\ARM_GCC_541\Debug\Scope-CY8CKIT-59.a(USBUART_drv.o)
                0x00003990                USBUART_InitZeroLengthControlTransfer
 .text.USBUART_ControlReadDataStage
                0x000039d0        0xc .\CortexM3\ARM_GCC_541\Debug\Scope-CY8CKIT-59.a(USBUART_drv.o)
                0x000039d0                USBUART_ControlReadDataStage
 .text.USBUART_ControlReadStatusStage
                0x000039dc       0x40 .\CortexM3\ARM_GCC_541\Debug\Scope-CY8CKIT-59.a(USBUART_drv.o)
                0x000039dc                USBUART_ControlReadStatusStage
 .text.USBUART_InitControlWrite
                0x00003a1c       0x64 .\CortexM3\ARM_GCC_541\Debug\Scope-CY8CKIT-59.a(USBUART_drv.o)
                0x00003a1c                USBUART_InitControlWrite
 .text.USBUART_ControlWriteDataStage
                0x00003a80       0xb4 .\CortexM3\ARM_GCC_541\Debug\Scope-CY8CKIT-59.a(USBUART_drv.o)
                0x00003a80                USBUART_ControlWriteDataStage
 .text.USBUART_ControlWriteStatusStage
                0x00003b34       0x24 .\CortexM3\ARM_GCC_541\Debug\Scope-CY8CKIT-59.a(USBUART_drv.o)
                0x00003b34                USBUART_ControlWriteStatusStage
 .text.USBUART_InitNoDataControlTransfer
                0x00003b58       0x38 .\CortexM3\ARM_GCC_541\Debug\Scope-CY8CKIT-59.a(USBUART_drv.o)
                0x00003b58                USBUART_InitNoDataControlTransfer
 .text.USBUART_NoDataControlStatusStage
                0x00003b90       0x4c .\CortexM3\ARM_GCC_541\Debug\Scope-CY8CKIT-59.a(USBUART_drv.o)
                0x00003b90                USBUART_NoDataControlStatusStage
 .text.USBUART_UpdateStatusBlock
                0x00003bdc       0x40 .\CortexM3\ARM_GCC_541\Debug\Scope-CY8CKIT-59.a(USBUART_drv.o)
                0x00003bdc                USBUART_UpdateStatusBlock
 .text.USBUART_InitializeStatusBlock
                0x00003c1c       0x34 .\CortexM3\ARM_GCC_541\Debug\Scope-CY8CKIT-59.a(USBUART_drv.o)
                0x00003c1c                USBUART_InitializeStatusBlock
 .text.USBUART_EP_1_ISR
                0x00003c50       0x48 .\CortexM3\ARM_GCC_541\Debug\Scope-CY8CKIT-59.a(USBUART_episr.o)
                0x00003c50                USBUART_EP_1_ISR
 .text.USBUART_EP_2_ISR
                0x00003c98       0x4c .\CortexM3\ARM_GCC_541\Debug\Scope-CY8CKIT-59.a(USBUART_episr.o)
                0x00003c98                USBUART_EP_2_ISR
 .text.USBUART_EP_3_ISR
                0x00003ce4       0x54 .\CortexM3\ARM_GCC_541\Debug\Scope-CY8CKIT-59.a(USBUART_episr.o)
                0x00003ce4                USBUART_EP_3_ISR
 .text.USBUART_SOF_ISR
                0x00003d38        0xc .\CortexM3\ARM_GCC_541\Debug\Scope-CY8CKIT-59.a(USBUART_episr.o)
                0x00003d38                USBUART_SOF_ISR
 .text.USBUART_BUS_RESET_ISR
                0x00003d44        0xc .\CortexM3\ARM_GCC_541\Debug\Scope-CY8CKIT-59.a(USBUART_episr.o)
                0x00003d44                USBUART_BUS_RESET_ISR
 .text.USBUART_DP_ISR
                0x00003d50        0xc .\CortexM3\ARM_GCC_541\Debug\Scope-CY8CKIT-59.a(USBUART_pm.o)
                0x00003d50                USBUART_DP_ISR
 .text.USBUART_HandleStandardRqst
                0x00003d5c      0x4a4 .\CortexM3\ARM_GCC_541\Debug\Scope-CY8CKIT-59.a(USBUART_std.o)
                0x00003d5c                USBUART_HandleStandardRqst
 .text.USBUART_ReadDieID
                0x00004200       0xd8 .\CortexM3\ARM_GCC_541\Debug\Scope-CY8CKIT-59.a(USBUART_std.o)
                0x00004200                USBUART_ReadDieID
 .text.USBUART_ConfigReg
                0x000042d8      0x138 .\CortexM3\ARM_GCC_541\Debug\Scope-CY8CKIT-59.a(USBUART_std.o)
                0x000042d8                USBUART_ConfigReg
 .text.USBUART_Config
                0x00004410      0x3a4 .\CortexM3\ARM_GCC_541\Debug\Scope-CY8CKIT-59.a(USBUART_std.o)
                0x00004410                USBUART_Config
 .text.USBUART_ConfigAltChanged
                0x000047b4      0x25c .\CortexM3\ARM_GCC_541\Debug\Scope-CY8CKIT-59.a(USBUART_std.o)
                0x000047b4                USBUART_ConfigAltChanged
 .text.USBUART_GetConfigTablePtr
                0x00004a10       0x50 .\CortexM3\ARM_GCC_541\Debug\Scope-CY8CKIT-59.a(USBUART_std.o)
                0x00004a10                USBUART_GetConfigTablePtr
 .text.USBUART_GetDeviceTablePtr
                0x00004a60       0x24 .\CortexM3\ARM_GCC_541\Debug\Scope-CY8CKIT-59.a(USBUART_std.o)
                0x00004a60                USBUART_GetDeviceTablePtr
 .text.USBUART_GetInterfaceClassTablePtr
                0x00004a84       0x4c .\CortexM3\ARM_GCC_541\Debug\Scope-CY8CKIT-59.a(USBUART_std.o)
                0x00004a84                USBUART_GetInterfaceClassTablePtr
 .text.USBUART_SetEndpointHalt
                0x00004ad0       0xe8 .\CortexM3\ARM_GCC_541\Debug\Scope-CY8CKIT-59.a(USBUART_std.o)
                0x00004ad0                USBUART_SetEndpointHalt
 .text.USBUART_ClearEndpointHalt
                0x00004bb8      0x158 .\CortexM3\ARM_GCC_541\Debug\Scope-CY8CKIT-59.a(USBUART_std.o)
                0x00004bb8                USBUART_ClearEndpointHalt
 .text.USBUART_ValidateAlternateSetting
                0x00004d10       0x70 .\CortexM3\ARM_GCC_541\Debug\Scope-CY8CKIT-59.a(USBUART_std.o)
                0x00004d10                USBUART_ValidateAlternateSetting
 .text.USBUART_HandleVendorRqst
                0x00004d80       0x54 .\CortexM3\ARM_GCC_541\Debug\Scope-CY8CKIT-59.a(USBUART_vnd.o)
                0x00004d80                USBUART_HandleVendorRqst
 .text.SampleClock_SetDividerRegister
                0x00004dd4      0x164 .\CortexM3\ARM_GCC_541\Debug\Scope-CY8CKIT-59.a(SampleClock.o)
                0x00004dd4                SampleClock_SetDividerRegister
 .text.SampleClock_GetDividerRegister
                0x00004f38       0x18 .\CortexM3\ARM_GCC_541\Debug\Scope-CY8CKIT-59.a(SampleClock.o)
                0x00004f38                SampleClock_GetDividerRegister
 .text.SampleClock_GetSourceRegister
                0x00004f50       0x1c .\CortexM3\ARM_GCC_541\Debug\Scope-CY8CKIT-59.a(SampleClock.o)
                0x00004f50                SampleClock_GetSourceRegister
 .text.Vtrigger_Init
                0x00004f6c       0x28 .\CortexM3\ARM_GCC_541\Debug\Scope-CY8CKIT-59.a(Vtrigger.o)
                0x00004f6c                Vtrigger_Init
 .text.Vtrigger_Enable
                0x00004f94       0x34 .\CortexM3\ARM_GCC_541\Debug\Scope-CY8CKIT-59.a(Vtrigger.o)
                0x00004f94                Vtrigger_Enable
 .text.Vtrigger_Start
                0x00004fc8       0x28 .\CortexM3\ARM_GCC_541\Debug\Scope-CY8CKIT-59.a(Vtrigger.o)
                0x00004fc8                Vtrigger_Start
 .text.Vtrigger_SetSpeed
                0x00004ff0       0x40 .\CortexM3\ARM_GCC_541\Debug\Scope-CY8CKIT-59.a(Vtrigger.o)
                0x00004ff0                Vtrigger_SetSpeed
 .text.Vtrigger_SetRange
                0x00005030       0x40 .\CortexM3\ARM_GCC_541\Debug\Scope-CY8CKIT-59.a(Vtrigger.o)
                0x00005030                Vtrigger_SetRange
 .text.Vtrigger_SetValue
                0x00005070       0x20 .\CortexM3\ARM_GCC_541\Debug\Scope-CY8CKIT-59.a(Vtrigger.o)
                0x00005070                Vtrigger_SetValue
 .text.Vtrigger_DacTrim
                0x00005090       0x3c .\CortexM3\ARM_GCC_541\Debug\Scope-CY8CKIT-59.a(Vtrigger.o)
                0x00005090                Vtrigger_DacTrim
 .text.Amux_Trigger_FastSelect
                0x000050cc       0x38 .\CortexM3\ARM_GCC_541\Debug\Scope-CY8CKIT-59.a(Amux_Trigger.o)
                0x000050cc                Amux_Trigger_FastSelect
 .text.DMA_Channel_1_DmaInitialize
                0x00005104       0x64 .\CortexM3\ARM_GCC_541\Debug\Scope-CY8CKIT-59.a(DMA_Channel_1_dma.o)
                0x00005104                DMA_Channel_1_DmaInitialize
 .text.DMA_Channel_2_DmaInitialize
                0x00005168       0x64 .\CortexM3\ARM_GCC_541\Debug\Scope-CY8CKIT-59.a(DMA_Channel_2_dma.o)
                0x00005168                DMA_Channel_2_DmaInitialize
 .text.PWM_Sample_Buffer_Start
                0x000051cc       0x24 .\CortexM3\ARM_GCC_541\Debug\Scope-CY8CKIT-59.a(PWM_Sample_Buffer.o)
                0x000051cc                PWM_Sample_Buffer_Start
 .text.PWM_Sample_Buffer_Init
                0x000051f0       0x94 .\CortexM3\ARM_GCC_541\Debug\Scope-CY8CKIT-59.a(PWM_Sample_Buffer.o)
                0x000051f0                PWM_Sample_Buffer_Init
 .text.PWM_Sample_Buffer_Enable
                0x00005284       0x20 .\CortexM3\ARM_GCC_541\Debug\Scope-CY8CKIT-59.a(PWM_Sample_Buffer.o)
                0x00005284                PWM_Sample_Buffer_Enable
 .text.PWM_Sample_Buffer_WriteCounter
                0x000052a4       0x20 .\CortexM3\ARM_GCC_541\Debug\Scope-CY8CKIT-59.a(PWM_Sample_Buffer.o)
                0x000052a4                PWM_Sample_Buffer_WriteCounter
 .text.PWM_Sample_Buffer_ClearFIFO
                0x000052c4       0x1c .\CortexM3\ARM_GCC_541\Debug\Scope-CY8CKIT-59.a(PWM_Sample_Buffer.o)
                0x000052c4                PWM_Sample_Buffer_ClearFIFO
 .text.PWM_Sample_Buffer_WritePeriod
                0x000052e0       0x20 .\CortexM3\ARM_GCC_541\Debug\Scope-CY8CKIT-59.a(PWM_Sample_Buffer.o)
                0x000052e0                PWM_Sample_Buffer_WritePeriod
 .text.PWM_Sample_Buffer_WriteCompare
                0x00005300       0x20 .\CortexM3\ARM_GCC_541\Debug\Scope-CY8CKIT-59.a(PWM_Sample_Buffer.o)
                0x00005300                PWM_Sample_Buffer_WriteCompare
 .text.PWM_Sample_Buffer_SetInterruptMode
                0x00005320       0x20 .\CortexM3\ARM_GCC_541\Debug\Scope-CY8CKIT-59.a(PWM_Sample_Buffer.o)
                0x00005320                PWM_Sample_Buffer_SetInterruptMode
 .text.PWM_Sample_Buffer_ReadStatusRegister
                0x00005340       0x18 .\CortexM3\ARM_GCC_541\Debug\Scope-CY8CKIT-59.a(PWM_Sample_Buffer.o)
                0x00005340                PWM_Sample_Buffer_ReadStatusRegister
 .text.PWM_Sample_Buffer_ReadCapture
                0x00005358       0x18 .\CortexM3\ARM_GCC_541\Debug\Scope-CY8CKIT-59.a(PWM_Sample_Buffer.o)
                0x00005358                PWM_Sample_Buffer_ReadCapture
 .text.USBUART_Dp_ClearInterrupt
                0x00005370       0x20 .\CortexM3\ARM_GCC_541\Debug\Scope-CY8CKIT-59.a(USBUART_Dp.o)
                0x00005370                USBUART_Dp_ClearInterrupt
 .text.Trigger_Control_Write
                0x00005390       0x20 .\CortexM3\ARM_GCC_541\Debug\Scope-CY8CKIT-59.a(Trigger_Control.o)
                0x00005390                Trigger_Control_Write
 .text.Trigger_Control_Read
                0x000053b0       0x18 .\CortexM3\ARM_GCC_541\Debug\Scope-CY8CKIT-59.a(Trigger_Control.o)
                0x000053b0                Trigger_Control_Read
 .text.Trigger_Status_Read
                0x000053c8       0x18 .\CortexM3\ARM_GCC_541\Debug\Scope-CY8CKIT-59.a(Trigger_Status.o)
                0x000053c8                Trigger_Status_Read
 .text.Trigger_Comp_Init
                0x000053e0       0x68 .\CortexM3\ARM_GCC_541\Debug\Scope-CY8CKIT-59.a(Trigger_Comp.o)
                0x000053e0                Trigger_Comp_Init
 .text.Trigger_Comp_Enable
                0x00005448       0x34 .\CortexM3\ARM_GCC_541\Debug\Scope-CY8CKIT-59.a(Trigger_Comp.o)
                0x00005448                Trigger_Comp_Enable
 .text.Trigger_Comp_Start
                0x0000547c       0x24 .\CortexM3\ARM_GCC_541\Debug\Scope-CY8CKIT-59.a(Trigger_Comp.o)
                0x0000547c                Trigger_Comp_Start
 .text.Trigger_Comp_SetSpeed
                0x000054a0       0x84 .\CortexM3\ARM_GCC_541\Debug\Scope-CY8CKIT-59.a(Trigger_Comp.o)
                0x000054a0                Trigger_Comp_SetSpeed
 .text.PRS_Init
                0x00005524       0x24 .\CortexM3\ARM_GCC_541\Debug\Scope-CY8CKIT-59.a(PRS.o)
                0x00005524                PRS_Init
 .text.PRS_Enable
                0x00005548       0x20 .\CortexM3\ARM_GCC_541\Debug\Scope-CY8CKIT-59.a(PRS.o)
                0x00005548                PRS_Enable
 .text.PRS_Start
                0x00005568       0x24 .\CortexM3\ARM_GCC_541\Debug\Scope-CY8CKIT-59.a(PRS.o)
                0x00005568                PRS_Start
 .text.PRS_ResetSeedInit
                0x0000558c       0x54 .\CortexM3\ARM_GCC_541\Debug\Scope-CY8CKIT-59.a(PRS.o)
                0x0000558c                PRS_ResetSeedInit
 .text.PRS_WriteSeed
                0x000055e0       0x20 .\CortexM3\ARM_GCC_541\Debug\Scope-CY8CKIT-59.a(PRS.o)
                0x000055e0                PRS_WriteSeed
 .text.PRS_WritePolynomial
                0x00005600       0x20 .\CortexM3\ARM_GCC_541\Debug\Scope-CY8CKIT-59.a(PRS.o)
                0x00005600                PRS_WritePolynomial
 .text.Wave_Control_Write
                0x00005620       0x20 .\CortexM3\ARM_GCC_541\Debug\Scope-CY8CKIT-59.a(Wave_Control.o)
                0x00005620                Wave_Control_Write
 .text.Wave_Control_Read
                0x00005640       0x18 .\CortexM3\ARM_GCC_541\Debug\Scope-CY8CKIT-59.a(Wave_Control.o)
                0x00005640                Wave_Control_Read
 .text.Digital_Out_Control_Write
                0x00005658       0x20 .\CortexM3\ARM_GCC_541\Debug\Scope-CY8CKIT-59.a(Digital_Out_Control.o)
                0x00005658                Digital_Out_Control_Write
 .text.Digital_Input_Status_Read
                0x00005678       0x18 .\CortexM3\ARM_GCC_541\Debug\Scope-CY8CKIT-59.a(Digital_Input_Status.o)
                0x00005678                Digital_Input_Status_Read
 .text.PWM_Clock_SetDividerRegister
                0x00005690      0x164 .\CortexM3\ARM_GCC_541\Debug\Scope-CY8CKIT-59.a(PWM_Clock.o)
                0x00005690                PWM_Clock_SetDividerRegister
 .text.PWM_Clock_GetDividerRegister
                0x000057f4       0x18 .\CortexM3\ARM_GCC_541\Debug\Scope-CY8CKIT-59.a(PWM_Clock.o)
                0x000057f4                PWM_Clock_GetDividerRegister
 .text.PWM_Clock_GetSourceRegister
                0x0000580c       0x1c .\CortexM3\ARM_GCC_541\Debug\Scope-CY8CKIT-59.a(PWM_Clock.o)
                0x0000580c                PWM_Clock_GetSourceRegister
 .text.Digital_PWM_Start
                0x00005828       0x24 .\CortexM3\ARM_GCC_541\Debug\Scope-CY8CKIT-59.a(Digital_PWM.o)
                0x00005828                Digital_PWM_Start
 .text.Digital_PWM_Init
                0x0000584c       0x80 .\CortexM3\ARM_GCC_541\Debug\Scope-CY8CKIT-59.a(Digital_PWM.o)
                0x0000584c                Digital_PWM_Init
 .text.Digital_PWM_Enable
                0x000058cc       0x20 .\CortexM3\ARM_GCC_541\Debug\Scope-CY8CKIT-59.a(Digital_PWM.o)
                0x000058cc                Digital_PWM_Enable
 .text.Digital_PWM_WriteCounter
                0x000058ec       0x20 .\CortexM3\ARM_GCC_541\Debug\Scope-CY8CKIT-59.a(Digital_PWM.o)
                0x000058ec                Digital_PWM_WriteCounter
 .text.Digital_PWM_ClearFIFO
                0x0000590c       0x1c .\CortexM3\ARM_GCC_541\Debug\Scope-CY8CKIT-59.a(Digital_PWM.o)
                0x0000590c                Digital_PWM_ClearFIFO
 .text.Digital_PWM_WritePeriod
                0x00005928       0x20 .\CortexM3\ARM_GCC_541\Debug\Scope-CY8CKIT-59.a(Digital_PWM.o)
                0x00005928                Digital_PWM_WritePeriod
 .text.Digital_PWM_WriteCompare1
                0x00005948       0x20 .\CortexM3\ARM_GCC_541\Debug\Scope-CY8CKIT-59.a(Digital_PWM.o)
                0x00005948                Digital_PWM_WriteCompare1
 .text.Digital_PWM_WriteCompare2
                0x00005968       0x20 .\CortexM3\ARM_GCC_541\Debug\Scope-CY8CKIT-59.a(Digital_PWM.o)
                0x00005968                Digital_PWM_WriteCompare2
 .text.Digital_PWM_SetInterruptMode
                0x00005988       0x20 .\CortexM3\ARM_GCC_541\Debug\Scope-CY8CKIT-59.a(Digital_PWM.o)
                0x00005988                Digital_PWM_SetInterruptMode
 .text.Digital_PWM_ReadStatusRegister
                0x000059a8       0x18 .\CortexM3\ARM_GCC_541\Debug\Scope-CY8CKIT-59.a(Digital_PWM.o)
                0x000059a8                Digital_PWM_ReadStatusRegister
 .text.Digital_PWM_ReadCapture
                0x000059c0       0x18 .\CortexM3\ARM_GCC_541\Debug\Scope-CY8CKIT-59.a(Digital_PWM.o)
                0x000059c0                Digital_PWM_ReadCapture
 .text.ScopeA_Buf_Init
                0x000059d8       0x3c .\CortexM3\ARM_GCC_541\Debug\Scope-CY8CKIT-59.a(ScopeA_Buf.o)
                0x000059d8                ScopeA_Buf_Init
 .text.ScopeA_Buf_Enable
                0x00005a14       0x48 .\CortexM3\ARM_GCC_541\Debug\Scope-CY8CKIT-59.a(ScopeA_Buf.o)
                0x00005a14                ScopeA_Buf_Enable
 .text.ScopeA_Buf_Start
                0x00005a5c       0x24 .\CortexM3\ARM_GCC_541\Debug\Scope-CY8CKIT-59.a(ScopeA_Buf.o)
                0x00005a5c                ScopeA_Buf_Start
 .text.ScopeA_Buf_SetPower
                0x00005a80       0x38 .\CortexM3\ARM_GCC_541\Debug\Scope-CY8CKIT-59.a(ScopeA_Buf.o)
                0x00005a80                ScopeA_Buf_SetPower
 .text.ScopeA_Buf_SetGain
                0x00005ab8       0xbc .\CortexM3\ARM_GCC_541\Debug\Scope-CY8CKIT-59.a(ScopeA_Buf.o)
                0x00005ab8                ScopeA_Buf_SetGain
 .text.ScopeB_Buf_Init
                0x00005b74       0x3c .\CortexM3\ARM_GCC_541\Debug\Scope-CY8CKIT-59.a(ScopeB_Buf.o)
                0x00005b74                ScopeB_Buf_Init
 .text.ScopeB_Buf_Enable
                0x00005bb0       0x48 .\CortexM3\ARM_GCC_541\Debug\Scope-CY8CKIT-59.a(ScopeB_Buf.o)
                0x00005bb0                ScopeB_Buf_Enable
 .text.ScopeB_Buf_Start
                0x00005bf8       0x24 .\CortexM3\ARM_GCC_541\Debug\Scope-CY8CKIT-59.a(ScopeB_Buf.o)
                0x00005bf8                ScopeB_Buf_Start
 .text.ScopeB_Buf_SetPower
                0x00005c1c       0x38 .\CortexM3\ARM_GCC_541\Debug\Scope-CY8CKIT-59.a(ScopeB_Buf.o)
                0x00005c1c                ScopeB_Buf_SetPower
 .text.ScopeB_Buf_SetGain
                0x00005c54       0xbc .\CortexM3\ARM_GCC_541\Debug\Scope-CY8CKIT-59.a(ScopeB_Buf.o)
                0x00005c54                ScopeB_Buf_SetGain
 .text.WaveB_DAC_Init
                0x00005d10       0x54 .\CortexM3\ARM_GCC_541\Debug\Scope-CY8CKIT-59.a(WaveB_DAC.o)
                0x00005d10                WaveB_DAC_Init
 .text.WaveB_DAC_Enable
                0x00005d64       0x34 .\CortexM3\ARM_GCC_541\Debug\Scope-CY8CKIT-59.a(WaveB_DAC.o)
                0x00005d64                WaveB_DAC_Enable
 .text.WaveB_DAC_Start
                0x00005d98       0x24 .\CortexM3\ARM_GCC_541\Debug\Scope-CY8CKIT-59.a(WaveB_DAC.o)
                0x00005d98                WaveB_DAC_Start
 .text.WaveB_DAC_Wave1Setup
                0x00005dbc       0x68 .\CortexM3\ARM_GCC_541\Debug\Scope-CY8CKIT-59.a(WaveB_DAC.o)
                0x00005dbc                WaveB_DAC_Wave1Setup
 .text.WaveB_DAC_Wave2Setup
                0x00005e24       0x68 .\CortexM3\ARM_GCC_541\Debug\Scope-CY8CKIT-59.a(WaveB_DAC.o)
                0x00005e24                WaveB_DAC_Wave2Setup
 .text.WaveB_Buf_Init
                0x00005e8c       0x10 .\CortexM3\ARM_GCC_541\Debug\Scope-CY8CKIT-59.a(WaveB_Buf.o)
                0x00005e8c                WaveB_Buf_Init
 .text.WaveB_Buf_Enable
                0x00005e9c       0x48 .\CortexM3\ARM_GCC_541\Debug\Scope-CY8CKIT-59.a(WaveB_Buf.o)
                0x00005e9c                WaveB_Buf_Enable
 .text.WaveB_Buf_Start
                0x00005ee4       0x24 .\CortexM3\ARM_GCC_541\Debug\Scope-CY8CKIT-59.a(WaveB_Buf.o)
                0x00005ee4                WaveB_Buf_Start
 .text.WaveB_Buf_SetPower
                0x00005f08       0x40 .\CortexM3\ARM_GCC_541\Debug\Scope-CY8CKIT-59.a(WaveB_Buf.o)
                0x00005f08                WaveB_Buf_SetPower
 .text.AuxDAC_1_Init
                0x00005f48       0x28 .\CortexM3\ARM_GCC_541\Debug\Scope-CY8CKIT-59.a(AuxDAC_1.o)
                0x00005f48                AuxDAC_1_Init
 .text.AuxDAC_1_Enable
                0x00005f70       0x34 .\CortexM3\ARM_GCC_541\Debug\Scope-CY8CKIT-59.a(AuxDAC_1.o)
                0x00005f70                AuxDAC_1_Enable
 .text.AuxDAC_1_Start
                0x00005fa4       0x28 .\CortexM3\ARM_GCC_541\Debug\Scope-CY8CKIT-59.a(AuxDAC_1.o)
                0x00005fa4                AuxDAC_1_Start
 .text.AuxDAC_1_SetSpeed
                0x00005fcc       0x40 .\CortexM3\ARM_GCC_541\Debug\Scope-CY8CKIT-59.a(AuxDAC_1.o)
                0x00005fcc                AuxDAC_1_SetSpeed
 .text.AuxDAC_1_SetRange
                0x0000600c       0x40 .\CortexM3\ARM_GCC_541\Debug\Scope-CY8CKIT-59.a(AuxDAC_1.o)
                0x0000600c                AuxDAC_1_SetRange
 .text.AuxDAC_1_SetValue
                0x0000604c       0x20 .\CortexM3\ARM_GCC_541\Debug\Scope-CY8CKIT-59.a(AuxDAC_1.o)
                0x0000604c                AuxDAC_1_SetValue
 .text.AuxDAC_1_DacTrim
                0x0000606c       0x3c .\CortexM3\ARM_GCC_541\Debug\Scope-CY8CKIT-59.a(AuxDAC_1.o)
                0x0000606c                AuxDAC_1_DacTrim
 .text.AMux_1_Start
                0x000060a8       0x34 .\CortexM3\ARM_GCC_541\Debug\Scope-CY8CKIT-59.a(AMux_1.o)
                0x000060a8                AMux_1_Start
 .text.AMux_1_Select
                0x000060dc       0x28 .\CortexM3\ARM_GCC_541\Debug\Scope-CY8CKIT-59.a(AMux_1.o)
                0x000060dc                AMux_1_Select
 .text.AuxDAC_Buf_Init
                0x00006104       0x10 .\CortexM3\ARM_GCC_541\Debug\Scope-CY8CKIT-59.a(AuxDAC_Buf.o)
                0x00006104                AuxDAC_Buf_Init
 .text.AuxDAC_Buf_Enable
                0x00006114       0x48 .\CortexM3\ARM_GCC_541\Debug\Scope-CY8CKIT-59.a(AuxDAC_Buf.o)
                0x00006114                AuxDAC_Buf_Enable
 .text.AuxDAC_Buf_Start
                0x0000615c       0x24 .\CortexM3\ARM_GCC_541\Debug\Scope-CY8CKIT-59.a(AuxDAC_Buf.o)
                0x0000615c                AuxDAC_Buf_Start
 .text.AuxDAC_Buf_SetPower
                0x00006180       0x40 .\CortexM3\ARM_GCC_541\Debug\Scope-CY8CKIT-59.a(AuxDAC_Buf.o)
                0x00006180                AuxDAC_Buf_SetPower
 .text.WaveA_DAC_Init
                0x000061c0       0x54 .\CortexM3\ARM_GCC_541\Debug\Scope-CY8CKIT-59.a(WaveA_DAC.o)
                0x000061c0                WaveA_DAC_Init
 .text.WaveA_DAC_Enable
                0x00006214       0x34 .\CortexM3\ARM_GCC_541\Debug\Scope-CY8CKIT-59.a(WaveA_DAC.o)
                0x00006214                WaveA_DAC_Enable
 .text.WaveA_DAC_Start
                0x00006248       0x24 .\CortexM3\ARM_GCC_541\Debug\Scope-CY8CKIT-59.a(WaveA_DAC.o)
                0x00006248                WaveA_DAC_Start
 .text.WaveA_DAC_Wave1Setup
                0x0000626c       0x68 .\CortexM3\ARM_GCC_541\Debug\Scope-CY8CKIT-59.a(WaveA_DAC.o)
                0x0000626c                WaveA_DAC_Wave1Setup
 .text.WaveA_DAC_Wave2Setup
                0x000062d4       0x68 .\CortexM3\ARM_GCC_541\Debug\Scope-CY8CKIT-59.a(WaveA_DAC.o)
                0x000062d4                WaveA_DAC_Wave2Setup
 .text.WaveA_Buf_Init
                0x0000633c       0x10 .\CortexM3\ARM_GCC_541\Debug\Scope-CY8CKIT-59.a(WaveA_Buf.o)
                0x0000633c                WaveA_Buf_Init
 .text.WaveA_Buf_Enable
                0x0000634c       0x48 .\CortexM3\ARM_GCC_541\Debug\Scope-CY8CKIT-59.a(WaveA_Buf.o)
                0x0000634c                WaveA_Buf_Enable
 .text.WaveA_Buf_Start
                0x00006394       0x24 .\CortexM3\ARM_GCC_541\Debug\Scope-CY8CKIT-59.a(WaveA_Buf.o)
                0x00006394                WaveA_Buf_Start
 .text.WaveA_Buf_SetPower
                0x000063b8       0x40 .\CortexM3\ARM_GCC_541\Debug\Scope-CY8CKIT-59.a(WaveA_Buf.o)
                0x000063b8                WaveA_Buf_SetPower
 .text.WaveA_Clock_SetDividerRegister
                0x000063f8      0x164 .\CortexM3\ARM_GCC_541\Debug\Scope-CY8CKIT-59.a(WaveA_Clock.o)
                0x000063f8                WaveA_Clock_SetDividerRegister
 .text.WaveA_Clock_GetDividerRegister
                0x0000655c       0x18 .\CortexM3\ARM_GCC_541\Debug\Scope-CY8CKIT-59.a(WaveA_Clock.o)
                0x0000655c                WaveA_Clock_GetDividerRegister
 .text.WaveA_Clock_GetSourceRegister
                0x00006574       0x1c .\CortexM3\ARM_GCC_541\Debug\Scope-CY8CKIT-59.a(WaveA_Clock.o)
                0x00006574                WaveA_Clock_GetSourceRegister
 .text.AMux_2_Start
                0x00006590       0x34 .\CortexM3\ARM_GCC_541\Debug\Scope-CY8CKIT-59.a(AMux_2.o)
                0x00006590                AMux_2_Start
 .text.AMux_2_Select
                0x000065c4       0x28 .\CortexM3\ARM_GCC_541\Debug\Scope-CY8CKIT-59.a(AMux_2.o)
                0x000065c4                AMux_2_Select
 .text.ScopeC_Buf_Init
                0x000065ec       0x3c .\CortexM3\ARM_GCC_541\Debug\Scope-CY8CKIT-59.a(ScopeC_Buf.o)
                0x000065ec                ScopeC_Buf_Init
 .text.ScopeC_Buf_Enable
                0x00006628       0x48 .\CortexM3\ARM_GCC_541\Debug\Scope-CY8CKIT-59.a(ScopeC_Buf.o)
                0x00006628                ScopeC_Buf_Enable
 .text.ScopeC_Buf_Start
                0x00006670       0x24 .\CortexM3\ARM_GCC_541\Debug\Scope-CY8CKIT-59.a(ScopeC_Buf.o)
                0x00006670                ScopeC_Buf_Start
 .text.ScopeC_Buf_SetPower
                0x00006694       0x38 .\CortexM3\ARM_GCC_541\Debug\Scope-CY8CKIT-59.a(ScopeC_Buf.o)
                0x00006694                ScopeC_Buf_SetPower
 .text.ScopeC_Buf_SetGain
                0x000066cc       0xbc .\CortexM3\ARM_GCC_541\Debug\Scope-CY8CKIT-59.a(ScopeC_Buf.o)
                0x000066cc                ScopeC_Buf_SetGain
 .text.ScopeD_Buf_Init
                0x00006788       0x3c .\CortexM3\ARM_GCC_541\Debug\Scope-CY8CKIT-59.a(ScopeD_Buf.o)
                0x00006788                ScopeD_Buf_Init
 .text.ScopeD_Buf_Enable
                0x000067c4       0x48 .\CortexM3\ARM_GCC_541\Debug\Scope-CY8CKIT-59.a(ScopeD_Buf.o)
                0x000067c4                ScopeD_Buf_Enable
 .text.ScopeD_Buf_Start
                0x0000680c       0x24 .\CortexM3\ARM_GCC_541\Debug\Scope-CY8CKIT-59.a(ScopeD_Buf.o)
                0x0000680c                ScopeD_Buf_Start
 .text.ScopeD_Buf_SetPower
                0x00006830       0x38 .\CortexM3\ARM_GCC_541\Debug\Scope-CY8CKIT-59.a(ScopeD_Buf.o)
                0x00006830                ScopeD_Buf_SetPower
 .text.ScopeD_Buf_SetGain
                0x00006868       0xbc .\CortexM3\ARM_GCC_541\Debug\Scope-CY8CKIT-59.a(ScopeD_Buf.o)
                0x00006868                ScopeD_Buf_SetGain
 .text.WaveB_DAC_Wave1_DMA_DmaInitialize
                0x00006924       0x64 .\CortexM3\ARM_GCC_541\Debug\Scope-CY8CKIT-59.a(WaveB_DAC_Wave1_DMA_dma.o)
                0x00006924                WaveB_DAC_Wave1_DMA_DmaInitialize
 .text.WaveB_DAC_Wave2_DMA_DmaInitialize
                0x00006988       0x64 .\CortexM3\ARM_GCC_541\Debug\Scope-CY8CKIT-59.a(WaveB_DAC_Wave2_DMA_dma.o)
                0x00006988                WaveB_DAC_Wave2_DMA_DmaInitialize
 .text.WaveB_DAC_VDAC8_Init
                0x000069ec       0x3c .\CortexM3\ARM_GCC_541\Debug\Scope-CY8CKIT-59.a(WaveB_DAC_VDAC8.o)
                0x000069ec                WaveB_DAC_VDAC8_Init
 .text.WaveB_DAC_VDAC8_Enable
                0x00006a28       0x34 .\CortexM3\ARM_GCC_541\Debug\Scope-CY8CKIT-59.a(WaveB_DAC_VDAC8.o)
                0x00006a28                WaveB_DAC_VDAC8_Enable
 .text.WaveB_DAC_VDAC8_SetSpeed
                0x00006a5c       0x40 .\CortexM3\ARM_GCC_541\Debug\Scope-CY8CKIT-59.a(WaveB_DAC_VDAC8.o)
                0x00006a5c                WaveB_DAC_VDAC8_SetSpeed
 .text.WaveB_DAC_VDAC8_SetRange
                0x00006a9c       0x40 .\CortexM3\ARM_GCC_541\Debug\Scope-CY8CKIT-59.a(WaveB_DAC_VDAC8.o)
                0x00006a9c                WaveB_DAC_VDAC8_SetRange
 .text.WaveB_DAC_VDAC8_SetValue
                0x00006adc       0x20 .\CortexM3\ARM_GCC_541\Debug\Scope-CY8CKIT-59.a(WaveB_DAC_VDAC8.o)
                0x00006adc                WaveB_DAC_VDAC8_SetValue
 .text.WaveB_DAC_VDAC8_DacTrim
                0x00006afc       0x3c .\CortexM3\ARM_GCC_541\Debug\Scope-CY8CKIT-59.a(WaveB_DAC_VDAC8.o)
                0x00006afc                WaveB_DAC_VDAC8_DacTrim
 .text.WaveA_DAC_Wave1_DMA_DmaInitialize
                0x00006b38       0x64 .\CortexM3\ARM_GCC_541\Debug\Scope-CY8CKIT-59.a(WaveA_DAC_Wave1_DMA_dma.o)
                0x00006b38                WaveA_DAC_Wave1_DMA_DmaInitialize
 .text.WaveA_DAC_Wave2_DMA_DmaInitialize
                0x00006b9c       0x64 .\CortexM3\ARM_GCC_541\Debug\Scope-CY8CKIT-59.a(WaveA_DAC_Wave2_DMA_dma.o)
                0x00006b9c                WaveA_DAC_Wave2_DMA_DmaInitialize
 .text.WaveA_DAC_VDAC8_Init
                0x00006c00       0x3c .\CortexM3\ARM_GCC_541\Debug\Scope-CY8CKIT-59.a(WaveA_DAC_VDAC8.o)
                0x00006c00                WaveA_DAC_VDAC8_Init
 .text.WaveA_DAC_VDAC8_Enable
                0x00006c3c       0x34 .\CortexM3\ARM_GCC_541\Debug\Scope-CY8CKIT-59.a(WaveA_DAC_VDAC8.o)
                0x00006c3c                WaveA_DAC_VDAC8_Enable
 .text.WaveA_DAC_VDAC8_SetSpeed
                0x00006c70       0x40 .\CortexM3\ARM_GCC_541\Debug\Scope-CY8CKIT-59.a(WaveA_DAC_VDAC8.o)
                0x00006c70                WaveA_DAC_VDAC8_SetSpeed
 .text.WaveA_DAC_VDAC8_SetRange
                0x00006cb0       0x40 .\CortexM3\ARM_GCC_541\Debug\Scope-CY8CKIT-59.a(WaveA_DAC_VDAC8.o)
                0x00006cb0                WaveA_DAC_VDAC8_SetRange
 .text.WaveA_DAC_VDAC8_SetValue
                0x00006cf0       0x20 .\CortexM3\ARM_GCC_541\Debug\Scope-CY8CKIT-59.a(WaveA_DAC_VDAC8.o)
                0x00006cf0                WaveA_DAC_VDAC8_SetValue
 .text.WaveA_DAC_VDAC8_DacTrim
                0x00006d10       0x3c .\CortexM3\ARM_GCC_541\Debug\Scope-CY8CKIT-59.a(WaveA_DAC_VDAC8.o)
                0x00006d10                WaveA_DAC_VDAC8_DacTrim
 .text.NoiseA_Clock_SetDividerRegister
                0x00006d4c      0x164 .\CortexM3\ARM_GCC_541\Debug\Scope-CY8CKIT-59.a(NoiseA_Clock.o)
                0x00006d4c                NoiseA_Clock_SetDividerRegister
 .text.NoiseA_Clock_GetDividerRegister
                0x00006eb0       0x18 .\CortexM3\ARM_GCC_541\Debug\Scope-CY8CKIT-59.a(NoiseA_Clock.o)
                0x00006eb0                NoiseA_Clock_GetDividerRegister
 .text.NoiseA_Clock_GetSourceRegister
                0x00006ec8       0x1c .\CortexM3\ARM_GCC_541\Debug\Scope-CY8CKIT-59.a(NoiseA_Clock.o)
                0x00006ec8                NoiseA_Clock_GetSourceRegister
 .text.VRef_Buf_Init
                0x00006ee4       0x10 .\CortexM3\ARM_GCC_541\Debug\Scope-CY8CKIT-59.a(VRef_Buf.o)
                0x00006ee4                VRef_Buf_Init
 .text.VRef_Buf_Enable
                0x00006ef4       0x48 .\CortexM3\ARM_GCC_541\Debug\Scope-CY8CKIT-59.a(VRef_Buf.o)
                0x00006ef4                VRef_Buf_Enable
 .text.VRef_Buf_Start
                0x00006f3c       0x24 .\CortexM3\ARM_GCC_541\Debug\Scope-CY8CKIT-59.a(VRef_Buf.o)
                0x00006f3c                VRef_Buf_Start
 .text.VRef_Buf_SetPower
                0x00006f60       0x40 .\CortexM3\ARM_GCC_541\Debug\Scope-CY8CKIT-59.a(VRef_Buf.o)
                0x00006f60                VRef_Buf_SetPower
 .text          0x00006fa0       0x20 .\CortexM3\ARM_GCC_541\Debug\Scope-CY8CKIT-59.a(CyBootAsmGnu.o)
                0x00006fa0                CyDelayCycles
                0x00006fb0                CyEnterCriticalSection
                0x00006fb8                CyExitCriticalSection
 .text.USBUART_DispatchClassRqst
                0x00006fc0       0x84 .\CortexM3\ARM_GCC_541\Debug\Scope-CY8CKIT-59.a(USBUART_cls.o)
                0x00006fc0                USBUART_DispatchClassRqst
 .text          0x00007044      0x370 c:/program files (x86)/cypress/psoc creator/4.4/psoc creator/import/gnu/arm/5.4.1/bin/../lib/gcc/arm-none-eabi/5.4.1/armv7-m\libgcc.a(_arm_addsubdf3.o)
                0x00007044                __aeabi_drsub
                0x0000704c                __aeabi_dsub
                0x0000704c                __subdf3
                0x00007050                __aeabi_dadd
                0x00007050                __adddf3
                0x000072c8                __floatunsidf
                0x000072c8                __aeabi_ui2d
                0x000072e8                __floatsidf
                0x000072e8                __aeabi_i2d
                0x0000730c                __aeabi_f2d
                0x0000730c                __extendsfdf2
                0x00007348                __floatundidf
                0x00007348                __aeabi_ul2d
                0x00007358                __floatdidf
                0x00007358                __aeabi_l2d
 .text          0x000073b4      0x424 c:/program files (x86)/cypress/psoc creator/4.4/psoc creator/import/gnu/arm/5.4.1/bin/../lib/gcc/arm-none-eabi/5.4.1/armv7-m\libgcc.a(_arm_muldivdf3.o)
                0x000073b4                __aeabi_dmul
                0x000073b4                __muldf3
                0x00007608                __divdf3
                0x00007608                __aeabi_ddiv
 .text          0x000077d8       0x40 c:/program files (x86)/cypress/psoc creator/4.4/psoc creator/import/gnu/arm/5.4.1/bin/../lib/gcc/arm-none-eabi/5.4.1/armv7-m\libgcc.a(_arm_fixunsdfsi.o)
                0x000077d8                __aeabi_d2uiz
                0x000077d8                __fixunsdfsi
 .text          0x00007818       0xa0 c:/program files (x86)/cypress/psoc creator/4.4/psoc creator/import/gnu/arm/5.4.1/bin/../lib/gcc/arm-none-eabi/5.4.1/armv7-m\libgcc.a(_arm_truncdfsf2.o)
                0x00007818                __truncdfsf2
                0x00007818                __aeabi_d2f
 .text          0x000078b8      0x21c c:/program files (x86)/cypress/psoc creator/4.4/psoc creator/import/gnu/arm/5.4.1/bin/../lib/gcc/arm-none-eabi/5.4.1/armv7-m\libgcc.a(_arm_addsubsf3.o)
                0x000078b8                __aeabi_frsub
                0x000078c0                __subsf3
                0x000078c0                __aeabi_fsub
                0x000078c4                __aeabi_fadd
                0x000078c4                __addsf3
                0x00007a24                __aeabi_ui2f
                0x00007a24                __floatunsisf
                0x00007a2c                __aeabi_i2f
                0x00007a2c                __floatsisf
                0x00007a48                __aeabi_ul2f
                0x00007a48                __floatundisf
                0x00007a58                __aeabi_l2f
                0x00007a58                __floatdisf
 .text          0x00007ad4      0x2a0 c:/program files (x86)/cypress/psoc creator/4.4/psoc creator/import/gnu/arm/5.4.1/bin/../lib/gcc/arm-none-eabi/5.4.1/armv7-m\libgcc.a(_arm_muldivsf3.o)
                0x00007ad4                __mulsf3
                0x00007ad4                __aeabi_fmul
                0x00007c3c                __aeabi_fdiv
                0x00007c3c                __divsf3
 .text          0x00007d74       0xec c:/program files (x86)/cypress/psoc creator/4.4/psoc creator/import/gnu/arm/5.4.1/bin/../lib/gcc/arm-none-eabi/5.4.1/armv7-m\libgcc.a(_arm_cmpsf2.o)
                0x00007d74                __gesf2
                0x00007d74                __gtsf2
                0x00007d7c                __lesf2
                0x00007d7c                __ltsf2
                0x00007d84                __nesf2
                0x00007d84                __eqsf2
                0x00007d84                __cmpsf2
                0x00007de4                __aeabi_cfrcmple
                0x00007dec                __aeabi_cfcmpeq
                0x00007dec                __aeabi_cfcmple
                0x00007dfc                __aeabi_fcmpeq
                0x00007e10                __aeabi_fcmplt
                0x00007e24                __aeabi_fcmple
                0x00007e38                __aeabi_fcmpge
                0x00007e4c                __aeabi_fcmpgt
 .text          0x00007e60       0x40 c:/program files (x86)/cypress/psoc creator/4.4/psoc creator/import/gnu/arm/5.4.1/bin/../lib/gcc/arm-none-eabi/5.4.1/armv7-m\libgcc.a(_arm_fixunssfsi.o)
                0x00007e60                __fixunssfsi
                0x00007e60                __aeabi_f2uiz
 .text.__errno  0x00007ea0        0xc c:/program files (x86)/cypress/psoc creator/4.4/psoc creator/import/gnu/arm/5.4.1/bin/../lib/gcc/arm-none-eabi/5.4.1/../../../../arm-none-eabi/lib/armv7-m\libg_nano.a(lib_a-errno.o)
                0x00007ea0                __errno
 .text.__libc_init_array
                0x00007eac       0x4c c:/program files (x86)/cypress/psoc creator/4.4/psoc creator/import/gnu/arm/5.4.1/bin/../lib/gcc/arm-none-eabi/5.4.1/../../../../arm-none-eabi/lib/armv7-m\libg_nano.a(lib_a-init.o)
                0x00007eac                __libc_init_array
 .text.memcpy   0x00007ef8       0x16 c:/program files (x86)/cypress/psoc creator/4.4/psoc creator/import/gnu/arm/5.4.1/bin/../lib/gcc/arm-none-eabi/5.4.1/../../../../arm-none-eabi/lib/armv7-m\libg_nano.a(lib_a-memcpy-stub.o)
                0x00007ef8                memcpy
 .text.memset   0x00007f0e       0x10 c:/program files (x86)/cypress/psoc creator/4.4/psoc creator/import/gnu/arm/5.4.1/bin/../lib/gcc/arm-none-eabi/5.4.1/../../../../arm-none-eabi/lib/armv7-m\libg_nano.a(lib_a-memset.o)
                0x00007f0e                memset
 *fill*         0x00007f1e        0x2 
 .text.sscanf   0x00007f20       0x54 c:/program files (x86)/cypress/psoc creator/4.4/psoc creator/import/gnu/arm/5.4.1/bin/../lib/gcc/arm-none-eabi/5.4.1/../../../../arm-none-eabi/lib/armv7-m\libg_nano.a(lib_a-sscanf.o)
                0x00007f20                siscanf
                0x00007f20                sscanf
 .text.__seofread
                0x00007f74        0x4 c:/program files (x86)/cypress/psoc creator/4.4/psoc creator/import/gnu/arm/5.4.1/bin/../lib/gcc/arm-none-eabi/5.4.1/../../../../arm-none-eabi/lib/armv7-m\libg_nano.a(lib_a-stdio.o)
                0x00007f74                __seofread
 .text          0x00007f78       0x10 c:/program files (x86)/cypress/psoc creator/4.4/psoc creator/import/gnu/arm/5.4.1/bin/../lib/gcc/arm-none-eabi/5.4.1/../../../../arm-none-eabi/lib/armv7-m\libg_nano.a(lib_a-strlen.o)
                0x00007f78                strlen
 .text.strtok   0x00007f88       0x64 c:/program files (x86)/cypress/psoc creator/4.4/psoc creator/import/gnu/arm/5.4.1/bin/../lib/gcc/arm-none-eabi/5.4.1/../../../../arm-none-eabi/lib/armv7-m\libg_nano.a(lib_a-strtok.o)
                0x00007f88                strtok
 .text.__strtok_r
                0x00007fec       0x56 c:/program files (x86)/cypress/psoc creator/4.4/psoc creator/import/gnu/arm/5.4.1/bin/../lib/gcc/arm-none-eabi/5.4.1/../../../../arm-none-eabi/lib/armv7-m\libg_nano.a(lib_a-strtok_r.o)
                0x00007fec                __strtok_r
 *fill*         0x00008042        0x2 
 .text.malloc   0x00008044       0x10 c:/program files (x86)/cypress/psoc creator/4.4/psoc creator/import/gnu/arm/5.4.1/bin/../lib/gcc/arm-none-eabi/5.4.1/../../../../arm-none-eabi/lib/armv7-m\libg_nano.a(lib_a-malloc.o)
                0x00008044                malloc
 .text._free_r  0x00008054       0x98 c:/program files (x86)/cypress/psoc creator/4.4/psoc creator/import/gnu/arm/5.4.1/bin/../lib/gcc/arm-none-eabi/5.4.1/../../../../arm-none-eabi/lib/armv7-m\libg_nano.a(lib_a-nano-freer.o)
                0x00008054                _free_r
 .text._malloc_r
                0x000080ec       0xbc c:/program files (x86)/cypress/psoc creator/4.4/psoc creator/import/gnu/arm/5.4.1/bin/../lib/gcc/arm-none-eabi/5.4.1/../../../../arm-none-eabi/lib/armv7-m\libg_nano.a(lib_a-nano-mallocr.o)
                0x000080ec                _malloc_r
 .text._sungetc_r
                0x000081a8       0x7c c:/program files (x86)/cypress/psoc creator/4.4/psoc creator/import/gnu/arm/5.4.1/bin/../lib/gcc/arm-none-eabi/5.4.1/../../../../arm-none-eabi/lib/armv7-m\libg_nano.a(lib_a-nano-svfscanf.o)
                0x000081a8                _sungetc_r
 .text.__ssrefill_r
                0x00008224       0x3a c:/program files (x86)/cypress/psoc creator/4.4/psoc creator/import/gnu/arm/5.4.1/bin/../lib/gcc/arm-none-eabi/5.4.1/../../../../arm-none-eabi/lib/armv7-m\libg_nano.a(lib_a-nano-svfscanf.o)
                0x00008224                __ssrefill_r
 *fill*         0x0000825e        0x2 
 .text.__ssvfscanf_r
                0x00008260      0x2a8 c:/program files (x86)/cypress/psoc creator/4.4/psoc creator/import/gnu/arm/5.4.1/bin/../lib/gcc/arm-none-eabi/5.4.1/../../../../arm-none-eabi/lib/armv7-m\libg_nano.a(lib_a-nano-svfscanf.o)
                0x00008260                __ssvfiscanf_r
                0x00008260                __ssvfscanf_r
 .text._scanf_chars
                0x00008508       0xcc c:/program files (x86)/cypress/psoc creator/4.4/psoc creator/import/gnu/arm/5.4.1/bin/../lib/gcc/arm-none-eabi/5.4.1/../../../../arm-none-eabi/lib/armv7-m\libg_nano.a(lib_a-nano-vfscanf_i.o)
                0x00008508                _scanf_chars
 .text._scanf_i
                0x000085d4      0x1e4 c:/program files (x86)/cypress/psoc creator/4.4/psoc creator/import/gnu/arm/5.4.1/bin/../lib/gcc/arm-none-eabi/5.4.1/../../../../arm-none-eabi/lib/armv7-m\libg_nano.a(lib_a-nano-vfscanf_i.o)
                0x000085d4                _scanf_i
 .text._sbrk_r  0x000087b8       0x20 c:/program files (x86)/cypress/psoc creator/4.4/psoc creator/import/gnu/arm/5.4.1/bin/../lib/gcc/arm-none-eabi/5.4.1/../../../../arm-none-eabi/lib/armv7-m\libg_nano.a(lib_a-sbrkr.o)
                0x000087b8                _sbrk_r
 .text.__sccl   0x000087d8       0x60 c:/program files (x86)/cypress/psoc creator/4.4/psoc creator/import/gnu/arm/5.4.1/bin/../lib/gcc/arm-none-eabi/5.4.1/../../../../arm-none-eabi/lib/armv7-m\libg_nano.a(lib_a-sccl.o)
                0x000087d8                __sccl
 .text._strtol_r
                0x00008838      0x10c c:/program files (x86)/cypress/psoc creator/4.4/psoc creator/import/gnu/arm/5.4.1/bin/../lib/gcc/arm-none-eabi/5.4.1/../../../../arm-none-eabi/lib/armv7-m\libg_nano.a(lib_a-strtol.o)
                0x00008838                _strtol_r
 .text._strtoul_r
                0x00008944       0xfc c:/program files (x86)/cypress/psoc creator/4.4/psoc creator/import/gnu/arm/5.4.1/bin/../lib/gcc/arm-none-eabi/5.4.1/../../../../arm-none-eabi/lib/armv7-m\libg_nano.a(lib_a-strtoul.o)
                0x00008944                _strtoul_r
 .text.__submore
                0x00008a40       0x72 c:/program files (x86)/cypress/psoc creator/4.4/psoc creator/import/gnu/arm/5.4.1/bin/../lib/gcc/arm-none-eabi/5.4.1/../../../../arm-none-eabi/lib/armv7-m\libg_nano.a(lib_a-ungetc.o)
                0x00008a40                __submore
 .text.memchr   0x00008ab2       0x1c c:/program files (x86)/cypress/psoc creator/4.4/psoc creator/import/gnu/arm/5.4.1/bin/../lib/gcc/arm-none-eabi/5.4.1/../../../../arm-none-eabi/lib/armv7-m\libg_nano.a(lib_a-memchr-stub.o)
                0x00008ab2                memchr
 .text.__malloc_lock
                0x00008ace        0x2 c:/program files (x86)/cypress/psoc creator/4.4/psoc creator/import/gnu/arm/5.4.1/bin/../lib/gcc/arm-none-eabi/5.4.1/../../../../arm-none-eabi/lib/armv7-m\libg_nano.a(lib_a-mlock.o)
                0x00008ace                __malloc_lock
 .text.__malloc_unlock
                0x00008ad0        0x2 c:/program files (x86)/cypress/psoc creator/4.4/psoc creator/import/gnu/arm/5.4.1/bin/../lib/gcc/arm-none-eabi/5.4.1/../../../../arm-none-eabi/lib/armv7-m\libg_nano.a(lib_a-mlock.o)
                0x00008ad0                __malloc_unlock
 .text._realloc_r
                0x00008ad2       0x4c c:/program files (x86)/cypress/psoc creator/4.4/psoc creator/import/gnu/arm/5.4.1/bin/../lib/gcc/arm-none-eabi/5.4.1/../../../../arm-none-eabi/lib/armv7-m\libg_nano.a(lib_a-nano-reallocr.o)
                0x00008ad2                _realloc_r
 .text._malloc_usable_size_r
                0x00008b1e       0x14 c:/program files (x86)/cypress/psoc creator/4.4/psoc creator/import/gnu/arm/5.4.1/bin/../lib/gcc/arm-none-eabi/5.4.1/../../../../arm-none-eabi/lib/armv7-m\libg_nano.a(lib_a-nano-msizer.o)
                0x00008b1e                _malloc_usable_size_r
 *(.plt)
 *(.gnu.warning)
 *(.glue_7t)
 .glue_7t       0x00008b32        0x0 linker stubs
 *(.glue_7)
 .glue_7        0x00008b32        0x0 linker stubs
 *(.vfp11_veneer)
 .vfp11_veneer  0x00008b32        0x0 linker stubs
 *(.bootloader)
 *(.ARM.extab* .gnu.linkonce.armextab.*)
 *(.gcc_except_table)

.v4_bx          0x00008b34        0x0
 .v4_bx         0x00008b34        0x0 linker stubs

.iplt           0x00008b34        0x0
 .iplt          0x00008b34        0x0 c:/program files (x86)/cypress/psoc creator/4.4/psoc creator/import/gnu/arm/5.4.1/bin/../lib/gcc/arm-none-eabi/5.4.1/armv7-m/crtbegin.o

.eh_frame_hdr
 *(.eh_frame_hdr)

.eh_frame       0x00008b34        0x4
 *(.eh_frame)
 .eh_frame      0x00008b34        0x0 c:/program files (x86)/cypress/psoc creator/4.4/psoc creator/import/gnu/arm/5.4.1/bin/../lib/gcc/arm-none-eabi/5.4.1/armv7-m/crtbegin.o
 .eh_frame      0x00008b34        0x4 c:/program files (x86)/cypress/psoc creator/4.4/psoc creator/import/gnu/arm/5.4.1/bin/../lib/gcc/arm-none-eabi/5.4.1/armv7-m/crtend.o
                [!provide]                PROVIDE (__exidx_start, .)

.ARM.exidx
 *(.ARM.exidx* .gnu.linkonce.armexidx.*)
                0x00008b38                __exidx_end = .

.rodata         0x00008b38      0x6f0
 *(.rodata .rodata.* .gnu.linkonce.r.*)
 .rodata        0x00008b38       0x59 .\CortexM3\ARM_GCC_541\Debug\main.o
 *fill*         0x00008b91        0x3 
 .rodata        0x00008b94       0x54 .\CortexM3\ARM_GCC_541\Debug\cyfitter_cfg.o
                0x00008b94                AMux_1__addrTable
                0x00008b9c                AMux_1__maskTable
                0x00008ba0                AMux_2__addrTable
                0x00008bb0                AMux_2__maskTable
                0x00008bb4                Amux_Trigger__addrTable
                0x00008bc0                Amux_Trigger__maskTable
 .rodata        0x00008be8       0x11 .\CortexM3\ARM_GCC_541\Debug\Scope-CY8CKIT-59.a(USBUART_std.o)
 *fill*         0x00008bf9        0x3 
 .rodata        0x00008bfc       0x15 .\CortexM3\ARM_GCC_541\Debug\Scope-CY8CKIT-59.a(ScopeA_Buf.o)
 *fill*         0x00008c11        0x3 
 .rodata        0x00008c14       0x15 .\CortexM3\ARM_GCC_541\Debug\Scope-CY8CKIT-59.a(ScopeB_Buf.o)
 *fill*         0x00008c29        0x3 
 .rodata        0x00008c2c      0x132 .\CortexM3\ARM_GCC_541\Debug\Scope-CY8CKIT-59.a(WaveB_DAC.o)
                0x00008c2c                WaveB_DAC_wave1
                0x00008d2c                WaveB_DAC_wave2
 *fill*         0x00008d5e        0x2 
 .rodata        0x00008d60      0x132 .\CortexM3\ARM_GCC_541\Debug\Scope-CY8CKIT-59.a(WaveA_DAC.o)
                0x00008d60                WaveA_DAC_wave1
                0x00008e60                WaveA_DAC_wave2
 *fill*         0x00008e92        0x2 
 .rodata        0x00008e94       0x15 .\CortexM3\ARM_GCC_541\Debug\Scope-CY8CKIT-59.a(ScopeC_Buf.o)
 *fill*         0x00008ea9        0x3 
 .rodata        0x00008eac       0x15 .\CortexM3\ARM_GCC_541\Debug\Scope-CY8CKIT-59.a(ScopeD_Buf.o)
 *fill*         0x00008ec1        0x3 
 .rodata        0x00008ec4      0x19c .\CortexM3\ARM_GCC_541\Debug\Scope-CY8CKIT-59.a(USBUART_descr.o)
                0x00008ec4                USBUART_DEVICE0_DESCR
                0x00008ed8                USBUART_DEVICE0_CONFIGURATION0_DESCR
                0x00008f1c                USBUART_STRING_DESCRIPTORS
                0x00008fbc                USBUART_SN_STRING_DESCRIPTOR
                0x00008fc0                USBUART_DEVICE0_CONFIGURATION0_EP_SETTINGS_TABLE
                0x00008fd8                USBUART_DEVICE0_CONFIGURATION0_INTERFACE_CLASS
                0x00008fdc                USBUART_DEVICE0_CONFIGURATION0_TABLE
                0x00009004                USBUART_DEVICE0_TABLE
                0x0000901c                USBUART_TABLE
                0x00009024                USBUART_MSOS_DESCRIPTOR
                0x00009038                USBUART_MSOS_CONFIGURATION_DESCR
 .rodata.str1.1
                0x00009060        0x2 c:/program files (x86)/cypress/psoc creator/4.4/psoc creator/import/gnu/arm/5.4.1/bin/../lib/gcc/arm-none-eabi/5.4.1/../../../../arm-none-eabi/lib/armv7-m\libg_nano.a(lib_a-impure.o)
 .rodata.str1.1
                0x00009062        0x4 c:/program files (x86)/cypress/psoc creator/4.4/psoc creator/import/gnu/arm/5.4.1/bin/../lib/gcc/arm-none-eabi/5.4.1/../../../../arm-none-eabi/lib/armv7-m\libg_nano.a(lib_a-nano-svfscanf.o)
 *fill*         0x00009066        0x2 
 .rodata        0x00009068        0xc c:/program files (x86)/cypress/psoc creator/4.4/psoc creator/import/gnu/arm/5.4.1/bin/../lib/gcc/arm-none-eabi/5.4.1/../../../../arm-none-eabi/lib/armv7-m\libg_nano.a(lib_a-nano-vfscanf_i.o)
 .rodata.str1.1
                0x00009074       0x1b c:/program files (x86)/cypress/psoc creator/4.4/psoc creator/import/gnu/arm/5.4.1/bin/../lib/gcc/arm-none-eabi/5.4.1/../../../../arm-none-eabi/lib/armv7-m\libg_nano.a(lib_a-nano-vfscanf_i.o)
 .rodata._ctype_
                0x0000908f      0x101 c:/program files (x86)/cypress/psoc creator/4.4/psoc creator/import/gnu/arm/5.4.1/bin/../lib/gcc/arm-none-eabi/5.4.1/../../../../arm-none-eabi/lib/armv7-m\libg_nano.a(lib_a-ctype_.o)
                0x0000908f                _ctype_
 .rodata.__sf_fake_stdin
                0x00009190       0x20 c:/program files (x86)/cypress/psoc creator/4.4/psoc creator/import/gnu/arm/5.4.1/bin/../lib/gcc/arm-none-eabi/5.4.1/../../../../arm-none-eabi/lib/armv7-m\libg_nano.a(lib_a-findfp.o)
                0x00009190                __sf_fake_stdin
 .rodata.__sf_fake_stdout
                0x000091b0       0x20 c:/program files (x86)/cypress/psoc creator/4.4/psoc creator/import/gnu/arm/5.4.1/bin/../lib/gcc/arm-none-eabi/5.4.1/../../../../arm-none-eabi/lib/armv7-m\libg_nano.a(lib_a-findfp.o)
                0x000091b0                __sf_fake_stdout
 .rodata.__sf_fake_stderr
                0x000091d0       0x20 c:/program files (x86)/cypress/psoc creator/4.4/psoc creator/import/gnu/arm/5.4.1/bin/../lib/gcc/arm-none-eabi/5.4.1/../../../../arm-none-eabi/lib/armv7-m\libg_nano.a(lib_a-findfp.o)
                0x000091d0                __sf_fake_stderr
                0x000091f0                . = ALIGN (0x4)
 *(.init)
 .init          0x000091f0        0x4 c:/program files (x86)/cypress/psoc creator/4.4/psoc creator/import/gnu/arm/5.4.1/bin/../lib/gcc/arm-none-eabi/5.4.1/armv7-m/crti.o
                0x000091f0                _init
 .init          0x000091f4        0x8 c:/program files (x86)/cypress/psoc creator/4.4/psoc creator/import/gnu/arm/5.4.1/bin/../lib/gcc/arm-none-eabi/5.4.1/armv7-m/crtn.o
                0x000091fc                . = ALIGN (0x4)
                0x000091fc                __preinit_array_start = .
 *(.preinit_array)
                0x000091fc                __preinit_array_end = .
                0x000091fc                . = ALIGN (0x4)
                0x000091fc                __init_array_start = .
 *(SORT(.init_array.*))
 *(.init_array)
 .init_array    0x000091fc        0x4 c:/program files (x86)/cypress/psoc creator/4.4/psoc creator/import/gnu/arm/5.4.1/bin/../lib/gcc/arm-none-eabi/5.4.1/armv7-m/crtbegin.o
 .init_array    0x00009200        0x4 .\CortexM3\ARM_GCC_541\Debug\Cm3Start.o
                0x00009204                __init_array_end = .
                0x00009204                . = ALIGN (0x4)
 *(.fini)
 .fini          0x00009204        0x4 c:/program files (x86)/cypress/psoc creator/4.4/psoc creator/import/gnu/arm/5.4.1/bin/../lib/gcc/arm-none-eabi/5.4.1/armv7-m/crti.o
                0x00009204                _fini
 .fini          0x00009208        0x8 c:/program files (x86)/cypress/psoc creator/4.4/psoc creator/import/gnu/arm/5.4.1/bin/../lib/gcc/arm-none-eabi/5.4.1/armv7-m/crtn.o
                0x00009210                . = ALIGN (0x4)
                0x00009210                __fini_array_start = .
 *(.fini_array)
 .fini_array    0x00009210        0x4 c:/program files (x86)/cypress/psoc creator/4.4/psoc creator/import/gnu/arm/5.4.1/bin/../lib/gcc/arm-none-eabi/5.4.1/armv7-m/crtbegin.o
 *(SORT(.fini_array.*))
                0x00009214                __fini_array_end = .
                0x00009214                . = ALIGN (0x4)
 *crtbegin.o(.ctors)
 *(EXCLUDE_FILE(*crtend.o) .ctors)
 *(SORT(.ctors.*))
 *crtend.o(.ctors)
                0x00009214                . = ALIGN (0x4)
 *crtbegin.o(.dtors)
 *(EXCLUDE_FILE(*crtend.o) .dtors)
 *(SORT(.dtors.*))
 *crtend.o(.dtors)
                0x00009214                . = ALIGN (0x4)
                0x00009214                __cy_regions = .
                0x00009214        0x4 LONG 0x9228 __cy_region_init_ram
                0x00009218        0x4 LONG 0x1fff80c8 __cy_region_start_data
                0x0000921c        0x4 LONG 0xb0 __cy_region_init_size_ram
                0x00009220        0x4 LONG 0x4228 __cy_region_zero_size_ram
                0x00009224                __cy_regions_end = .
                0x00009228                . = ALIGN (0x8)
 *fill*         0x00009224        0x4 
                0x00009228                _etext = .

.cy_checksum_exclude
                0x00009228        0x0
 *(.cy_checksum_exclude)

.ramvectors     0x1fff8000       0xc0
                0x1fff8000                __cy_region_start_ram = .
 *(.ramvectors)
 .ramvectors    0x1fff8000       0xc0 .\CortexM3\ARM_GCC_541\Debug\Cm3Start.o
                0x1fff8000                CyRamVectors

.noinit         0x1fff80c0        0x5
 *(.noinit)
 .noinit        0x1fff80c0        0x4 .\CortexM3\ARM_GCC_541\Debug\Cm3Start.o
 .noinit        0x1fff80c4        0x1 .\CortexM3\ARM_GCC_541\Debug\Scope-CY8CKIT-59.a(CyLib.o)
                0x1fff80c4                CyResetStatus

.data           0x1fff80c8       0xb0 load address 0x00009228
                0x1fff80c8                __cy_region_start_data = .
 *(.jcr)
 .jcr           0x1fff80c8        0x0 c:/program files (x86)/cypress/psoc creator/4.4/psoc creator/import/gnu/arm/5.4.1/bin/../lib/gcc/arm-none-eabi/5.4.1/armv7-m/crtbegin.o
 .jcr           0x1fff80c8        0x4 c:/program files (x86)/cypress/psoc creator/4.4/psoc creator/import/gnu/arm/5.4.1/bin/../lib/gcc/arm-none-eabi/5.4.1/armv7-m/crtend.o
 *(.got.plt)
 *(.got)
 *(.shdata)
 *(.data .data.* .gnu.linkonce.d.*)
 .data          0x1fff80cc        0x4 .\CortexM3\ARM_GCC_541\Debug\Cm3Start.o
 .data          0x1fff80d0        0x8 .\CortexM3\ARM_GCC_541\Debug\Scope-CY8CKIT-59.a(CyDmac.o)
 .data          0x1fff80d8       0x10 .\CortexM3\ARM_GCC_541\Debug\Scope-CY8CKIT-59.a(CyLib.o)
                0x1fff80d8                cydelay_freq_hz
                0x1fff80dc                cydelay_freq_khz
                0x1fff80e0                cydelay_freq_mhz
                0x1fff80e4                cydelay_32k_ms
 .data          0x1fff80e8       0x1a .\CortexM3\ARM_GCC_541\Debug\Scope-CY8CKIT-59.a(USBUART_cdc.o)
                0x1fff80e8                USBUART_linesCoding
 .data          0x1fff8102        0x1 .\CortexM3\ARM_GCC_541\Debug\Scope-CY8CKIT-59.a(Amux_Trigger.o)
 .data          0x1fff8103        0x1 .\CortexM3\ARM_GCC_541\Debug\Scope-CY8CKIT-59.a(DMA_Channel_1_dma.o)
                0x1fff8103                DMA_Channel_1_DmaHandle
 .data          0x1fff8104        0x1 .\CortexM3\ARM_GCC_541\Debug\Scope-CY8CKIT-59.a(DMA_Channel_2_dma.o)
                0x1fff8104                DMA_Channel_2_DmaHandle
 .data          0x1fff8105        0x1 .\CortexM3\ARM_GCC_541\Debug\Scope-CY8CKIT-59.a(AMux_1.o)
 .data          0x1fff8106        0x1 .\CortexM3\ARM_GCC_541\Debug\Scope-CY8CKIT-59.a(AMux_2.o)
 .data          0x1fff8107        0x1 .\CortexM3\ARM_GCC_541\Debug\Scope-CY8CKIT-59.a(WaveB_DAC_Wave1_DMA_dma.o)
                0x1fff8107                WaveB_DAC_Wave1_DMA_DmaHandle
 .data          0x1fff8108        0x1 .\CortexM3\ARM_GCC_541\Debug\Scope-CY8CKIT-59.a(WaveB_DAC_Wave2_DMA_dma.o)
                0x1fff8108                WaveB_DAC_Wave2_DMA_DmaHandle
 .data          0x1fff8109        0x1 .\CortexM3\ARM_GCC_541\Debug\Scope-CY8CKIT-59.a(WaveA_DAC_Wave1_DMA_dma.o)
                0x1fff8109                WaveA_DAC_Wave1_DMA_DmaHandle
 .data          0x1fff810a        0x1 .\CortexM3\ARM_GCC_541\Debug\Scope-CY8CKIT-59.a(WaveA_DAC_Wave2_DMA_dma.o)
                0x1fff810a                WaveA_DAC_Wave2_DMA_DmaHandle
 *fill*         0x1fff810b        0x1 
 .data.impure_data
                0x1fff810c       0x60 c:/program files (x86)/cypress/psoc creator/4.4/psoc creator/import/gnu/arm/5.4.1/bin/../lib/gcc/arm-none-eabi/5.4.1/../../../../arm-none-eabi/lib/armv7-m\libg_nano.a(lib_a-impure.o)
 .data._impure_ptr
                0x1fff816c        0x4 c:/program files (x86)/cypress/psoc creator/4.4/psoc creator/import/gnu/arm/5.4.1/bin/../lib/gcc/arm-none-eabi/5.4.1/../../../../arm-none-eabi/lib/armv7-m\libg_nano.a(lib_a-impure.o)
                0x1fff816c                _impure_ptr
 .data.__ctype_ptr__
                0x1fff8170        0x4 c:/program files (x86)/cypress/psoc creator/4.4/psoc creator/import/gnu/arm/5.4.1/bin/../lib/gcc/arm-none-eabi/5.4.1/../../../../arm-none-eabi/lib/armv7-m\libg_nano.a(lib_a-ctype_.o)
                0x1fff8170                __ctype_ptr__
                0x1fff8178                . = ALIGN (0x8)
 *fill*         0x1fff8174        0x4 
 *(.ram)
                0x1fff8178                _edata = .

.igot.plt       0x1fff8178        0x0 load address 0x000092d8
 .igot.plt      0x1fff8178        0x0 c:/program files (x86)/cypress/psoc creator/4.4/psoc creator/import/gnu/arm/5.4.1/bin/../lib/gcc/arm-none-eabi/5.4.1/armv7-m/crtbegin.o

.bss            0x1fff8178     0x4228 load address 0x000092d8
                0x1fff8178                PROVIDE (__bss_start__, .)
 *(.shbss)
 *(.bss .bss.* .gnu.linkonce.b.*)
 .bss           0x1fff8178       0x1c c:/program files (x86)/cypress/psoc creator/4.4/psoc creator/import/gnu/arm/5.4.1/bin/../lib/gcc/arm-none-eabi/5.4.1/armv7-m/crtbegin.o
 .bss           0x1fff8194        0x4 .\CortexM3\ARM_GCC_541\Debug\main.o
                0x1fff8194                wavea_gain
                0x1fff8195                wavea_offset
                0x1fff8196                waveb_gain
                0x1fff8197                waveb_offset
 .bss           0x1fff8198        0x1 .\CortexM3\ARM_GCC_541\Debug\Scope-CY8CKIT-59.a(ADC_2.o)
                0x1fff8198                ADC_2_initVar
 .bss           0x1fff8199        0x1 .\CortexM3\ARM_GCC_541\Debug\Scope-CY8CKIT-59.a(ADC_1.o)
                0x1fff8199                ADC_1_initVar
 .bss           0x1fff819a        0x1 .\CortexM3\ARM_GCC_541\Debug\Scope-CY8CKIT-59.a(USBUART.o)
                0x1fff819a                USBUART_initVar
 .bss           0x1fff819b        0x1 .\CortexM3\ARM_GCC_541\Debug\Scope-CY8CKIT-59.a(USBUART_cdc.o)
 .bss           0x1fff819c        0x2 .\CortexM3\ARM_GCC_541\Debug\Scope-CY8CKIT-59.a(USBUART_std.o)
 .bss           0x1fff819e        0x1 .\CortexM3\ARM_GCC_541\Debug\Scope-CY8CKIT-59.a(Vtrigger.o)
                0x1fff819e                Vtrigger_initVar
 .bss           0x1fff819f        0x1 .\CortexM3\ARM_GCC_541\Debug\Scope-CY8CKIT-59.a(PWM_Sample_Buffer.o)
                0x1fff819f                PWM_Sample_Buffer_initVar
 .bss           0x1fff81a0        0x1 .\CortexM3\ARM_GCC_541\Debug\Scope-CY8CKIT-59.a(Trigger_Comp.o)
                0x1fff81a0                Trigger_Comp_initVar
 .bss           0x1fff81a1        0x1 .\CortexM3\ARM_GCC_541\Debug\Scope-CY8CKIT-59.a(PRS.o)
                0x1fff81a1                PRS_initVar
 .bss           0x1fff81a2        0x1 .\CortexM3\ARM_GCC_541\Debug\Scope-CY8CKIT-59.a(Digital_PWM.o)
                0x1fff81a2                Digital_PWM_initVar
 .bss           0x1fff81a3        0x1 .\CortexM3\ARM_GCC_541\Debug\Scope-CY8CKIT-59.a(ScopeA_Buf.o)
                0x1fff81a3                ScopeA_Buf_initVar
 .bss           0x1fff81a4        0x1 .\CortexM3\ARM_GCC_541\Debug\Scope-CY8CKIT-59.a(ScopeB_Buf.o)
                0x1fff81a4                ScopeB_Buf_initVar
 .bss           0x1fff81a5        0x5 .\CortexM3\ARM_GCC_541\Debug\Scope-CY8CKIT-59.a(WaveB_DAC.o)
                0x1fff81a5                WaveB_DAC_initVar
 .bss           0x1fff81aa        0x1 .\CortexM3\ARM_GCC_541\Debug\Scope-CY8CKIT-59.a(WaveB_Buf.o)
                0x1fff81aa                WaveB_Buf_initVar
 .bss           0x1fff81ab        0x1 .\CortexM3\ARM_GCC_541\Debug\Scope-CY8CKIT-59.a(AuxDAC_1.o)
                0x1fff81ab                AuxDAC_1_initVar
 .bss           0x1fff81ac        0x1 .\CortexM3\ARM_GCC_541\Debug\Scope-CY8CKIT-59.a(AuxDAC_Buf.o)
                0x1fff81ac                AuxDAC_Buf_initVar
 .bss           0x1fff81ad        0x5 .\CortexM3\ARM_GCC_541\Debug\Scope-CY8CKIT-59.a(WaveA_DAC.o)
                0x1fff81ad                WaveA_DAC_initVar
 .bss           0x1fff81b2        0x1 .\CortexM3\ARM_GCC_541\Debug\Scope-CY8CKIT-59.a(WaveA_Buf.o)
                0x1fff81b2                WaveA_Buf_initVar
 .bss           0x1fff81b3        0x1 .\CortexM3\ARM_GCC_541\Debug\Scope-CY8CKIT-59.a(ScopeC_Buf.o)
                0x1fff81b3                ScopeC_Buf_initVar
 .bss           0x1fff81b4        0x1 .\CortexM3\ARM_GCC_541\Debug\Scope-CY8CKIT-59.a(ScopeD_Buf.o)
                0x1fff81b4                ScopeD_Buf_initVar
 .bss           0x1fff81b5        0x1 .\CortexM3\ARM_GCC_541\Debug\Scope-CY8CKIT-59.a(VRef_Buf.o)
                0x1fff81b5                VRef_Buf_initVar
 *fill*         0x1fff81b6        0x2 
 .bss.__malloc_sbrk_start
                0x1fff81b8        0x4 c:/program files (x86)/cypress/psoc creator/4.4/psoc creator/import/gnu/arm/5.4.1/bin/../lib/gcc/arm-none-eabi/5.4.1/../../../../arm-none-eabi/lib/armv7-m\libg_nano.a(lib_a-nano-mallocr.o)
                0x1fff81b8                __malloc_sbrk_start
 .bss.__malloc_free_list
                0x1fff81bc        0x4 c:/program files (x86)/cypress/psoc creator/4.4/psoc creator/import/gnu/arm/5.4.1/bin/../lib/gcc/arm-none-eabi/5.4.1/../../../../arm-none-eabi/lib/armv7-m\libg_nano.a(lib_a-nano-mallocr.o)
                0x1fff81bc                __malloc_free_list
 *(COMMON)
 COMMON         0x1fff81c0     0x40e8 .\CortexM3\ARM_GCC_541\Debug\main.o
                0x1fff81c0                DMA_Channel_2_Chan
                0x1fff81c2                cCommandsReady
                0x1fff81c4                Channel_1_Data
                0x1fff89c4                preamp_a
                0x1fff89c6                iWrite
                0x1fff89c8                Digital_AutoUpdate
                0x1fff89cc                DMA_Channel_1_TD
                0x1fff89d0                Channel_2_Data
                0x1fff91d0                trigger_source
                0x1fff91d1                Noise_Adjusted
                0x1fff91d2                bCommandReady
                0x1fff91d4                szTempBuffer
                0x1fff9214                szCommandsBuffer
                0x1fffa214                WaveformA_Temp_Buffer
                0x1fffaa14                DMA_Channel_1_Chan
                0x1fffaa18                USB_Out_Buffer
                0x1fffaa58                preamp_b
                0x1fffaa59                cCharsReceived
                0x1fffaa5a                iRead
                0x1fffaa5c                preamp_trig
                0x1fffaa60                DMA_Channel_2_TD
                0x1fffaa64                WaveformB_Buffer
                0x1fffb264                WaveformB_Temp_Buffer
                0x1fffba64                WaveformA_Buffer
                0x1fffc264                Digital_Input_Status_Last
                0x1fffc268                szCommand
 COMMON         0x1fffc2a8        0xa .\CortexM3\ARM_GCC_541\Debug\Scope-CY8CKIT-59.a(ADC_2.o)
                0x1fffc2a8                ADC_2_shift
                0x1fffc2aa                ADC_2_countsPerVolt
                0x1fffc2ac                ADC_2_countsPer10Volt
                0x1fffc2b0                ADC_2_offset
 *fill*         0x1fffc2b2        0x2 
 COMMON         0x1fffc2b4        0xc .\CortexM3\ARM_GCC_541\Debug\Scope-CY8CKIT-59.a(ADC_1.o)
                0x1fffc2b4                ADC_1_offset
                0x1fffc2b6                ADC_1_shift
                0x1fffc2b8                ADC_1_countsPerVolt
                0x1fffc2bc                ADC_1_countsPer10Volt
 COMMON         0x1fffc2c0       0x18 .\CortexM3\ARM_GCC_541\Debug\Scope-CY8CKIT-59.a(USBUART_cdc.o)
                0x1fffc2c0                USBUART_linesChanged
                0x1fffc2c4                USBUART_cdcDataInEp
                0x1fffc2c8                USBUART_cdcCommInInterruptEp
                0x1fffc2cc                USBUART_cdcDataOutEp
                0x1fffc2d0                USBUART_serialStateBitmap
                0x1fffc2d4                USBUART_linesControlBitmap
 COMMON         0x1fffc2d8       0x9a .\CortexM3\ARM_GCC_541\Debug\Scope-CY8CKIT-59.a(USBUART_drv.o)
                0x1fffc2d8                USBUART_lastPacketSize
                0x1fffc2d9                USBUART_device
                0x1fffc2da                USBUART_transferByteCount
                0x1fffc2dc                USBUART_transferState
                0x1fffc2e0                USBUART_interfaceSettingLast
                0x1fffc2e4                USBUART_currentTD
                0x1fffc2f0                USBUART_interfaceNumber
                0x1fffc2f4                USBUART_interfaceClass
                0x1fffc2f8                USBUART_configurationChanged
                0x1fffc2f9                USBUART_ep0Mode
                0x1fffc2fa                USBUART_deviceAddress
                0x1fffc2fb                USBUART_configuration
                0x1fffc2fc                USBUART_ep0Count
                0x1fffc2fd                USBUART_deviceStatus
                0x1fffc300                USBUART_EP
                0x1fffc36c                USBUART_interfaceSetting
                0x1fffc36e                USBUART_ep0Toggle
                0x1fffc370                USBUART_interfaceStatus
 *fill*         0x1fffc372        0x2 
 COMMON         0x1fffc374       0x22 .\CortexM3\ARM_GCC_541\Debug\Scope-CY8CKIT-59.a(USBUART_descr.o)
                0x1fffc374                USBUART_idSerialNumberStringDescriptor
 *fill*         0x1fffc396        0x2 
 COMMON         0x1fffc398        0x4 c:/program files (x86)/cypress/psoc creator/4.4/psoc creator/import/gnu/arm/5.4.1/bin/../lib/gcc/arm-none-eabi/5.4.1/../../../../arm-none-eabi/lib/armv7-m\libg_nano.a(lib_a-reent.o)
                0x1fffc398                errno
                0x1fffc3a0                . = ALIGN (0x8)
 *fill*         0x1fffc39c        0x4 
 *(.ram.b)
                0x1fffc3a0                _end = .
                0x1fffc3a0                __end = .
                0x1fffc3a0                PROVIDE (end, .)
                0x1fffc3a0                PROVIDE (__bss_end__, .)
                0x00009228                __cy_region_init_ram = LOADADDR (.data)
                0x000000b0                __cy_region_init_size_ram = (_edata - ADDR (.data))
                0x00004228                __cy_region_zero_size_ram = (_end - _edata)

.heap           0x1fffc3a0       0x80 load address 0x000092d8
                0x1fffc3a0                . = _end
                0x1fffc420                . = (. + 0x80)
 *fill*         0x1fffc3a0       0x80 
                0x1fffc420                __cy_heap_limit = .

.stack          0x20007800      0x800
                0x20007800                __cy_stack_limit = .
                0x20008000                . = (. + 0x800)
 *fill*         0x20007800      0x800 
                0x00000001                ASSERT ((__cy_stack_limit >= __cy_heap_limit), region RAM overflowed with stack)
                0x00000000                cy_checksum_exclude_size = (CY_APPL_LOADABLE == 0x1)?SIZEOF (.cy_checksum_exclude):0x0
                0x00000001                ASSERT ((cy_checksum_exclude_size <= CY_CHECKSUM_EXCLUDE_SIZE), CY_BOOT: Section .cy_checksum_exclude size exceedes specified limit.)

.cyloadermeta
 *(.cyloadermeta)

.cyloadablemeta
 *(.cyloadablemeta)

.cyconfigecc    0x80000000      0x790
 *(.cyconfigecc)
 .cyconfigecc   0x80000000      0x790 .\CortexM3\ARM_GCC_541\Debug\cymetadata.o
                0x80000000                cy_meta_configecc

.cycustnvl      0x90000000        0x4
 *(.cycustnvl)
 .cycustnvl     0x90000000        0x4 .\CortexM3\ARM_GCC_541\Debug\cymetadata.o
                0x90000000                cy_meta_custnvl

.cywolatch      0x90100000        0x4
 *(.cywolatch)
 .cywolatch     0x90100000        0x4 .\CortexM3\ARM_GCC_541\Debug\cymetadata.o
                0x90100000                cy_meta_wonvl

.cyeeprom       0x90200000        0x0
 *(.cyeeprom)
                0x00000001                ASSERT ((. <= ((0x90200000 + ee_offset) + ee_size)), .cyeeprom data will not fit in EEPROM)

.cyflashprotect
                0x90400000      0x100
 *(.cyflashprotect)
 .cyflashprotect
                0x90400000      0x100 .\CortexM3\ARM_GCC_541\Debug\cymetadata.o
                0x90400000                cy_meta_flashprotect

.cymeta         0x90500000        0xc
 *(.cymeta)
 .cymeta        0x90500000        0xc .\CortexM3\ARM_GCC_541\Debug\cymetadata.o
                0x90500000                cy_metadata

.rel.dyn        0x000092d8        0x0 load address 0x9050000c
 .rel.iplt      0x000092d8        0x0 c:/program files (x86)/cypress/psoc creator/4.4/psoc creator/import/gnu/arm/5.4.1/bin/../lib/gcc/arm-none-eabi/5.4.1/armv7-m/crtbegin.o

.stab           0x00000000       0x6c
 *(.stab)
 .stab          0x00000000       0x24 c:/program files (x86)/cypress/psoc creator/4.4/psoc creator/import/gnu/arm/5.4.1/bin/../lib/gcc/arm-none-eabi/5.4.1/../../../../arm-none-eabi/lib/armv7-m\libnosys.a(close.o)
 .stab          0x00000024       0x18 c:/program files (x86)/cypress/psoc creator/4.4/psoc creator/import/gnu/arm/5.4.1/bin/../lib/gcc/arm-none-eabi/5.4.1/../../../../arm-none-eabi/lib/armv7-m\libnosys.a(lseek.o)
                                 0x24 (size before relaxing)
 .stab          0x0000003c       0x18 c:/program files (x86)/cypress/psoc creator/4.4/psoc creator/import/gnu/arm/5.4.1/bin/../lib/gcc/arm-none-eabi/5.4.1/../../../../arm-none-eabi/lib/armv7-m\libnosys.a(read.o)
                                 0x24 (size before relaxing)
 .stab          0x00000054       0x18 c:/program files (x86)/cypress/psoc creator/4.4/psoc creator/import/gnu/arm/5.4.1/bin/../lib/gcc/arm-none-eabi/5.4.1/../../../../arm-none-eabi/lib/armv7-m\libnosys.a(write.o)
                                 0x24 (size before relaxing)

.stabstr        0x00000000       0xdf
 *(.stabstr)
 .stabstr       0x00000000       0xdf c:/program files (x86)/cypress/psoc creator/4.4/psoc creator/import/gnu/arm/5.4.1/bin/../lib/gcc/arm-none-eabi/5.4.1/../../../../arm-none-eabi/lib/armv7-m\libnosys.a(close.o)

.debug
 *(.debug)

.line
 *(.line)

.debug_srcinfo
 *(.debug_srcinfo)

.debug_sfnames
 *(.debug_sfnames)

.debug_aranges  0x00000000     0x1638
 *(.debug_aranges)
 .debug_aranges
                0x00000000       0x50 .\CortexM3\ARM_GCC_541\Debug\main.o
 .debug_aranges
                0x00000050       0x90 .\CortexM3\ARM_GCC_541\Debug\cyfitter_cfg.o
 .debug_aranges
                0x000000e0       0x48 .\CortexM3\ARM_GCC_541\Debug\Cm3Start.o
 .debug_aranges
                0x00000128       0x18 .\CortexM3\ARM_GCC_541\Debug\cymetadata.o
 .debug_aranges
                0x00000140       0xd8 .\CortexM3\ARM_GCC_541\Debug\Scope-CY8CKIT-59.a(CyDmac.o)
 .debug_aranges
                0x00000218      0x2a0 .\CortexM3\ARM_GCC_541\Debug\Scope-CY8CKIT-59.a(CyLib.o)
 .debug_aranges
                0x000004b8       0x98 .\CortexM3\ARM_GCC_541\Debug\Scope-CY8CKIT-59.a(cyPm.o)
 .debug_aranges
                0x00000550       0x98 .\CortexM3\ARM_GCC_541\Debug\Scope-CY8CKIT-59.a(ADC_2.o)
 .debug_aranges
                0x000005e8       0x20 .\CortexM3\ARM_GCC_541\Debug\Scope-CY8CKIT-59.a(ADC_2_INT.o)
 .debug_aranges
                0x00000608       0x98 .\CortexM3\ARM_GCC_541\Debug\Scope-CY8CKIT-59.a(ADC_1.o)
 .debug_aranges
                0x000006a0       0x20 .\CortexM3\ARM_GCC_541\Debug\Scope-CY8CKIT-59.a(ADC_1_INT.o)
 .debug_aranges
                0x000006c0       0xc8 .\CortexM3\ARM_GCC_541\Debug\Scope-CY8CKIT-59.a(USBUART.o)
 .debug_aranges
                0x00000788       0xe8 .\CortexM3\ARM_GCC_541\Debug\Scope-CY8CKIT-59.a(USBUART_cdc.o)
 .debug_aranges
                0x00000870       0x98 .\CortexM3\ARM_GCC_541\Debug\Scope-CY8CKIT-59.a(USBUART_drv.o)
 .debug_aranges
                0x00000908       0x40 .\CortexM3\ARM_GCC_541\Debug\Scope-CY8CKIT-59.a(USBUART_episr.o)
 .debug_aranges
                0x00000948       0x40 .\CortexM3\ARM_GCC_541\Debug\Scope-CY8CKIT-59.a(USBUART_pm.o)
 .debug_aranges
                0x00000988       0x80 .\CortexM3\ARM_GCC_541\Debug\Scope-CY8CKIT-59.a(USBUART_std.o)
 .debug_aranges
                0x00000a08       0x20 .\CortexM3\ARM_GCC_541\Debug\Scope-CY8CKIT-59.a(USBUART_vnd.o)
 .debug_aranges
                0x00000a28       0x70 .\CortexM3\ARM_GCC_541\Debug\Scope-CY8CKIT-59.a(SampleClock.o)
 .debug_aranges
                0x00000a98       0x58 .\CortexM3\ARM_GCC_541\Debug\Scope-CY8CKIT-59.a(Vtrigger.o)
 .debug_aranges
                0x00000af0       0x30 .\CortexM3\ARM_GCC_541\Debug\Scope-CY8CKIT-59.a(Amux_Trigger.o)
 .debug_aranges
                0x00000b20       0x28 .\CortexM3\ARM_GCC_541\Debug\Scope-CY8CKIT-59.a(DMA_Channel_1_dma.o)
 .debug_aranges
                0x00000b48       0x28 .\CortexM3\ARM_GCC_541\Debug\Scope-CY8CKIT-59.a(DMA_Channel_2_dma.o)
 .debug_aranges
                0x00000b70       0x98 .\CortexM3\ARM_GCC_541\Debug\Scope-CY8CKIT-59.a(PWM_Sample_Buffer.o)
 .debug_aranges
                0x00000c08       0x48 .\CortexM3\ARM_GCC_541\Debug\Scope-CY8CKIT-59.a(USBUART_Dp.o)
 .debug_aranges
                0x00000c50       0x28 .\CortexM3\ARM_GCC_541\Debug\Scope-CY8CKIT-59.a(Trigger_Control.o)
 .debug_aranges
                0x00000c78       0x40 .\CortexM3\ARM_GCC_541\Debug\Scope-CY8CKIT-59.a(Trigger_Status.o)
 .debug_aranges
                0x00000cb8       0x70 .\CortexM3\ARM_GCC_541\Debug\Scope-CY8CKIT-59.a(Trigger_Comp.o)
 .debug_aranges
                0x00000d28       0x60 .\CortexM3\ARM_GCC_541\Debug\Scope-CY8CKIT-59.a(PRS.o)
 .debug_aranges
                0x00000d88       0x28 .\CortexM3\ARM_GCC_541\Debug\Scope-CY8CKIT-59.a(Wave_Control.o)
 .debug_aranges
                0x00000db0       0x28 .\CortexM3\ARM_GCC_541\Debug\Scope-CY8CKIT-59.a(Digital_Out_Control.o)
 .debug_aranges
                0x00000dd8       0x40 .\CortexM3\ARM_GCC_541\Debug\Scope-CY8CKIT-59.a(Digital_Input_Status.o)
 .debug_aranges
                0x00000e18       0x70 .\CortexM3\ARM_GCC_541\Debug\Scope-CY8CKIT-59.a(PWM_Clock.o)
 .debug_aranges