Archive member included to satisfy reference by file (symbol)

.\CortexM3\ARM_GCC_541\Debug\Scope_CY8KIT-044.a(CyDmac.o)
                              .\CortexM3\ARM_GCC_541\Debug\Cm3Start.o (CyDmacConfigure)
.\CortexM3\ARM_GCC_541\Debug\Scope_CY8KIT-044.a(CyLib.o)
                              .\CortexM3\ARM_GCC_541\Debug\Cm3Start.o (CyResetStatus)
.\CortexM3\ARM_GCC_541\Debug\Scope_CY8KIT-044.a(cyPm.o)
                              .\CortexM3\ARM_GCC_541\Debug\Scope_CY8KIT-044.a(CyLib.o) (CyPmReadStatus)
.\CortexM3\ARM_GCC_541\Debug\Scope_CY8KIT-044.a(ADC_2.o)
                              .\CortexM3\ARM_GCC_541\Debug\main.o (ADC_2_Start)
.\CortexM3\ARM_GCC_541\Debug\Scope_CY8KIT-044.a(ADC_2_INT.o)
                              .\CortexM3\ARM_GCC_541\Debug\Scope_CY8KIT-044.a(ADC_2.o) (ADC_2_ISR)
.\CortexM3\ARM_GCC_541\Debug\Scope_CY8KIT-044.a(ADC_1.o)
                              .\CortexM3\ARM_GCC_541\Debug\main.o (ADC_1_Start)
.\CortexM3\ARM_GCC_541\Debug\Scope_CY8KIT-044.a(ADC_1_INT.o)
                              .\CortexM3\ARM_GCC_541\Debug\Scope_CY8KIT-044.a(ADC_1.o) (ADC_1_ISR)
.\CortexM3\ARM_GCC_541\Debug\Scope_CY8KIT-044.a(USBUART.o)
                              .\CortexM3\ARM_GCC_541\Debug\main.o (USBUART_Start)
.\CortexM3\ARM_GCC_541\Debug\Scope_CY8KIT-044.a(USBUART_cdc.o)
                              .\CortexM3\ARM_GCC_541\Debug\main.o (USBUART_CDC_Init)
.\CortexM3\ARM_GCC_541\Debug\Scope_CY8KIT-044.a(USBUART_drv.o)
                              .\CortexM3\ARM_GCC_541\Debug\Scope_CY8KIT-044.a(USBUART.o) (USBUART_EP)
.\CortexM3\ARM_GCC_541\Debug\Scope_CY8KIT-044.a(USBUART_episr.o)
                              .\CortexM3\ARM_GCC_541\Debug\Scope_CY8KIT-044.a(USBUART.o) (USBUART_EP_1_ISR)
.\CortexM3\ARM_GCC_541\Debug\Scope_CY8KIT-044.a(USBUART_pm.o)
                              .\CortexM3\ARM_GCC_541\Debug\Scope_CY8KIT-044.a(USBUART.o) (USBUART_DP_ISR)
.\CortexM3\ARM_GCC_541\Debug\Scope_CY8KIT-044.a(USBUART_std.o)
                              .\CortexM3\ARM_GCC_541\Debug\Scope_CY8KIT-044.a(USBUART_drv.o) (USBUART_HandleStandardRqst)
.\CortexM3\ARM_GCC_541\Debug\Scope_CY8KIT-044.a(USBUART_vnd.o)
                              .\CortexM3\ARM_GCC_541\Debug\Scope_CY8KIT-044.a(USBUART_drv.o) (USBUART_HandleVendorRqst)
.\CortexM3\ARM_GCC_541\Debug\Scope_CY8KIT-044.a(SampleClock.o)
                              .\CortexM3\ARM_GCC_541\Debug\main.o (SampleClock_SetDividerRegister)
.\CortexM3\ARM_GCC_541\Debug\Scope_CY8KIT-044.a(Vtrigger.o)
                              .\CortexM3\ARM_GCC_541\Debug\main.o (Vtrigger_Start)
.\CortexM3\ARM_GCC_541\Debug\Scope_CY8KIT-044.a(Amux_Trigger.o)
                              .\CortexM3\ARM_GCC_541\Debug\main.o (Amux_Trigger_FastSelect)
.\CortexM3\ARM_GCC_541\Debug\Scope_CY8KIT-044.a(DMA_Channel_1_dma.o)
                              .\CortexM3\ARM_GCC_541\Debug\main.o (DMA_Channel_1_DmaInitialize)
.\CortexM3\ARM_GCC_541\Debug\Scope_CY8KIT-044.a(DMA_Channel_2_dma.o)
                              .\CortexM3\ARM_GCC_541\Debug\main.o (DMA_Channel_2_DmaInitialize)
.\CortexM3\ARM_GCC_541\Debug\Scope_CY8KIT-044.a(PWM_Sample_Buffer.o)
                              .\CortexM3\ARM_GCC_541\Debug\main.o (PWM_Sample_Buffer_Start)
.\CortexM3\ARM_GCC_541\Debug\Scope_CY8KIT-044.a(USBUART_Dp.o)
                              .\CortexM3\ARM_GCC_541\Debug\Scope_CY8KIT-044.a(USBUART.o) (USBUART_Dp_ClearInterrupt)
.\CortexM3\ARM_GCC_541\Debug\Scope_CY8KIT-044.a(Trigger_Control.o)
                              .\CortexM3\ARM_GCC_541\Debug\main.o (Trigger_Control_Write)
.\CortexM3\ARM_GCC_541\Debug\Scope_CY8KIT-044.a(Trigger_Status.o)
                              .\CortexM3\ARM_GCC_541\Debug\main.o (Trigger_Status_Read)
.\CortexM3\ARM_GCC_541\Debug\Scope_CY8KIT-044.a(Trigger_Comp.o)
                              .\CortexM3\ARM_GCC_541\Debug\main.o (Trigger_Comp_Start)
.\CortexM3\ARM_GCC_541\Debug\Scope_CY8KIT-044.a(PRS.o)
                              .\CortexM3\ARM_GCC_541\Debug\main.o (PRS_Start)
.\CortexM3\ARM_GCC_541\Debug\Scope_CY8KIT-044.a(Wave_Control.o)
                              .\CortexM3\ARM_GCC_541\Debug\main.o (Wave_Control_Write)
.\CortexM3\ARM_GCC_541\Debug\Scope_CY8KIT-044.a(Digital_Out_Control.o)
                              .\CortexM3\ARM_GCC_541\Debug\main.o (Digital_Out_Control_Write)
.\CortexM3\ARM_GCC_541\Debug\Scope_CY8KIT-044.a(AuxDAC_Buf.o)
                              .\CortexM3\ARM_GCC_541\Debug\main.o (AuxDAC_Buf_Start)
.\CortexM3\ARM_GCC_541\Debug\Scope_CY8KIT-044.a(AuxDAC_1.o)
                              .\CortexM3\ARM_GCC_541\Debug\main.o (AuxDAC_1_Start)
.\CortexM3\ARM_GCC_541\Debug\Scope_CY8KIT-044.a(ScopeA_Buf.o)
                              .\CortexM3\ARM_GCC_541\Debug\main.o (ScopeA_Buf_SetGain)
.\CortexM3\ARM_GCC_541\Debug\Scope_CY8KIT-044.a(ScopeB_Buf.o)
                              .\CortexM3\ARM_GCC_541\Debug\main.o (ScopeB_Buf_SetGain)
.\CortexM3\ARM_GCC_541\Debug\Scope_CY8KIT-044.a(WaveA_DAC.o)
[...]
Memory Configuration

Name             Origin             Length             Attributes
rom              0x00000000         0x00040000         xr
ram              0x1fff8000         0x00010000         xrw
*default*        0x00000000         0xffffffff

Linker script and memory map

LOAD c:/program files (x86)/cypress/psoc creator/4.4/psoc creator/import/gnu/arm/5.4.1/bin/../lib/gcc/arm-none-eabi/5.4.1/armv7-m/crti.o
LOAD c:/program files (x86)/cypress/psoc creator/4.4/psoc creator/import/gnu/arm/5.4.1/bin/../lib/gcc/arm-none-eabi/5.4.1/armv7-m/crtbegin.o
LOAD c:/program files (x86)/cypress/psoc creator/4.4/psoc creator/import/gnu/arm/5.4.1/bin/../lib/gcc/arm-none-eabi/5.4.1/../../../../arm-none-eabi/lib/armv7-m/crt0.o
START GROUP
LOAD .\CortexM3\ARM_GCC_541\Debug\main.o
LOAD .\CortexM3\ARM_GCC_541\Debug\cyfitter_cfg.o
LOAD .\CortexM3\ARM_GCC_541\Debug\Cm3Start.o
LOAD .\CortexM3\ARM_GCC_541\Debug\cymetadata.o
LOAD .\CortexM3\ARM_GCC_541\Debug\cybootloader.o
LOAD .\CortexM3\ARM_GCC_541\Debug\Scope_CY8KIT-044.a
LOAD C:\Program Files (x86)\Cypress\PSoC Creator\4.4\PSoC Creator\psoc\content\cycomponentlibrary\CyComponentLibrary.cylib\CortexM3\ARM_GCC_541\Debug\CyComponentLibrary.a
END GROUP
START GROUP
LOAD c:/program files (x86)/cypress/psoc creator/4.4/psoc creator/import/gnu/arm/5.4.1/bin/../lib/gcc/arm-none-eabi/5.4.1/armv7-m\libgcc.a
LOAD c:/program files (x86)/cypress/psoc creator/4.4/psoc creator/import/gnu/arm/5.4.1/bin/../lib/gcc/arm-none-eabi/5.4.1/../../../../arm-none-eabi/lib/armv7-m\libg_nano.a
LOAD c:/program files (x86)/cypress/psoc creator/4.4/psoc creator/import/gnu/arm/5.4.1/bin/../lib/gcc/arm-none-eabi/5.4.1/../../../../arm-none-eabi/lib/armv7-m\libc_nano.a
END GROUP
START GROUP
LOAD c:/program files (x86)/cypress/psoc creator/4.4/psoc creator/import/gnu/arm/5.4.1/bin/../lib/gcc/arm-none-eabi/5.4.1/armv7-m\libgcc.a
LOAD c:/program files (x86)/cypress/psoc creator/4.4/psoc creator/import/gnu/arm/5.4.1/bin/../lib/gcc/arm-none-eabi/5.4.1/../../../../arm-none-eabi/lib/armv7-m\libc_nano.a
END GROUP
LOAD c:/program files (x86)/cypress/psoc creator/4.4/psoc creator/import/gnu/arm/5.4.1/bin/../lib/gcc/arm-none-eabi/5.4.1/armv7-m/crtend.o
LOAD c:/program files (x86)/cypress/psoc creator/4.4/psoc creator/import/gnu/arm/5.4.1/bin/../lib/gcc/arm-none-eabi/5.4.1/armv7-m/crtn.o
START GROUP
LOAD c:/program files (x86)/cypress/psoc creator/4.4/psoc creator/import/gnu/arm/5.4.1/bin/../lib/gcc/arm-none-eabi/5.4.1/armv7-m\libgcc.a
LOAD c:/program files (x86)/cypress/psoc creator/4.4/psoc creator/import/gnu/arm/5.4.1/bin/../lib/gcc/arm-none-eabi/5.4.1/../../../../arm-none-eabi/lib/armv7-m\libc.a
LOAD c:/program files (x86)/cypress/psoc creator/4.4/psoc creator/import/gnu/arm/5.4.1/bin/../lib/gcc/arm-none-eabi/5.4.1/../../../../arm-none-eabi/lib/armv7-m\libnosys.a
END GROUP
                0x00003200                CY_APPL_ORIGIN = 0x3200
                0x00000100                CY_FLASH_ROW_SIZE = 0x100
                0x00000020                CY_ECC_ROW_SIZE = 0x20
                0x00000000                CY_EE_IN_BTLDR = 0x0
                0x00000001                CY_APPL_LOADABLE = 0x1
                0x00000800                CY_EE_SIZE = 0x800
                0x00000001                CY_APPL_NUM = 0x1
                0x00000001                CY_APPL_MAX = 0x1
                0x00000040                CY_METADATA_SIZE = 0x40
                0x00000001                CY_APPL_LOADABLE = 0x1
                0x00000000                CY_CHECKSUM_EXCLUDE_SIZE = ALIGN (0x0, CY_FLASH_ROW_SIZE)
                [!provide]                PROVIDE (__cy_heap_start, _end)
                0x00000001                PROVIDE (__cy_region_num, ((__cy_regions_end - __cy_regions) / 0x10))
                0x20008000                PROVIDE (__cy_stack, (ORIGIN (ram) + LENGTH (ram)))
                [!provide]                PROVIDE (__cy_heap_end, (__cy_stack - 0x800))

.cybootloader   0x00000000     0x2700
 *(.cybootloader)
 .cybootloader  0x00000000     0x2700 .\CortexM3\ARM_GCC_541\Debug\cybootloader.o
                0x00000000                cy_bootloader
                0x00003200                appl1_start = CY_APPL_ORIGIN?CY_APPL_ORIGIN:ALIGN (CY_FLASH_ROW_SIZE)
                0x00021800                appl2_start = (appl1_start + ALIGN ((((LENGTH (rom) - appl1_start) - (0x2 * CY_FLASH_ROW_SIZE)) / 0x2), CY_FLASH_ROW_SIZE))
                0x00003200                appl_start = (CY_APPL_NUM == 0x1)?appl1_start:appl2_start
                0x00000640                ecc_offset = ((appl_start / CY_FLASH_ROW_SIZE) * CY_ECC_ROW_SIZE)
                0x00000000                ee_offset = (CY_APPL_LOADABLE && ! (CY_EE_IN_BTLDR))?((CY_EE_SIZE / CY_APPL_MAX) * (CY_APPL_NUM - 0x1)):0x0
                0x00000800                ee_size = (CY_APPL_LOADABLE && ! (CY_EE_IN_BTLDR))?(CY_EE_SIZE / CY_APPL_MAX):CY_EE_SIZE
                0x00000640                PROVIDE (CY_ECC_OFFSET, ecc_offset)

.text           0x00003200     0x8c2a
 CREATE_OBJECT_SYMBOLS
                0x00003200                PROVIDE (__cy_interrupt_vector, RomVectors)
 *(.romvectors)
 .romvectors    0x00003200       0x10 .\CortexM3\ARM_GCC_541\Debug\Cm3Start.o
                0x00003200                RomVectors
                0x00000001                ASSERT ((. != __cy_interrupt_vector), No interrupt vector)
                0x00000001                ASSERT (CY_APPL_ORIGIN?(SIZEOF (.cybootloader) <= CY_APPL_ORIGIN):0x1, Wrong image location)
                0x00003210                PROVIDE (__cy_reset, Reset)
 *(.text.Reset)
 .text.Reset    0x00003210        0x8 .\CortexM3\ARM_GCC_541\Debug\Cm3Start.o
                0x00003210                Reset
                0x00000001                ASSERT ((. != __cy_reset), No reset code)
 *(.dma_init)
                0x00000001                ASSERT ((((appl_start + .) <= 0x10000) || 0x1), DMA Init must be within the first 64k of flash)
 *(.text .text.* .gnu.linkonce.t.*)
 .text          0x00003218       0x5c c:/program files (x86)/cypress/psoc creator/4.4/psoc creator/import/gnu/arm/5.4.1/bin/../lib/gcc/arm-none-eabi/5.4.1/armv7-m/crtbegin.o
 *fill*         0x00003274        0x4 
 .text.main     0x00003278     0x1218 .\CortexM3\ARM_GCC_541\Debug\main.o
                0x00003278                main
 .text.Hardware_Config
                0x00004490      0x158 .\CortexM3\ARM_GCC_541\Debug\main.o
                0x00004490                Hardware_Config
 .text.DMA_Config
                0x000045e8      0x130 .\CortexM3\ARM_GCC_541\Debug\main.o
                0x000045e8                DMA_Config
 .text.GetLastSampleIndex
                0x00004718       0x60 .\CortexM3\ARM_GCC_541\Debug\main.o
                0x00004718                GetLastSampleIndex
 .text.CommandCheck
                0x00004778      0x180 .\CortexM3\ARM_GCC_541\Debug\main.o
                0x00004778                CommandCheck
 .text.PutString
                0x000048f8       0x24 .\CortexM3\ARM_GCC_541\Debug\main.o
                0x000048f8                PutString
 .text.PutChar  0x0000491c       0x28 .\CortexM3\ARM_GCC_541\Debug\main.o
                0x0000491c                PutChar
 .text.CYMEMZERO
                0x00004944       0x1c .\CortexM3\ARM_GCC_541\Debug\cyfitter_cfg.o
 .text.CYCONFIGCPY
                0x00004960       0x20 .\CortexM3\ARM_GCC_541\Debug\cyfitter_cfg.o
 .text.CyClockStartupError
                0x00004980        0xc .\CortexM3\ARM_GCC_541\Debug\cyfitter_cfg.o
 .text.cfg_write_bytes32
                0x0000498c       0x74 .\CortexM3\ARM_GCC_541\Debug\cyfitter_cfg.o
 .text.ClockSetup
                0x00004a00      0x17c .\CortexM3\ARM_GCC_541\Debug\cyfitter_cfg.o
 .text.AnalogSetDefault
                0x00004b7c      0x178 .\CortexM3\ARM_GCC_541\Debug\cyfitter_cfg.o
 .text.AMux_1_Set
                0x00004cf4       0x6c .\CortexM3\ARM_GCC_541\Debug\cyfitter_cfg.o
                0x00004cf4                AMux_1_Set
 .text.AMux_1_Unset
                0x00004d60       0x74 .\CortexM3\ARM_GCC_541\Debug\cyfitter_cfg.o
                0x00004d60                AMux_1_Unset
 .text.AMux_2_Set
                0x00004dd4       0x6c .\CortexM3\ARM_GCC_541\Debug\cyfitter_cfg.o
                0x00004dd4                AMux_2_Set
 .text.AMux_2_Unset
                0x00004e40       0x74 .\CortexM3\ARM_GCC_541\Debug\cyfitter_cfg.o
                0x00004e40                AMux_2_Unset
 .text.Amux_Trigger_Set
                0x00004eb4       0x6c .\CortexM3\ARM_GCC_541\Debug\cyfitter_cfg.o
                0x00004eb4                Amux_Trigger_Set
 .text.Amux_Trigger_Unset
                0x00004f20       0x74 .\CortexM3\ARM_GCC_541\Debug\cyfitter_cfg.o
                0x00004f20                Amux_Trigger_Unset
 .text.cyfitter_cfg
                0x00004f94      0x1d4 .\CortexM3\ARM_GCC_541\Debug\cyfitter_cfg.o
                0x00004f94                cyfitter_cfg
 .text.IntDefaultHandler
                0x00005168       0x14 .\CortexM3\ARM_GCC_541\Debug\Cm3Start.o
                0x00005168                IntDefaultHandler
 .text._sbrk    0x0000517c       0x50 .\CortexM3\ARM_GCC_541\Debug\Cm3Start.o
                0x0000517c                _sbrk
 .text.Start_c  0x000051cc       0x98 .\CortexM3\ARM_GCC_541\Debug\Cm3Start.o
                0x000051cc                Start_c
 .text.initialize_psoc
                0x00005264       0x94 .\CortexM3\ARM_GCC_541\Debug\Cm3Start.o
                0x00005264                initialize_psoc
 .text.CyDmacConfigure
                0x000052f8       0x5c .\CortexM3\ARM_GCC_541\Debug\Scope_CY8KIT-044.a(CyDmac.o)
                0x000052f8                CyDmacConfigure
 .text.CyDmaChEnable
                0x00005354       0x8c .\CortexM3\ARM_GCC_541\Debug\Scope_CY8KIT-044.a(CyDmac.o)
                0x00005354                CyDmaChEnable
 .text.CyDmaChPriority
                0x000053e0       0x64 .\CortexM3\ARM_GCC_541\Debug\Scope_CY8KIT-044.a(CyDmac.o)
                0x000053e0                CyDmaChPriority
 .text.CyDmaChSetExtendedAddress
                0x00005444       0x78 .\CortexM3\ARM_GCC_541\Debug\Scope_CY8KIT-044.a(CyDmac.o)
                0x00005444                CyDmaChSetExtendedAddress
 .text.CyDmaChSetInitialTd
                0x000054bc       0x3c .\CortexM3\ARM_GCC_541\Debug\Scope_CY8KIT-044.a(CyDmac.o)
                0x000054bc                CyDmaChSetInitialTd
 .text.CyDmaChSetRequest
                0x000054f8       0x58 .\CortexM3\ARM_GCC_541\Debug\Scope_CY8KIT-044.a(CyDmac.o)
                0x000054f8                CyDmaChSetRequest
 .text.CyDmaChSetConfiguration
                0x00005550       0xa0 .\CortexM3\ARM_GCC_541\Debug\Scope_CY8KIT-044.a(CyDmac.o)
                0x00005550                CyDmaChSetConfiguration
 .text.CyDmaTdAllocate
                0x000055f0       0x5c .\CortexM3\ARM_GCC_541\Debug\Scope_CY8KIT-044.a(CyDmac.o)
                0x000055f0                CyDmaTdAllocate
 .text.CyDmaTdSetConfiguration
                0x0000564c       0x80 .\CortexM3\ARM_GCC_541\Debug\Scope_CY8KIT-044.a(CyDmac.o)
                0x0000564c                CyDmaTdSetConfiguration
 .text.CyDmaTdSetAddress
                0x000056cc       0x5c .\CortexM3\ARM_GCC_541\Debug\Scope_CY8KIT-044.a(CyDmac.o)
                0x000056cc                CyDmaTdSetAddress
 .text.CyDmaChRoundRobin
                0x00005728       0x70 .\CortexM3\ARM_GCC_541\Debug\Scope_CY8KIT-044.a(CyDmac.o)
                0x00005728                CyDmaChRoundRobin
 .text.CyHalt   0x00005798       0x18 .\CortexM3\ARM_GCC_541\Debug\Scope_CY8KIT-044.a(CyLib.o)
                0x00005798                CyHalt
 .text.CyDelayUs
                0x000057b0       0x28 .\CortexM3\ARM_GCC_541\Debug\Scope_CY8KIT-044.a(CyLib.o)
                0x000057b0                CyDelayUs
 .text.CyIntSetVector
                0x000057d8       0x50 .\CortexM3\ARM_GCC_541\Debug\Scope_CY8KIT-044.a(CyLib.o)
                0x000057d8                CyIntSetVector
 .text.CyIntSetPriority
                0x00005828       0x48 .\CortexM3\ARM_GCC_541\Debug\Scope_CY8KIT-044.a(CyLib.o)
                0x00005828                CyIntSetPriority
 .text.CyGetUniqueId
                0x00005870       0xc4 .\CortexM3\ARM_GCC_541\Debug\Scope_CY8KIT-044.a(CyLib.o)
                0x00005870                CyGetUniqueId
 .text.ADC_2_Start
                0x00005934       0x24 .\CortexM3\ARM_GCC_541\Debug\Scope_CY8KIT-044.a(ADC_2.o)
                0x00005934                ADC_2_Start
 .text.ADC_2_Init
                0x00005958       0x40 .\CortexM3\ARM_GCC_541\Debug\Scope_CY8KIT-044.a(ADC_2.o)
                0x00005958                ADC_2_Init
 .text.ADC_2_Enable
                0x00005998       0xcc .\CortexM3\ARM_GCC_541\Debug\Scope_CY8KIT-044.a(ADC_2.o)
                0x00005998                ADC_2_Enable
 .text.ADC_2_SetResolution
                0x00005a64       0x54 .\CortexM3\ARM_GCC_541\Debug\Scope_CY8KIT-044.a(ADC_2.o)
                0x00005a64                ADC_2_SetResolution
 .text.ADC_2_CalcGain
                0x00005ab8       0x80 .\CortexM3\ARM_GCC_541\Debug\Scope_CY8KIT-044.a(ADC_2.o)
 .text.ADC_2_ISR
                0x00005b38        0xc .\CortexM3\ARM_GCC_541\Debug\Scope_CY8KIT-044.a(ADC_2_INT.o)
                0x00005b38                ADC_2_ISR
 .text.ADC_1_Start
                0x00005b44       0x24 .\CortexM3\ARM_GCC_541\Debug\Scope_CY8KIT-044.a(ADC_1.o)
                0x00005b44                ADC_1_Start
 .text.ADC_1_Init
                0x00005b68       0x40 .\CortexM3\ARM_GCC_541\Debug\Scope_CY8KIT-044.a(ADC_1.o)
                0x00005b68                ADC_1_Init
 .text.ADC_1_Enable
                0x00005ba8       0xcc .\CortexM3\ARM_GCC_541\Debug\Scope_CY8KIT-044.a(ADC_1.o)
                0x00005ba8                ADC_1_Enable
 .text.ADC_1_SetResolution
                0x00005c74       0x54 .\CortexM3\ARM_GCC_541\Debug\Scope_CY8KIT-044.a(ADC_1.o)
                0x00005c74                ADC_1_SetResolution
 .text.ADC_1_CalcGain
                0x00005cc8       0x80 .\CortexM3\ARM_GCC_541\Debug\Scope_CY8KIT-044.a(ADC_1.o)
 .text.ADC_1_ISR
                0x00005d48        0xc .\CortexM3\ARM_GCC_541\Debug\Scope_CY8KIT-044.a(ADC_1_INT.o)
                0x00005d48                ADC_1_ISR
 .text.USBUART_Start
                0x00005d54       0x3c .\CortexM3\ARM_GCC_541\Debug\Scope_CY8KIT-044.a(USBUART.o)
                0x00005d54                USBUART_Start
 .text.USBUART_Init
                0x00005d90      0x1a4 .\CortexM3\ARM_GCC_541\Debug\Scope_CY8KIT-044.a(USBUART.o)
                0x00005d90                USBUART_Init
 .text.USBUART_InitComponent
                0x00005f34      0x100 .\CortexM3\ARM_GCC_541\Debug\Scope_CY8KIT-044.a(USBUART.o)
                0x00005f34                USBUART_InitComponent
 .text.USBUART_ReInitComponent
                0x00006034       0x68 .\CortexM3\ARM_GCC_541\Debug\Scope_CY8KIT-044.a(USBUART.o)
                0x00006034                USBUART_ReInitComponent
 .text.USBUART_GetConfiguration
                0x0000609c       0x18 .\CortexM3\ARM_GCC_541\Debug\Scope_CY8KIT-044.a(USBUART.o)
                0x0000609c                USBUART_GetConfiguration
 .text.USBUART_GetEPState
                0x000060b4       0x2c .\CortexM3\ARM_GCC_541\Debug\Scope_CY8KIT-044.a(USBUART.o)
                0x000060b4                USBUART_GetEPState
 .text.USBUART_GetEPCount
                0x000060e0       0x60 .\CortexM3\ARM_GCC_541\Debug\Scope_CY8KIT-044.a(USBUART.o)
                0x000060e0                USBUART_GetEPCount
 .text.USBUART_LoadInEP
                0x00006140      0x108 .\CortexM3\ARM_GCC_541\Debug\Scope_CY8KIT-044.a(USBUART.o)
                0x00006140                USBUART_LoadInEP
 .text.USBUART_ReadOutEP
                0x00006248       0x8c .\CortexM3\ARM_GCC_541\Debug\Scope_CY8KIT-044.a(USBUART.o)
                0x00006248                USBUART_ReadOutEP
 .text.USBUART_EnableOutEP
                0x000062d4       0x5c .\CortexM3\ARM_GCC_541\Debug\Scope_CY8KIT-044.a(USBUART.o)
                0x000062d4                USBUART_EnableOutEP
 .text.USBUART_DispatchCDCClassRqst
                0x00006330       0xe4 .\CortexM3\ARM_GCC_541\Debug\Scope_CY8KIT-044.a(USBUART_cdc.o)
                0x00006330                USBUART_DispatchCDCClassRqst
 .text.USBUART_GetInterfaceComPort
                0x00006414       0x60 .\CortexM3\ARM_GCC_541\Debug\Scope_CY8KIT-044.a(USBUART_cdc.o)
                0x00006414                USBUART_GetInterfaceComPort
 .text.USBUART_CDC_Init
                0x00006474       0xa8 .\CortexM3\ARM_GCC_541\Debug\Scope_CY8KIT-044.a(USBUART_cdc.o)
                0x00006474                USBUART_CDC_Init
 .text.USBUART_PutData
                0x0000651c       0x6c .\CortexM3\ARM_GCC_541\Debug\Scope_CY8KIT-044.a(USBUART_cdc.o)
                0x0000651c                USBUART_PutData
 .text.USBUART_StrLen
                0x00006588       0x2c .\CortexM3\ARM_GCC_541\Debug\Scope_CY8KIT-044.a(USBUART_cdc.o)
 .text.USBUART_PutString
                0x000065b4       0xdc .\CortexM3\ARM_GCC_541\Debug\Scope_CY8KIT-044.a(USBUART_cdc.o)
                0x000065b4                USBUART_PutString
 .text.USBUART_PutChar
                0x00006690       0x38 .\CortexM3\ARM_GCC_541\Debug\Scope_CY8KIT-044.a(USBUART_cdc.o)
                0x00006690                USBUART_PutChar
 .text.USBUART_GetCount
                0x000066c8       0x54 .\CortexM3\ARM_GCC_541\Debug\Scope_CY8KIT-044.a(USBUART_cdc.o)
                0x000066c8                USBUART_GetCount
 .text.USBUART_DataIsReady
                0x0000671c       0x24 .\CortexM3\ARM_GCC_541\Debug\Scope_CY8KIT-044.a(USBUART_cdc.o)
                0x0000671c                USBUART_DataIsReady
 .text.USBUART_CDCIsReady
                0x00006740       0x24 .\CortexM3\ARM_GCC_541\Debug\Scope_CY8KIT-044.a(USBUART_cdc.o)
                0x00006740                USBUART_CDCIsReady
 .text.USBUART_GetAll
                0x00006764       0x4c .\CortexM3\ARM_GCC_541\Debug\Scope_CY8KIT-044.a(USBUART_cdc.o)
                0x00006764                USBUART_GetAll
 .text.USBUART_IsLineChanged
                0x000067b0       0x54 .\CortexM3\ARM_GCC_541\Debug\Scope_CY8KIT-044.a(USBUART_cdc.o)
                0x000067b0                USBUART_IsLineChanged
 .text.USBUART_Cdc_EpInit
                0x00006804       0x90 .\CortexM3\ARM_GCC_541\Debug\Scope_CY8KIT-044.a(USBUART_cdc.o)
                0x00006804                USBUART_Cdc_EpInit
 .text.USBUART_EP_0_ISR
                0x00006894       0xf8 .\CortexM3\ARM_GCC_541\Debug\Scope_CY8KIT-044.a(USBUART_drv.o)
                0x00006894                USBUART_EP_0_ISR
 .text.USBUART_HandleSetup
                0x0000698c       0x88 .\CortexM3\ARM_GCC_541\Debug\Scope_CY8KIT-044.a(USBUART_drv.o)
                0x0000698c                USBUART_HandleSetup
 .text.USBUART_HandleIN
                0x00006a14       0x4c .\CortexM3\ARM_GCC_541\Debug\Scope_CY8KIT-044.a(USBUART_drv.o)
                0x00006a14                USBUART_HandleIN
 .text.USBUART_HandleOUT
                0x00006a60       0x58 .\CortexM3\ARM_GCC_541\Debug\Scope_CY8KIT-044.a(USBUART_drv.o)
                0x00006a60                USBUART_HandleOUT
 .text.USBUART_LoadEP0
                0x00006ab8       0xd0 .\CortexM3\ARM_GCC_541\Debug\Scope_CY8KIT-044.a(USBUART_drv.o)
                0x00006ab8                USBUART_LoadEP0
 .text.USBUART_InitControlRead
                0x00006b88       0x70 .\CortexM3\ARM_GCC_541\Debug\Scope_CY8KIT-044.a(USBUART_drv.o)
                0x00006b88                USBUART_InitControlRead
 .text.USBUART_InitZeroLengthControlTransfer
                0x00006bf8       0x40 .\CortexM3\ARM_GCC_541\Debug\Scope_CY8KIT-044.a(USBUART_drv.o)
                0x00006bf8                USBUART_InitZeroLengthControlTransfer
 .text.USBUART_ControlReadDataStage
                0x00006c38        0xc .\CortexM3\ARM_GCC_541\Debug\Scope_CY8KIT-044.a(USBUART_drv.o)
                0x00006c38                USBUART_ControlReadDataStage
 .text.USBUART_ControlReadStatusStage
                0x00006c44       0x40 .\CortexM3\ARM_GCC_541\Debug\Scope_CY8KIT-044.a(USBUART_drv.o)
                0x00006c44                USBUART_ControlReadStatusStage
 .text.USBUART_InitControlWrite
                0x00006c84       0x64 .\CortexM3\ARM_GCC_541\Debug\Scope_CY8KIT-044.a(USBUART_drv.o)
                0x00006c84                USBUART_InitControlWrite
 .text.USBUART_ControlWriteDataStage
                0x00006ce8       0xb4 .\CortexM3\ARM_GCC_541\Debug\Scope_CY8KIT-044.a(USBUART_drv.o)
                0x00006ce8                USBUART_ControlWriteDataStage
 .text.USBUART_ControlWriteStatusStage
                0x00006d9c       0x24 .\CortexM3\ARM_GCC_541\Debug\Scope_CY8KIT-044.a(USBUART_drv.o)
                0x00006d9c                USBUART_ControlWriteStatusStage
 .text.USBUART_InitNoDataControlTransfer
                0x00006dc0       0x38 .\CortexM3\ARM_GCC_541\Debug\Scope_CY8KIT-044.a(USBUART_drv.o)
                0x00006dc0                USBUART_InitNoDataControlTransfer
 .text.USBUART_NoDataControlStatusStage
                0x00006df8       0x4c .\CortexM3\ARM_GCC_541\Debug\Scope_CY8KIT-044.a(USBUART_drv.o)
                0x00006df8                USBUART_NoDataControlStatusStage
 .text.USBUART_UpdateStatusBlock
                0x00006e44       0x40 .\CortexM3\ARM_GCC_541\Debug\Scope_CY8KIT-044.a(USBUART_drv.o)
                0x00006e44                USBUART_UpdateStatusBlock
 .text.USBUART_InitializeStatusBlock
                0x00006e84       0x34 .\CortexM3\ARM_GCC_541\Debug\Scope_CY8KIT-044.a(USBUART_drv.o)
                0x00006e84                USBUART_InitializeStatusBlock
 .text.USBUART_EP_1_ISR
                0x00006eb8       0x48 .\CortexM3\ARM_GCC_541\Debug\Scope_CY8KIT-044.a(USBUART_episr.o)
                0x00006eb8                USBUART_EP_1_ISR
 .text.USBUART_EP_2_ISR
                0x00006f00       0x4c .\CortexM3\ARM_GCC_541\Debug\Scope_CY8KIT-044.a(USBUART_episr.o)
                0x00006f00                USBUART_EP_2_ISR
 .text.USBUART_EP_3_ISR
                0x00006f4c       0x54 .\CortexM3\ARM_GCC_541\Debug\Scope_CY8KIT-044.a(USBUART_episr.o)
                0x00006f4c                USBUART_EP_3_ISR
 .text.USBUART_SOF_ISR
                0x00006fa0        0xc .\CortexM3\ARM_GCC_541\Debug\Scope_CY8KIT-044.a(USBUART_episr.o)
                0x00006fa0                USBUART_SOF_ISR
 .text.USBUART_BUS_RESET_ISR
                0x00006fac        0xc .\CortexM3\ARM_GCC_541\Debug\Scope_CY8KIT-044.a(USBUART_episr.o)
                0x00006fac                USBUART_BUS_RESET_ISR
 .text.USBUART_DP_ISR
                0x00006fb8        0xc .\CortexM3\ARM_GCC_541\Debug\Scope_CY8KIT-044.a(USBUART_pm.o)
                0x00006fb8                USBUART_DP_ISR
 .text.USBUART_HandleStandardRqst
                0x00006fc4      0x4a4 .\CortexM3\ARM_GCC_541\Debug\Scope_CY8KIT-044.a(USBUART_std.o)
                0x00006fc4                USBUART_HandleStandardRqst
 .text.USBUART_ReadDieID
                0x00007468       0xd8 .\CortexM3\ARM_GCC_541\Debug\Scope_CY8KIT-044.a(USBUART_std.o)
                0x00007468                USBUART_ReadDieID
 .text.USBUART_ConfigReg
                0x00007540      0x138 .\CortexM3\ARM_GCC_541\Debug\Scope_CY8KIT-044.a(USBUART_std.o)
                0x00007540                USBUART_ConfigReg
 .text.USBUART_Config
                0x00007678      0x3a4 .\CortexM3\ARM_GCC_541\Debug\Scope_CY8KIT-044.a(USBUART_std.o)
                0x00007678                USBUART_Config
 .text.USBUART_ConfigAltChanged
                0x00007a1c      0x25c .\CortexM3\ARM_GCC_541\Debug\Scope_CY8KIT-044.a(USBUART_std.o)
                0x00007a1c                USBUART_ConfigAltChanged
 .text.USBUART_GetConfigTablePtr
                0x00007c78       0x50 .\CortexM3\ARM_GCC_541\Debug\Scope_CY8KIT-044.a(USBUART_std.o)
                0x00007c78                USBUART_GetConfigTablePtr
 .text.USBUART_GetDeviceTablePtr
                0x00007cc8       0x24 .\CortexM3\ARM_GCC_541\Debug\Scope_CY8KIT-044.a(USBUART_std.o)
                0x00007cc8                USBUART_GetDeviceTablePtr
 .text.USBUART_GetInterfaceClassTablePtr
                0x00007cec       0x4c .\CortexM3\ARM_GCC_541\Debug\Scope_CY8KIT-044.a(USBUART_std.o)
                0x00007cec                USBUART_GetInterfaceClassTablePtr
 .text.USBUART_SetEndpointHalt
                0x00007d38       0xe8 .\CortexM3\ARM_GCC_541\Debug\Scope_CY8KIT-044.a(USBUART_std.o)
                0x00007d38                USBUART_SetEndpointHalt
 .text.USBUART_ClearEndpointHalt
                0x00007e20      0x158 .\CortexM3\ARM_GCC_541\Debug\Scope_CY8KIT-044.a(USBUART_std.o)
                0x00007e20                USBUART_ClearEndpointHalt
 .text.USBUART_ValidateAlternateSetting
                0x00007f78       0x70 .\CortexM3\ARM_GCC_541\Debug\Scope_CY8KIT-044.a(USBUART_std.o)
                0x00007f78                USBUART_ValidateAlternateSetting
 .text.USBUART_HandleVendorRqst
                0x00007fe8       0x54 .\CortexM3\ARM_GCC_541\Debug\Scope_CY8KIT-044.a(USBUART_vnd.o)
                0x00007fe8                USBUART_HandleVendorRqst
 .text.SampleClock_SetDividerRegister
                0x0000803c      0x164 .\CortexM3\ARM_GCC_541\Debug\Scope_CY8KIT-044.a(SampleClock.o)
                0x0000803c                SampleClock_SetDividerRegister
 .text.SampleClock_GetDividerRegister
                0x000081a0       0x18 .\CortexM3\ARM_GCC_541\Debug\Scope_CY8KIT-044.a(SampleClock.o)
                0x000081a0                SampleClock_GetDividerRegister
 .text.SampleClock_GetSourceRegister
                0x000081b8       0x1c .\CortexM3\ARM_GCC_541\Debug\Scope_CY8KIT-044.a(SampleClock.o)
                0x000081b8                SampleClock_GetSourceRegister
 .text.Vtrigger_Init
                0x000081d4       0x28 .\CortexM3\ARM_GCC_541\Debug\Scope_CY8KIT-044.a(Vtrigger.o)
                0x000081d4                Vtrigger_Init
 .text.Vtrigger_Enable
                0x000081fc       0x34 .\CortexM3\ARM_GCC_541\Debug\Scope_CY8KIT-044.a(Vtrigger.o)
                0x000081fc                Vtrigger_Enable
 .text.Vtrigger_Start
                0x00008230       0x28 .\CortexM3\ARM_GCC_541\Debug\Scope_CY8KIT-044.a(Vtrigger.o)
                0x00008230                Vtrigger_Start
 .text.Vtrigger_SetSpeed
                0x00008258       0x40 .\CortexM3\ARM_GCC_541\Debug\Scope_CY8KIT-044.a(Vtrigger.o)
                0x00008258                Vtrigger_SetSpeed
 .text.Vtrigger_SetRange
                0x00008298       0x40 .\CortexM3\ARM_GCC_541\Debug\Scope_CY8KIT-044.a(Vtrigger.o)
                0x00008298                Vtrigger_SetRange
 .text.Vtrigger_SetValue
                0x000082d8       0x20 .\CortexM3\ARM_GCC_541\Debug\Scope_CY8KIT-044.a(Vtrigger.o)
                0x000082d8                Vtrigger_SetValue
 .text.Vtrigger_DacTrim
                0x000082f8       0x3c .\CortexM3\ARM_GCC_541\Debug\Scope_CY8KIT-044.a(Vtrigger.o)
                0x000082f8                Vtrigger_DacTrim
 .text.Amux_Trigger_FastSelect
                0x00008334       0x38 .\CortexM3\ARM_GCC_541\Debug\Scope_CY8KIT-044.a(Amux_Trigger.o)
                0x00008334                Amux_Trigger_FastSelect
 .text.DMA_Channel_1_DmaInitialize
                0x0000836c       0x64 .\CortexM3\ARM_GCC_541\Debug\Scope_CY8KIT-044.a(DMA_Channel_1_dma.o)
                0x0000836c                DMA_Channel_1_DmaInitialize
 .text.DMA_Channel_2_DmaInitialize
                0x000083d0       0x64 .\CortexM3\ARM_GCC_541\Debug\Scope_CY8KIT-044.a(DMA_Channel_2_dma.o)
                0x000083d0                DMA_Channel_2_DmaInitialize
 .text.PWM_Sample_Buffer_Start
                0x00008434       0x24 .\CortexM3\ARM_GCC_541\Debug\Scope_CY8KIT-044.a(PWM_Sample_Buffer.o)
                0x00008434                PWM_Sample_Buffer_Start
 .text.PWM_Sample_Buffer_Init
                0x00008458       0x94 .\CortexM3\ARM_GCC_541\Debug\Scope_CY8KIT-044.a(PWM_Sample_Buffer.o)
                0x00008458                PWM_Sample_Buffer_Init
 .text.PWM_Sample_Buffer_Enable
                0x000084ec       0x20 .\CortexM3\ARM_GCC_541\Debug\Scope_CY8KIT-044.a(PWM_Sample_Buffer.o)
                0x000084ec                PWM_Sample_Buffer_Enable
 .text.PWM_Sample_Buffer_WriteCounter
                0x0000850c       0x20 .\CortexM3\ARM_GCC_541\Debug\Scope_CY8KIT-044.a(PWM_Sample_Buffer.o)
                0x0000850c                PWM_Sample_Buffer_WriteCounter
 .text.PWM_Sample_Buffer_ClearFIFO
                0x0000852c       0x1c .\CortexM3\ARM_GCC_541\Debug\Scope_CY8KIT-044.a(PWM_Sample_Buffer.o)
                0x0000852c                PWM_Sample_Buffer_ClearFIFO
 .text.PWM_Sample_Buffer_WritePeriod
                0x00008548       0x20 .\CortexM3\ARM_GCC_541\Debug\Scope_CY8KIT-044.a(PWM_Sample_Buffer.o)
                0x00008548                PWM_Sample_Buffer_WritePeriod
 .text.PWM_Sample_Buffer_WriteCompare
                0x00008568       0x20 .\CortexM3\ARM_GCC_541\Debug\Scope_CY8KIT-044.a(PWM_Sample_Buffer.o)
                0x00008568                PWM_Sample_Buffer_WriteCompare
 .text.PWM_Sample_Buffer_SetInterruptMode
                0x00008588       0x20 .\CortexM3\ARM_GCC_541\Debug\Scope_CY8KIT-044.a(PWM_Sample_Buffer.o)
                0x00008588                PWM_Sample_Buffer_SetInterruptMode
 .text.PWM_Sample_Buffer_ReadStatusRegister
                0x000085a8       0x18 .\CortexM3\ARM_GCC_541\Debug\Scope_CY8KIT-044.a(PWM_Sample_Buffer.o)
                0x000085a8                PWM_Sample_Buffer_ReadStatusRegister
 .text.PWM_Sample_Buffer_ReadCapture
                0x000085c0       0x18 .\CortexM3\ARM_GCC_541\Debug\Scope_CY8KIT-044.a(PWM_Sample_Buffer.o)
                0x000085c0                PWM_Sample_Buffer_ReadCapture
 .text.USBUART_Dp_ClearInterrupt
                0x000085d8       0x20 .\CortexM3\ARM_GCC_541\Debug\Scope_CY8KIT-044.a(USBUART_Dp.o)
                0x000085d8                USBUART_Dp_ClearInterrupt
 .text.Trigger_Control_Write
                0x000085f8       0x20 .\CortexM3\ARM_GCC_541\Debug\Scope_CY8KIT-044.a(Trigger_Control.o)
                0x000085f8                Trigger_Control_Write
 .text.Trigger_Control_Read
                0x00008618       0x18 .\CortexM3\ARM_GCC_541\Debug\Scope_CY8KIT-044.a(Trigger_Control.o)
                0x00008618                Trigger_Control_Read
 .text.Trigger_Status_Read
                0x00008630       0x18 .\CortexM3\ARM_GCC_541\Debug\Scope_CY8KIT-044.a(Trigger_Status.o)
                0x00008630                Trigger_Status_Read
 .text.Trigger_Comp_Init
                0x00008648       0x68 .\CortexM3\ARM_GCC_541\Debug\Scope_CY8KIT-044.a(Trigger_Comp.o)
                0x00008648                Trigger_Comp_Init
 .text.Trigger_Comp_Enable
                0x000086b0       0x34 .\CortexM3\ARM_GCC_541\Debug\Scope_CY8KIT-044.a(Trigger_Comp.o)
                0x000086b0                Trigger_Comp_Enable
 .text.Trigger_Comp_Start
                0x000086e4       0x24 .\CortexM3\ARM_GCC_541\Debug\Scope_CY8KIT-044.a(Trigger_Comp.o)
                0x000086e4                Trigger_Comp_Start
 .text.Trigger_Comp_SetSpeed
                0x00008708       0x84 .\CortexM3\ARM_GCC_541\Debug\Scope_CY8KIT-044.a(Trigger_Comp.o)
                0x00008708                Trigger_Comp_SetSpeed
 .text.PRS_Init
                0x0000878c       0x24 .\CortexM3\ARM_GCC_541\Debug\Scope_CY8KIT-044.a(PRS.o)
                0x0000878c                PRS_Init
 .text.PRS_Enable
                0x000087b0       0x20 .\CortexM3\ARM_GCC_541\Debug\Scope_CY8KIT-044.a(PRS.o)
                0x000087b0                PRS_Enable
 .text.PRS_Start
                0x000087d0       0x24 .\CortexM3\ARM_GCC_541\Debug\Scope_CY8KIT-044.a(PRS.o)
                0x000087d0                PRS_Start
 .text.PRS_ResetSeedInit
                0x000087f4       0x54 .\CortexM3\ARM_GCC_541\Debug\Scope_CY8KIT-044.a(PRS.o)
                0x000087f4                PRS_ResetSeedInit
 .text.PRS_WriteSeed
                0x00008848       0x20 .\CortexM3\ARM_GCC_541\Debug\Scope_CY8KIT-044.a(PRS.o)
                0x00008848                PRS_WriteSeed
 .text.PRS_WritePolynomial
                0x00008868       0x20 .\CortexM3\ARM_GCC_541\Debug\Scope_CY8KIT-044.a(PRS.o)
                0x00008868                PRS_WritePolynomial
 .text.Wave_Control_Write
                0x00008888       0x20 .\CortexM3\ARM_GCC_541\Debug\Scope_CY8KIT-044.a(Wave_Control.o)
                0x00008888                Wave_Control_Write
 .text.Wave_Control_Read
                0x000088a8       0x18 .\CortexM3\ARM_GCC_541\Debug\Scope_CY8KIT-044.a(Wave_Control.o)
                0x000088a8                Wave_Control_Read
 .text.Digital_Out_Control_Write
                0x000088c0       0x20 .\CortexM3\ARM_GCC_541\Debug\Scope_CY8KIT-044.a(Digital_Out_Control.o)
                0x000088c0                Digital_Out_Control_Write
 .text.AuxDAC_Buf_Init
                0x000088e0       0x10 .\CortexM3\ARM_GCC_541\Debug\Scope_CY8KIT-044.a(AuxDAC_Buf.o)
                0x000088e0                AuxDAC_Buf_Init
 .text.AuxDAC_Buf_Enable
                0x000088f0       0x48 .\CortexM3\ARM_GCC_541\Debug\Scope_CY8KIT-044.a(AuxDAC_Buf.o)
                0x000088f0                AuxDAC_Buf_Enable
 .text.AuxDAC_Buf_Start
                0x00008938       0x24 .\CortexM3\ARM_GCC_541\Debug\Scope_CY8KIT-044.a(AuxDAC_Buf.o)
                0x00008938                AuxDAC_Buf_Start
 .text.AuxDAC_Buf_SetPower
                0x0000895c       0x40 .\CortexM3\ARM_GCC_541\Debug\Scope_CY8KIT-044.a(AuxDAC_Buf.o)
                0x0000895c                AuxDAC_Buf_SetPower
 .text.AuxDAC_1_Init
                0x0000899c       0x28 .\CortexM3\ARM_GCC_541\Debug\Scope_CY8KIT-044.a(AuxDAC_1.o)
                0x0000899c                AuxDAC_1_Init
 .text.AuxDAC_1_Enable
                0x000089c4       0x34 .\CortexM3\ARM_GCC_541\Debug\Scope_CY8KIT-044.a(AuxDAC_1.o)
                0x000089c4                AuxDAC_1_Enable
 .text.AuxDAC_1_Start
                0x000089f8       0x28 .\CortexM3\ARM_GCC_541\Debug\Scope_CY8KIT-044.a(AuxDAC_1.o)
                0x000089f8                AuxDAC_1_Start
 .text.AuxDAC_1_SetSpeed
                0x00008a20       0x40 .\CortexM3\ARM_GCC_541\Debug\Scope_CY8KIT-044.a(AuxDAC_1.o)
                0x00008a20                AuxDAC_1_SetSpeed
 .text.AuxDAC_1_SetRange
                0x00008a60       0x40 .\CortexM3\ARM_GCC_541\Debug\Scope_CY8KIT-044.a(AuxDAC_1.o)
                0x00008a60                AuxDAC_1_SetRange
 .text.AuxDAC_1_SetValue
                0x00008aa0       0x20 .\CortexM3\ARM_GCC_541\Debug\Scope_CY8KIT-044.a(AuxDAC_1.o)
                0x00008aa0                AuxDAC_1_SetValue
 .text.AuxDAC_1_DacTrim
                0x00008ac0       0x3c .\CortexM3\ARM_GCC_541\Debug\Scope_CY8KIT-044.a(AuxDAC_1.o)
                0x00008ac0                AuxDAC_1_DacTrim
 .text.ScopeA_Buf_Init
                0x00008afc       0x3c .\CortexM3\ARM_GCC_541\Debug\Scope_CY8KIT-044.a(ScopeA_Buf.o)
                0x00008afc                ScopeA_Buf_Init
 .text.ScopeA_Buf_Enable
                0x00008b38       0x48 .\CortexM3\ARM_GCC_541\Debug\Scope_CY8KIT-044.a(ScopeA_Buf.o)
                0x00008b38                ScopeA_Buf_Enable
 .text.ScopeA_Buf_Start
                0x00008b80       0x24 .\CortexM3\ARM_GCC_541\Debug\Scope_CY8KIT-044.a(ScopeA_Buf.o)
                0x00008b80                ScopeA_Buf_Start
 .text.ScopeA_Buf_SetPower
                0x00008ba4       0x38 .\CortexM3\ARM_GCC_541\Debug\Scope_CY8KIT-044.a(ScopeA_Buf.o)
                0x00008ba4                ScopeA_Buf_SetPower
 .text.ScopeA_Buf_SetGain
                0x00008bdc       0xbc .\CortexM3\ARM_GCC_541\Debug\Scope_CY8KIT-044.a(ScopeA_Buf.o)
                0x00008bdc                ScopeA_Buf_SetGain
 .text.ScopeB_Buf_Init
                0x00008c98       0x3c .\CortexM3\ARM_GCC_541\Debug\Scope_CY8KIT-044.a(ScopeB_Buf.o)
                0x00008c98                ScopeB_Buf_Init
 .text.ScopeB_Buf_Enable
                0x00008cd4       0x48 .\CortexM3\ARM_GCC_541\Debug\Scope_CY8KIT-044.a(ScopeB_Buf.o)
                0x00008cd4                ScopeB_Buf_Enable
 .text.ScopeB_Buf_Start
                0x00008d1c       0x24 .\CortexM3\ARM_GCC_541\Debug\Scope_CY8KIT-044.a(ScopeB_Buf.o)
                0x00008d1c                ScopeB_Buf_Start
 .text.ScopeB_Buf_SetPower
                0x00008d40       0x38 .\CortexM3\ARM_GCC_541\Debug\Scope_CY8KIT-044.a(ScopeB_Buf.o)
                0x00008d40                ScopeB_Buf_SetPower
 .text.ScopeB_Buf_SetGain
                0x00008d78       0xbc .\CortexM3\ARM_GCC_541\Debug\Scope_CY8KIT-044.a(ScopeB_Buf.o)
                0x00008d78                ScopeB_Buf_SetGain
 .text.WaveA_DAC_Init
                0x00008e34       0x54 .\CortexM3\ARM_GCC_541\Debug\Scope_CY8KIT-044.a(WaveA_DAC.o)
                0x00008e34                WaveA_DAC_Init
 .text.WaveA_DAC_Enable
                0x00008e88       0x34 .\CortexM3\ARM_GCC_541\Debug\Scope_CY8KIT-044.a(WaveA_DAC.o)
                0x00008e88                WaveA_DAC_Enable
 .text.WaveA_DAC_Start
                0x00008ebc       0x24 .\CortexM3\ARM_GCC_541\Debug\Scope_CY8KIT-044.a(WaveA_DAC.o)
                0x00008ebc                WaveA_DAC_Start
 .text.WaveA_DAC_Wave1Setup
                0x00008ee0       0x68 .\CortexM3\ARM_GCC_541\Debug\Scope_CY8KIT-044.a(WaveA_DAC.o)
                0x00008ee0                WaveA_DAC_Wave1Setup
 .text.WaveA_DAC_Wave2Setup
                0x00008f48       0x68 .\CortexM3\ARM_GCC_541\Debug\Scope_CY8KIT-044.a(WaveA_DAC.o)
                0x00008f48                WaveA_DAC_Wave2Setup
 .text.WaveA_Buf_Init
                0x00008fb0       0x10 .\CortexM3\ARM_GCC_541\Debug\Scope_CY8KIT-044.a(WaveA_Buf.o)
                0x00008fb0                WaveA_Buf_Init
 .text.WaveA_Buf_Enable
                0x00008fc0       0x48 .\CortexM3\ARM_GCC_541\Debug\Scope_CY8KIT-044.a(WaveA_Buf.o)
                0x00008fc0                WaveA_Buf_Enable
 .text.WaveA_Buf_Start
                0x00009008       0x24 .\CortexM3\ARM_GCC_541\Debug\Scope_CY8KIT-044.a(WaveA_Buf.o)
                0x00009008                WaveA_Buf_Start
 .text.WaveA_Buf_SetPower
                0x0000902c       0x40 .\CortexM3\ARM_GCC_541\Debug\Scope_CY8KIT-044.a(WaveA_Buf.o)
                0x0000902c                WaveA_Buf_SetPower
 .text.WaveA_Clock_SetDividerRegister
                0x0000906c      0x164 .\CortexM3\ARM_GCC_541\Debug\Scope_CY8KIT-044.a(WaveA_Clock.o)
                0x0000906c                WaveA_Clock_SetDividerRegister
 .text.WaveA_Clock_GetDividerRegister
                0x000091d0       0x18 .\CortexM3\ARM_GCC_541\Debug\Scope_CY8KIT-044.a(WaveA_Clock.o)
                0x000091d0                WaveA_Clock_GetDividerRegister
 .text.WaveA_Clock_GetSourceRegister
                0x000091e8       0x1c .\CortexM3\ARM_GCC_541\Debug\Scope_CY8KIT-044.a(WaveA_Clock.o)
                0x000091e8                WaveA_Clock_GetSourceRegister
 .text.WaveB_Buf_Init
                0x00009204       0x10 .\CortexM3\ARM_GCC_541\Debug\Scope_CY8KIT-044.a(WaveB_Buf.o)
                0x00009204                WaveB_Buf_Init
 .text.WaveB_Buf_Enable
                0x00009214       0x48 .\CortexM3\ARM_GCC_541\Debug\Scope_CY8KIT-044.a(WaveB_Buf.o)
                0x00009214                WaveB_Buf_Enable
 .text.WaveB_Buf_Start
                0x0000925c       0x24 .\CortexM3\ARM_GCC_541\Debug\Scope_CY8KIT-044.a(WaveB_Buf.o)
                0x0000925c                WaveB_Buf_Start
 .text.WaveB_Buf_SetPower
                0x00009280       0x40 .\CortexM3\ARM_GCC_541\Debug\Scope_CY8KIT-044.a(WaveB_Buf.o)
                0x00009280                WaveB_Buf_SetPower
 .text.WaveB_DAC_Init
                0x000092c0       0x54 .\CortexM3\ARM_GCC_541\Debug\Scope_CY8KIT-044.a(WaveB_DAC.o)
                0x000092c0                WaveB_DAC_Init
 .text.WaveB_DAC_Enable
                0x00009314       0x34 .\CortexM3\ARM_GCC_541\Debug\Scope_CY8KIT-044.a(WaveB_DAC.o)
                0x00009314                WaveB_DAC_Enable
 .text.WaveB_DAC_Start
                0x00009348       0x24 .\CortexM3\ARM_GCC_541\Debug\Scope_CY8KIT-044.a(WaveB_DAC.o)
                0x00009348                WaveB_DAC_Start
 .text.WaveB_DAC_Wave1Setup
                0x0000936c       0x68 .\CortexM3\ARM_GCC_541\Debug\Scope_CY8KIT-044.a(WaveB_DAC.o)
                0x0000936c                WaveB_DAC_Wave1Setup
 .text.WaveB_DAC_Wave2Setup
                0x000093d4       0x68 .\CortexM3\ARM_GCC_541\Debug\Scope_CY8KIT-044.a(WaveB_DAC.o)
                0x000093d4                WaveB_DAC_Wave2Setup
 .text.WaveB_Clock_SetDividerRegister
                0x0000943c      0x164 .\CortexM3\ARM_GCC_541\Debug\Scope_CY8KIT-044.a(WaveB_Clock.o)
                0x0000943c                WaveB_Clock_SetDividerRegister
 .text.WaveB_Clock_GetDividerRegister
                0x000095a0       0x18 .\CortexM3\ARM_GCC_541\Debug\Scope_CY8KIT-044.a(WaveB_Clock.o)
                0x000095a0                WaveB_Clock_GetDividerRegister
 .text.WaveB_Clock_GetSourceRegister
                0x000095b8       0x1c .\CortexM3\ARM_GCC_541\Debug\Scope_CY8KIT-044.a(WaveB_Clock.o)
                0x000095b8                WaveB_Clock_GetSourceRegister
 .text.WaveA_DAC_Wave1_DMA_DmaInitialize
                0x000095d4       0x64 .\CortexM3\ARM_GCC_541\Debug\Scope_CY8KIT-044.a(WaveA_DAC_Wave1_DMA_dma.o)
                0x000095d4                WaveA_DAC_Wave1_DMA_DmaInitialize
 .text.WaveA_DAC_Wave2_DMA_DmaInitialize
                0x00009638       0x64 .\CortexM3\ARM_GCC_541\Debug\Scope_CY8KIT-044.a(WaveA_DAC_Wave2_DMA_dma.o)
                0x00009638                WaveA_DAC_Wave2_DMA_DmaInitialize
 .text.WaveA_DAC_VDAC8_Init
                0x0000969c       0x3c .\CortexM3\ARM_GCC_541\Debug\Scope_CY8KIT-044.a(WaveA_DAC_VDAC8.o)
                0x0000969c                WaveA_DAC_VDAC8_Init
 .text.WaveA_DAC_VDAC8_Enable
                0x000096d8       0x34 .\CortexM3\ARM_GCC_541\Debug\Scope_CY8KIT-044.a(WaveA_DAC_VDAC8.o)
                0x000096d8                WaveA_DAC_VDAC8_Enable
 .text.WaveA_DAC_VDAC8_SetSpeed
                0x0000970c       0x40 .\CortexM3\ARM_GCC_541\Debug\Scope_CY8KIT-044.a(WaveA_DAC_VDAC8.o)
                0x0000970c                WaveA_DAC_VDAC8_SetSpeed
 .text.WaveA_DAC_VDAC8_SetRange
                0x0000974c       0x40 .\CortexM3\ARM_GCC_541\Debug\Scope_CY8KIT-044.a(WaveA_DAC_VDAC8.o)
                0x0000974c                WaveA_DAC_VDAC8_SetRange
 .text.WaveA_DAC_VDAC8_SetValue
                0x0000978c       0x20 .\CortexM3\ARM_GCC_541\Debug\Scope_CY8KIT-044.a(WaveA_DAC_VDAC8.o)
                0x0000978c                WaveA_DAC_VDAC8_SetValue
 .text.WaveA_DAC_VDAC8_DacTrim
                0x000097ac       0x3c .\CortexM3\ARM_GCC_541\Debug\Scope_CY8KIT-044.a(WaveA_DAC_VDAC8.o)
                0x000097ac                WaveA_DAC_VDAC8_DacTrim
 .text.WaveB_DAC_Wave1_DMA_DmaInitialize
                0x000097e8       0x64 .\CortexM3\ARM_GCC_541\Debug\Scope_CY8KIT-044.a(WaveB_DAC_Wave1_DMA_dma.o)
                0x000097e8                WaveB_DAC_Wave1_DMA_DmaInitialize
 .text.WaveB_DAC_Wave2_DMA_DmaInitialize
                0x0000984c       0x64 .\CortexM3\ARM_GCC_541\Debug\Scope_CY8KIT-044.a(WaveB_DAC_Wave2_DMA_dma.o)
                0x0000984c                WaveB_DAC_Wave2_DMA_DmaInitialize
 .text.WaveB_DAC_VDAC8_Init
                0x000098b0       0x3c .\CortexM3\ARM_GCC_541\Debug\Scope_CY8KIT-044.a(WaveB_DAC_VDAC8.o)
                0x000098b0                WaveB_DAC_VDAC8_Init
 .text.WaveB_DAC_VDAC8_Enable
                0x000098ec       0x34 .\CortexM3\ARM_GCC_541\Debug\Scope_CY8KIT-044.a(WaveB_DAC_VDAC8.o)
                0x000098ec                WaveB_DAC_VDAC8_Enable
 .text.WaveB_DAC_VDAC8_SetSpeed
                0x00009920       0x40 .\CortexM3\ARM_GCC_541\Debug\Scope_CY8KIT-044.a(WaveB_DAC_VDAC8.o)
                0x00009920                WaveB_DAC_VDAC8_SetSpeed
 .text.WaveB_DAC_VDAC8_SetRange
                0x00009960       0x40 .\CortexM3\ARM_GCC_541\Debug\Scope_CY8KIT-044.a(WaveB_DAC_VDAC8.o)
                0x00009960                WaveB_DAC_VDAC8_SetRange
 .text.WaveB_DAC_VDAC8_SetValue
                0x000099a0       0x20 .\CortexM3\ARM_GCC_541\Debug\Scope_CY8KIT-044.a(WaveB_DAC_VDAC8.o)
                0x000099a0                WaveB_DAC_VDAC8_SetValue
 .text.WaveB_DAC_VDAC8_DacTrim
                0x000099c0       0x3c .\CortexM3\ARM_GCC_541\Debug\Scope_CY8KIT-044.a(WaveB_DAC_VDAC8.o)
                0x000099c0                WaveB_DAC_VDAC8_DacTrim
 .text.NoiseA_Clock_SetDividerRegister
                0x000099fc      0x164 .\CortexM3\ARM_GCC_541\Debug\Scope_CY8KIT-044.a(NoiseA_Clock.o)
                0x000099fc                NoiseA_Clock_SetDividerRegister
 .text.NoiseA_Clock_GetDividerRegister
                0x00009b60       0x18 .\CortexM3\ARM_GCC_541\Debug\Scope_CY8KIT-044.a(NoiseA_Clock.o)
                0x00009b60                NoiseA_Clock_GetDividerRegister
 .text.NoiseA_Clock_GetSourceRegister
                0x00009b78       0x1c .\CortexM3\ARM_GCC_541\Debug\Scope_CY8KIT-044.a(NoiseA_Clock.o)
                0x00009b78                NoiseA_Clock_GetSourceRegister
 .text.Dig_PWM_Start
                0x00009b94       0x24 .\CortexM3\ARM_GCC_541\Debug\Scope_CY8KIT-044.a(Dig_PWM.o)
                0x00009b94                Dig_PWM_Start
 .text.Dig_PWM_Init
                0x00009bb8       0x7c .\CortexM3\ARM_GCC_541\Debug\Scope_CY8KIT-044.a(Dig_PWM.o)
                0x00009bb8                Dig_PWM_Init
 .text.Dig_PWM_Enable
                0x00009c34       0x20 .\CortexM3\ARM_GCC_541\Debug\Scope_CY8KIT-044.a(Dig_PWM.o)
                0x00009c34                Dig_PWM_Enable
 .text.Dig_PWM_WriteCounter
                0x00009c54       0x20 .\CortexM3\ARM_GCC_541\Debug\Scope_CY8KIT-044.a(Dig_PWM.o)
                0x00009c54                Dig_PWM_WriteCounter
 .text.Dig_PWM_ClearFIFO
                0x00009c74       0x1c .\CortexM3\ARM_GCC_541\Debug\Scope_CY8KIT-044.a(Dig_PWM.o)
                0x00009c74                Dig_PWM_ClearFIFO
 .text.Dig_PWM_WritePeriod
                0x00009c90       0x20 .\CortexM3\ARM_GCC_541\Debug\Scope_CY8KIT-044.a(Dig_PWM.o)
                0x00009c90                Dig_PWM_WritePeriod
 .text.Dig_PWM_WriteCompare
                0x00009cb0       0x20 .\CortexM3\ARM_GCC_541\Debug\Scope_CY8KIT-044.a(Dig_PWM.o)
                0x00009cb0                Dig_PWM_WriteCompare
 .text.Dig_PWM_SetInterruptMode
                0x00009cd0       0x20 .\CortexM3\ARM_GCC_541\Debug\Scope_CY8KIT-044.a(Dig_PWM.o)
                0x00009cd0                Dig_PWM_SetInterruptMode
 .text.Dig_PWM_ReadStatusRegister
                0x00009cf0       0x18 .\CortexM3\ARM_GCC_541\Debug\Scope_CY8KIT-044.a(Dig_PWM.o)
                0x00009cf0                Dig_PWM_ReadStatusRegister
 .text.Dig_PWM_ReadCapture
                0x00009d08       0x18 .\CortexM3\ARM_GCC_541\Debug\Scope_CY8KIT-044.a(Dig_PWM.o)
                0x00009d08                Dig_PWM_ReadCapture
 .text.Dig_PWM_Clock_Start
                0x00009d20       0x34 .\CortexM3\ARM_GCC_541\Debug\Scope_CY8KIT-044.a(Dig_PWM_Clock.o)
                0x00009d20                Dig_PWM_Clock_Start
 .text.Dig_PWM_Clock_SetDividerRegister
                0x00009d54      0x164 .\CortexM3\ARM_GCC_541\Debug\Scope_CY8KIT-044.a(Dig_PWM_Clock.o)
                0x00009d54                Dig_PWM_Clock_SetDividerRegister
 .text.Dig_PWM_Clock_GetDividerRegister
                0x00009eb8       0x18 .\CortexM3\ARM_GCC_541\Debug\Scope_CY8KIT-044.a(Dig_PWM_Clock.o)
                0x00009eb8                Dig_PWM_Clock_GetDividerRegister
 .text.Dig_PWM_Clock_GetSourceRegister
                0x00009ed0       0x1c .\CortexM3\ARM_GCC_541\Debug\Scope_CY8KIT-044.a(Dig_PWM_Clock.o)
                0x00009ed0                Dig_PWM_Clock_GetSourceRegister
 .text.ScopeC_Buf_Init
                0x00009eec       0x3c .\CortexM3\ARM_GCC_541\Debug\Scope_CY8KIT-044.a(ScopeC_Buf.o)
                0x00009eec                ScopeC_Buf_Init
 .text.ScopeC_Buf_Enable
                0x00009f28       0x48 .\CortexM3\ARM_GCC_541\Debug\Scope_CY8KIT-044.a(ScopeC_Buf.o)
                0x00009f28                ScopeC_Buf_Enable
 .text.ScopeC_Buf_Start
                0x00009f70       0x24 .\CortexM3\ARM_GCC_541\Debug\Scope_CY8KIT-044.a(ScopeC_Buf.o)
                0x00009f70                ScopeC_Buf_Start
 .text.ScopeC_Buf_SetPower
                0x00009f94       0x38 .\CortexM3\ARM_GCC_541\Debug\Scope_CY8KIT-044.a(ScopeC_Buf.o)
                0x00009f94                ScopeC_Buf_SetPower
 .text.ScopeC_Buf_SetGain
                0x00009fcc       0xbc .\CortexM3\ARM_GCC_541\Debug\Scope_CY8KIT-044.a(ScopeC_Buf.o)
                0x00009fcc                ScopeC_Buf_SetGain
 .text.AMux_1_FastSelect
                0x0000a088       0x38 .\CortexM3\ARM_GCC_541\Debug\Scope_CY8KIT-044.a(AMux_1.o)
                0x0000a088                AMux_1_FastSelect
 .text.AMux_2_FastSelect
                0x0000a0c0       0x38 .\CortexM3\ARM_GCC_541\Debug\Scope_CY8KIT-044.a(AMux_2.o)
                0x0000a0c0                AMux_2_FastSelect
 .text.ScopeD_Buf_Init
                0x0000a0f8       0x3c .\CortexM3\ARM_GCC_541\Debug\Scope_CY8KIT-044.a(ScopeD_Buf.o)
                0x0000a0f8                ScopeD_Buf_Init
 .text.ScopeD_Buf_Enable
                0x0000a134       0x48 .\CortexM3\ARM_GCC_541\Debug\Scope_CY8KIT-044.a(ScopeD_Buf.o)
                0x0000a134                ScopeD_Buf_Enable
 .text.ScopeD_Buf_Start
                0x0000a17c       0x24 .\CortexM3\ARM_GCC_541\Debug\Scope_CY8KIT-044.a(ScopeD_Buf.o)
                0x0000a17c                ScopeD_Buf_Start
 .text.ScopeD_Buf_SetPower
                0x0000a1a0       0x38 .\CortexM3\ARM_GCC_541\Debug\Scope_CY8KIT-044.a(ScopeD_Buf.o)
                0x0000a1a0                ScopeD_Buf_SetPower
 .text.ScopeD_Buf_SetGain
                0x0000a1d8       0xbc .\CortexM3\ARM_GCC_541\Debug\Scope_CY8KIT-044.a(ScopeD_Buf.o)
                0x0000a1d8                ScopeD_Buf_SetGain
 *fill*         0x0000a294        0x4 
 .text          0x0000a298       0x20 .\CortexM3\ARM_GCC_541\Debug\Scope_CY8KIT-044.a(CyBootAsmGnu.o)
                0x0000a298                CyDelayCycles
                0x0000a2a8                CyEnterCriticalSection
                0x0000a2b0                CyExitCriticalSection
 .text.USBUART_DispatchClassRqst
                0x0000a2b8       0x84 .\CortexM3\ARM_GCC_541\Debug\Scope_CY8KIT-044.a(USBUART_cls.o)
                0x0000a2b8                USBUART_DispatchClassRqst
 .text          0x0000a33c      0x370 c:/program files (x86)/cypress/psoc creator/4.4/psoc creator/import/gnu/arm/5.4.1/bin/../lib/gcc/arm-none-eabi/5.4.1/armv7-m\libgcc.a(_arm_addsubdf3.o)
                0x0000a33c                __aeabi_drsub
                0x0000a344                __aeabi_dsub
                0x0000a344                __subdf3
                0x0000a348                __aeabi_dadd
                0x0000a348                __adddf3
                0x0000a5c0                __floatunsidf
                0x0000a5c0                __aeabi_ui2d
                0x0000a5e0                __floatsidf
                0x0000a5e0                __aeabi_i2d
                0x0000a604                __aeabi_f2d
                0x0000a604                __extendsfdf2
                0x0000a640                __floatundidf
                0x0000a640                __aeabi_ul2d
                0x0000a650                __floatdidf
                0x0000a650                __aeabi_l2d
 .text          0x0000a6ac      0x424 c:/program files (x86)/cypress/psoc creator/4.4/psoc creator/import/gnu/arm/5.4.1/bin/../lib/gcc/arm-none-eabi/5.4.1/armv7-m\libgcc.a(_arm_muldivdf3.o)
                0x0000a6ac                __aeabi_dmul
                0x0000a6ac                __muldf3
                0x0000a900                __divdf3
                0x0000a900                __aeabi_ddiv
 .text          0x0000aad0       0x40 c:/program files (x86)/cypress/psoc creator/4.4/psoc creator/import/gnu/arm/5.4.1/bin/../lib/gcc/arm-none-eabi/5.4.1/armv7-m\libgcc.a(_arm_fixunsdfsi.o)
                0x0000aad0                __aeabi_d2uiz
                0x0000aad0                __fixunsdfsi
 .text          0x0000ab10       0xa0 c:/program files (x86)/cypress/psoc creator/4.4/psoc creator/import/gnu/arm/5.4.1/bin/../lib/gcc/arm-none-eabi/5.4.1/armv7-m\libgcc.a(_arm_truncdfsf2.o)
                0x0000ab10                __truncdfsf2
                0x0000ab10                __aeabi_d2f
 .text          0x0000abb0      0x21c c:/program files (x86)/cypress/psoc creator/4.4/psoc creator/import/gnu/arm/5.4.1/bin/../lib/gcc/arm-none-eabi/5.4.1/armv7-m\libgcc.a(_arm_addsubsf3.o)
                0x0000abb0                __aeabi_frsub
                0x0000abb8                __subsf3
                0x0000abb8                __aeabi_fsub
                0x0000abbc                __aeabi_fadd
                0x0000abbc                __addsf3
                0x0000ad1c                __aeabi_ui2f
                0x0000ad1c                __floatunsisf
                0x0000ad24                __aeabi_i2f
                0x0000ad24                __floatsisf
                0x0000ad40                __aeabi_ul2f
                0x0000ad40                __floatundisf
                0x0000ad50                __aeabi_l2f
                0x0000ad50                __floatdisf
 .text          0x0000adcc      0x2a0 c:/program files (x86)/cypress/psoc creator/4.4/psoc creator/import/gnu/arm/5.4.1/bin/../lib/gcc/arm-none-eabi/5.4.1/armv7-m\libgcc.a(_arm_muldivsf3.o)
                0x0000adcc                __mulsf3
                0x0000adcc                __aeabi_fmul
                0x0000af34                __aeabi_fdiv
                0x0000af34                __divsf3
 .text          0x0000b06c       0xec c:/program files (x86)/cypress/psoc creator/4.4/psoc creator/import/gnu/arm/5.4.1/bin/../lib/gcc/arm-none-eabi/5.4.1/armv7-m\libgcc.a(_arm_cmpsf2.o)
                0x0000b06c                __gesf2
                0x0000b06c                __gtsf2
                0x0000b074                __lesf2
                0x0000b074                __ltsf2
                0x0000b07c                __nesf2
                0x0000b07c                __eqsf2
                0x0000b07c                __cmpsf2
                0x0000b0dc                __aeabi_cfrcmple
                0x0000b0e4                __aeabi_cfcmpeq
                0x0000b0e4                __aeabi_cfcmple
                0x0000b0f4                __aeabi_fcmpeq
                0x0000b108                __aeabi_fcmplt
                0x0000b11c                __aeabi_fcmple
                0x0000b130                __aeabi_fcmpge
                0x0000b144                __aeabi_fcmpgt
 .text          0x0000b158       0x40 c:/program files (x86)/cypress/psoc creator/4.4/psoc creator/import/gnu/arm/5.4.1/bin/../lib/gcc/arm-none-eabi/5.4.1/armv7-m\libgcc.a(_arm_fixunssfsi.o)
                0x0000b158                __fixunssfsi
                0x0000b158                __aeabi_f2uiz
 .text.__errno  0x0000b198        0xc c:/program files (x86)/cypress/psoc creator/4.4/psoc creator/import/gnu/arm/5.4.1/bin/../lib/gcc/arm-none-eabi/5.4.1/../../../../arm-none-eabi/lib/armv7-m\libg_nano.a(lib_a-errno.o)
                0x0000b198                __errno
 .text.__libc_init_array
                0x0000b1a4       0x4c c:/program files (x86)/cypress/psoc creator/4.4/psoc creator/import/gnu/arm/5.4.1/bin/../lib/gcc/arm-none-eabi/5.4.1/../../../../arm-none-eabi/lib/armv7-m\libg_nano.a(lib_a-init.o)
                0x0000b1a4                __libc_init_array
 .text.memcpy   0x0000b1f0       0x16 c:/program files (x86)/cypress/psoc creator/4.4/psoc creator/import/gnu/arm/5.4.1/bin/../lib/gcc/arm-none-eabi/5.4.1/../../../../arm-none-eabi/lib/armv7-m\libg_nano.a(lib_a-memcpy-stub.o)
                0x0000b1f0                memcpy
 .text.memset   0x0000b206       0x10 c:/program files (x86)/cypress/psoc creator/4.4/psoc creator/import/gnu/arm/5.4.1/bin/../lib/gcc/arm-none-eabi/5.4.1/../../../../arm-none-eabi/lib/armv7-m\libg_nano.a(lib_a-memset.o)
                0x0000b206                memset
 *fill*         0x0000b216        0x2 
 .text.sscanf   0x0000b218       0x54 c:/program files (x86)/cypress/psoc creator/4.4/psoc creator/import/gnu/arm/5.4.1/bin/../lib/gcc/arm-none-eabi/5.4.1/../../../../arm-none-eabi/lib/armv7-m\libg_nano.a(lib_a-sscanf.o)
                0x0000b218                siscanf
                0x0000b218                sscanf
 .text.__seofread
                0x0000b26c        0x4 c:/program files (x86)/cypress/psoc creator/4.4/psoc creator/import/gnu/arm/5.4.1/bin/../lib/gcc/arm-none-eabi/5.4.1/../../../../arm-none-eabi/lib/armv7-m\libg_nano.a(lib_a-stdio.o)
                0x0000b26c                __seofread
 .text          0x0000b270       0x10 c:/program files (x86)/cypress/psoc creator/4.4/psoc creator/import/gnu/arm/5.4.1/bin/../lib/gcc/arm-none-eabi/5.4.1/../../../../arm-none-eabi/lib/armv7-m\libg_nano.a(lib_a-strlen.o)
                0x0000b270                strlen
 .text.strtok   0x0000b280       0x64 c:/program files (x86)/cypress/psoc creator/4.4/psoc creator/import/gnu/arm/5.4.1/bin/../lib/gcc/arm-none-eabi/5.4.1/../../../../arm-none-eabi/lib/armv7-m\libg_nano.a(lib_a-strtok.o)
                0x0000b280                strtok
 .text.__strtok_r
                0x0000b2e4       0x56 c:/program files (x86)/cypress/psoc creator/4.4/psoc creator/import/gnu/arm/5.4.1/bin/../lib/gcc/arm-none-eabi/5.4.1/../../../../arm-none-eabi/lib/armv7-m\libg_nano.a(lib_a-strtok_r.o)
                0x0000b2e4                __strtok_r
 *fill*         0x0000b33a        0x2 
 .text.malloc   0x0000b33c       0x10 c:/program files (x86)/cypress/psoc creator/4.4/psoc creator/import/gnu/arm/5.4.1/bin/../lib/gcc/arm-none-eabi/5.4.1/../../../../arm-none-eabi/lib/armv7-m\libg_nano.a(lib_a-malloc.o)
                0x0000b33c                malloc
 .text._free_r  0x0000b34c       0x98 c:/program files (x86)/cypress/psoc creator/4.4/psoc creator/import/gnu/arm/5.4.1/bin/../lib/gcc/arm-none-eabi/5.4.1/../../../../arm-none-eabi/lib/armv7-m\libg_nano.a(lib_a-nano-freer.o)
                0x0000b34c                _free_r
 .text._malloc_r
                0x0000b3e4       0xbc c:/program files (x86)/cypress/psoc creator/4.4/psoc creator/import/gnu/arm/5.4.1/bin/../lib/gcc/arm-none-eabi/5.4.1/../../../../arm-none-eabi/lib/armv7-m\libg_nano.a(lib_a-nano-mallocr.o)
                0x0000b3e4                _malloc_r
 .text._sungetc_r
                0x0000b4a0       0x7c c:/program files (x86)/cypress/psoc creator/4.4/psoc creator/import/gnu/arm/5.4.1/bin/../lib/gcc/arm-none-eabi/5.4.1/../../../../arm-none-eabi/lib/armv7-m\libg_nano.a(lib_a-nano-svfscanf.o)
                0x0000b4a0                _sungetc_r
 .text.__ssrefill_r
                0x0000b51c       0x3a c:/program files (x86)/cypress/psoc creator/4.4/psoc creator/import/gnu/arm/5.4.1/bin/../lib/gcc/arm-none-eabi/5.4.1/../../../../arm-none-eabi/lib/armv7-m\libg_nano.a(lib_a-nano-svfscanf.o)
                0x0000b51c                __ssrefill_r
 *fill*         0x0000b556        0x2 
 .text.__ssvfscanf_r
                0x0000b558      0x2a8 c:/program files (x86)/cypress/psoc creator/4.4/psoc creator/import/gnu/arm/5.4.1/bin/../lib/gcc/arm-none-eabi/5.4.1/../../../../arm-none-eabi/lib/armv7-m\libg_nano.a(lib_a-nano-svfscanf.o)
                0x0000b558                __ssvfiscanf_r
                0x0000b558                __ssvfscanf_r
 .text._scanf_chars
                0x0000b800       0xcc c:/program files (x86)/cypress/psoc creator/4.4/psoc creator/import/gnu/arm/5.4.1/bin/../lib/gcc/arm-none-eabi/5.4.1/../../../../arm-none-eabi/lib/armv7-m\libg_nano.a(lib_a-nano-vfscanf_i.o)
                0x0000b800                _scanf_chars
 .text._scanf_i
                0x0000b8cc      0x1e4 c:/program files (x86)/cypress/psoc creator/4.4/psoc creator/import/gnu/arm/5.4.1/bin/../lib/gcc/arm-none-eabi/5.4.1/../../../../arm-none-eabi/lib/armv7-m\libg_nano.a(lib_a-nano-vfscanf_i.o)
                0x0000b8cc                _scanf_i
 .text._sbrk_r  0x0000bab0       0x20 c:/program files (x86)/cypress/psoc creator/4.4/psoc creator/import/gnu/arm/5.4.1/bin/../lib/gcc/arm-none-eabi/5.4.1/../../../../arm-none-eabi/lib/armv7-m\libg_nano.a(lib_a-sbrkr.o)
                0x0000bab0                _sbrk_r
 .text.__sccl   0x0000bad0       0x60 c:/program files (x86)/cypress/psoc creator/4.4/psoc creator/import/gnu/arm/5.4.1/bin/../lib/gcc/arm-none-eabi/5.4.1/../../../../arm-none-eabi/lib/armv7-m\libg_nano.a(lib_a-sccl.o)
                0x0000bad0                __sccl
 .text._strtol_r
                0x0000bb30      0x10c c:/program files (x86)/cypress/psoc creator/4.4/psoc creator/import/gnu/arm/5.4.1/bin/../lib/gcc/arm-none-eabi/5.4.1/../../../../arm-none-eabi/lib/armv7-m\libg_nano.a(lib_a-strtol.o)
                0x0000bb30                _strtol_r
 .text._strtoul_r
                0x0000bc3c       0xfc c:/program files (x86)/cypress/psoc creator/4.4/psoc creator/import/gnu/arm/5.4.1/bin/../lib/gcc/arm-none-eabi/5.4.1/../../../../arm-none-eabi/lib/armv7-m\libg_nano.a(lib_a-strtoul.o)
                0x0000bc3c                _strtoul_r
 .text.__submore
                0x0000bd38       0x72 c:/program files (x86)/cypress/psoc creator/4.4/psoc creator/import/gnu/arm/5.4.1/bin/../lib/gcc/arm-none-eabi/5.4.1/../../../../arm-none-eabi/lib/armv7-m\libg_nano.a(lib_a-ungetc.o)
                0x0000bd38                __submore
 .text.memchr   0x0000bdaa       0x1c c:/program files (x86)/cypress/psoc creator/4.4/psoc creator/import/gnu/arm/5.4.1/bin/../lib/gcc/arm-none-eabi/5.4.1/../../../../arm-none-eabi/lib/armv7-m\libg_nano.a(lib_a-memchr-stub.o)
                0x0000bdaa                memchr
 .text.__malloc_lock
                0x0000bdc6        0x2 c:/program files (x86)/cypress/psoc creator/4.4/psoc creator/import/gnu/arm/5.4.1/bin/../lib/gcc/arm-none-eabi/5.4.1/../../../../arm-none-eabi/lib/armv7-m\libg_nano.a(lib_a-mlock.o)
                0x0000bdc6                __malloc_lock
 .text.__malloc_unlock
                0x0000bdc8        0x2 c:/program files (x86)/cypress/psoc creator/4.4/psoc creator/import/gnu/arm/5.4.1/bin/../lib/gcc/arm-none-eabi/5.4.1/../../../../arm-none-eabi/lib/armv7-m\libg_nano.a(lib_a-mlock.o)
                0x0000bdc8                __malloc_unlock
 .text._realloc_r
                0x0000bdca       0x4c c:/program files (x86)/cypress/psoc creator/4.4/psoc creator/import/gnu/arm/5.4.1/bin/../lib/gcc/arm-none-eabi/5.4.1/../../../../arm-none-eabi/lib/armv7-m\libg_nano.a(lib_a-nano-reallocr.o)
                0x0000bdca                _realloc_r
 .text._malloc_usable_size_r
                0x0000be16       0x14 c:/program files (x86)/cypress/psoc creator/4.4/psoc creator/import/gnu/arm/5.4.1/bin/../lib/gcc/arm-none-eabi/5.4.1/../../../../arm-none-eabi/lib/armv7-m\libg_nano.a(lib_a-nano-msizer.o)
                0x0000be16                _malloc_usable_size_r
 *(.plt)
 *(.gnu.warning)
 *(.glue_7t)
 .glue_7t       0x0000be2a        0x0 linker stubs
 *(.glue_7)
 .glue_7        0x0000be2a        0x0 linker stubs
 *(.vfp11_veneer)
 .vfp11_veneer  0x0000be2a        0x0 linker stubs
 *(.bootloader)
 *(.ARM.extab* .gnu.linkonce.armextab.*)
 *(.gcc_except_table)

.v4_bx          0x0000be2c        0x0
 .v4_bx         0x0000be2c        0x0 linker stubs

.iplt           0x0000be2c        0x0
 .iplt          0x0000be2c        0x0 c:/program files (x86)/cypress/psoc creator/4.4/psoc creator/import/gnu/arm/5.4.1/bin/../lib/gcc/arm-none-eabi/5.4.1/armv7-m/crtbegin.o

.eh_frame_hdr
 *(.eh_frame_hdr)

.eh_frame       0x0000be2c        0x4
 *(.eh_frame)
 .eh_frame      0x0000be2c        0x0 c:/program files (x86)/cypress/psoc creator/4.4/psoc creator/import/gnu/arm/5.4.1/bin/../lib/gcc/arm-none-eabi/5.4.1/armv7-m/crtbegin.o
 .eh_frame      0x0000be2c        0x4 c:/program files (x86)/cypress/psoc creator/4.4/psoc creator/import/gnu/arm/5.4.1/bin/../lib/gcc/arm-none-eabi/5.4.1/armv7-m/crtend.o
                [!provide]                PROVIDE (__exidx_start, .)

.ARM.exidx
 *(.ARM.exidx* .gnu.linkonce.armexidx.*)
                0x0000be30                __exidx_end = .

.rodata         0x0000be30      0x938
 *(.rodata .rodata.* .gnu.linkonce.r.*)
 .rodata        0x0000be30       0x59 .\CortexM3\ARM_GCC_541\Debug\main.o
 *fill*         0x0000be89        0x3 
 .rodata        0x0000be8c       0x6c .\CortexM3\ARM_GCC_541\Debug\cyfitter_cfg.o
                0x0000be8c                AMux_1__addrTable
                0x0000be9c                AMux_1__maskTable
                0x0000bea0                AMux_2__addrTable
                0x0000beb0                AMux_2__maskTable
                0x0000beb4                Amux_Trigger__addrTable
                0x0000becc                Amux_Trigger__maskTable
 .rodata        0x0000bef8       0x11 .\CortexM3\ARM_GCC_541\Debug\Scope_CY8KIT-044.a(USBUART_std.o)
 *fill*         0x0000bf09        0x3 
 .rodata        0x0000bf0c       0x15 .\CortexM3\ARM_GCC_541\Debug\Scope_CY8KIT-044.a(ScopeA_Buf.o)
 *fill*         0x0000bf21        0x3 
 .rodata        0x0000bf24       0x15 .\CortexM3\ARM_GCC_541\Debug\Scope_CY8KIT-044.a(ScopeB_Buf.o)
 *fill*         0x0000bf39        0x3 
 .rodata        0x0000bf3c      0x232 .\CortexM3\ARM_GCC_541\Debug\Scope_CY8KIT-044.a(WaveA_DAC.o)
                0x0000bf3c                WaveA_DAC_wave1
                0x0000c13c                WaveA_DAC_wave2
 *fill*         0x0000c16e        0x2 
 .rodata        0x0000c170      0x264 .\CortexM3\ARM_GCC_541\Debug\Scope_CY8KIT-044.a(WaveB_DAC.o)
                0x0000c170                WaveB_DAC_wave1
                0x0000c370                WaveB_DAC_wave2
 .rodata        0x0000c3d4       0x15 .\CortexM3\ARM_GCC_541\Debug\Scope_CY8KIT-044.a(ScopeC_Buf.o)
 *fill*         0x0000c3e9        0x3 
 .rodata        0x0000c3ec       0x15 .\CortexM3\ARM_GCC_541\Debug\Scope_CY8KIT-044.a(ScopeD_Buf.o)
 *fill*         0x0000c401        0x3 
 .rodata        0x0000c404      0x19c .\CortexM3\ARM_GCC_541\Debug\Scope_CY8KIT-044.a(USBUART_descr.o)
                0x0000c404                USBUART_DEVICE0_DESCR
                0x0000c418                USBUART_DEVICE0_CONFIGURATION0_DESCR
                0x0000c45c                USBUART_STRING_DESCRIPTORS
                0x0000c4fc                USBUART_SN_STRING_DESCRIPTOR
                0x0000c500                USBUART_DEVICE0_CONFIGURATION0_EP_SETTINGS_TABLE
                0x0000c518                USBUART_DEVICE0_CONFIGURATION0_INTERFACE_CLASS
                0x0000c51c                USBUART_DEVICE0_CONFIGURATION0_TABLE
                0x0000c544                USBUART_DEVICE0_TABLE
                0x0000c55c                USBUART_TABLE
                0x0000c564                USBUART_MSOS_DESCRIPTOR
                0x0000c578                USBUART_MSOS_CONFIGURATION_DESCR
 .rodata.str1.1
                0x0000c5a0        0x2 c:/program files (x86)/cypress/psoc creator/4.4/psoc creator/import/gnu/arm/5.4.1/bin/../lib/gcc/arm-none-eabi/5.4.1/../../../../arm-none-eabi/lib/armv7-m\libg_nano.a(lib_a-impure.o)
 .rodata.str1.1
                0x0000c5a2        0x4 c:/program files (x86)/cypress/psoc creator/4.4/psoc creator/import/gnu/arm/5.4.1/bin/../lib/gcc/arm-none-eabi/5.4.1/../../../../arm-none-eabi/lib/armv7-m\libg_nano.a(lib_a-nano-svfscanf.o)
 *fill*         0x0000c5a6        0x2 
 .rodata        0x0000c5a8        0xc c:/program files (x86)/cypress/psoc creator/4.4/psoc creator/import/gnu/arm/5.4.1/bin/../lib/gcc/arm-none-eabi/5.4.1/../../../../arm-none-eabi/lib/armv7-m\libg_nano.a(lib_a-nano-vfscanf_i.o)
 .rodata.str1.1
                0x0000c5b4       0x1b c:/program files (x86)/cypress/psoc creator/4.4/psoc creator/import/gnu/arm/5.4.1/bin/../lib/gcc/arm-none-eabi/5.4.1/../../../../arm-none-eabi/lib/armv7-m\libg_nano.a(lib_a-nano-vfscanf_i.o)
 .rodata._ctype_
                0x0000c5cf      0x101 c:/program files (x86)/cypress/psoc creator/4.4/psoc creator/import/gnu/arm/5.4.1/bin/../lib/gcc/arm-none-eabi/5.4.1/../../../../arm-none-eabi/lib/armv7-m\libg_nano.a(lib_a-ctype_.o)
                0x0000c5cf                _ctype_
 .rodata.__sf_fake_stdin
                0x0000c6d0       0x20 c:/program files (x86)/cypress/psoc creator/4.4/psoc creator/import/gnu/arm/5.4.1/bin/../lib/gcc/arm-none-eabi/5.4.1/../../../../arm-none-eabi/lib/armv7-m\libg_nano.a(lib_a-findfp.o)
                0x0000c6d0                __sf_fake_stdin
 .rodata.__sf_fake_stdout
                0x0000c6f0       0x20 c:/program files (x86)/cypress/psoc creator/4.4/psoc creator/import/gnu/arm/5.4.1/bin/../lib/gcc/arm-none-eabi/5.4.1/../../../../arm-none-eabi/lib/armv7-m\libg_nano.a(lib_a-findfp.o)
                0x0000c6f0                __sf_fake_stdout
 .rodata.__sf_fake_stderr
                0x0000c710       0x20 c:/program files (x86)/cypress/psoc creator/4.4/psoc creator/import/gnu/arm/5.4.1/bin/../lib/gcc/arm-none-eabi/5.4.1/../../../../arm-none-eabi/lib/armv7-m\libg_nano.a(lib_a-findfp.o)
                0x0000c710                __sf_fake_stderr
                0x0000c730                . = ALIGN (0x4)
 *(.init)
 .init          0x0000c730        0x4 c:/program files (x86)/cypress/psoc creator/4.4/psoc creator/import/gnu/arm/5.4.1/bin/../lib/gcc/arm-none-eabi/5.4.1/armv7-m/crti.o
                0x0000c730                _init
 .init          0x0000c734        0x8 c:/program files (x86)/cypress/psoc creator/4.4/psoc creator/import/gnu/arm/5.4.1/bin/../lib/gcc/arm-none-eabi/5.4.1/armv7-m/crtn.o
                0x0000c73c                . = ALIGN (0x4)
                0x0000c73c                __preinit_array_start = .
 *(.preinit_array)
                0x0000c73c                __preinit_array_end = .
                0x0000c73c                . = ALIGN (0x4)
                0x0000c73c                __init_array_start = .
 *(SORT(.init_array.*))
 *(.init_array)
 .init_array    0x0000c73c        0x4 c:/program files (x86)/cypress/psoc creator/4.4/psoc creator/import/gnu/arm/5.4.1/bin/../lib/gcc/arm-none-eabi/5.4.1/armv7-m/crtbegin.o
 .init_array    0x0000c740        0x4 .\CortexM3\ARM_GCC_541\Debug\Cm3Start.o
                0x0000c744                __init_array_end = .
                0x0000c744                . = ALIGN (0x4)
 *(.fini)
 .fini          0x0000c744        0x4 c:/program files (x86)/cypress/psoc creator/4.4/psoc creator/import/gnu/arm/5.4.1/bin/../lib/gcc/arm-none-eabi/5.4.1/armv7-m/crti.o
                0x0000c744                _fini
 .fini          0x0000c748        0x8 c:/program files (x86)/cypress/psoc creator/4.4/psoc creator/import/gnu/arm/5.4.1/bin/../lib/gcc/arm-none-eabi/5.4.1/armv7-m/crtn.o
                0x0000c750                . = ALIGN (0x4)
                0x0000c750                __fini_array_start = .
 *(.fini_array)
 .fini_array    0x0000c750        0x4 c:/program files (x86)/cypress/psoc creator/4.4/psoc creator/import/gnu/arm/5.4.1/bin/../lib/gcc/arm-none-eabi/5.4.1/armv7-m/crtbegin.o
 *(SORT(.fini_array.*))
                0x0000c754                __fini_array_end = .
                0x0000c754                . = ALIGN (0x4)
 *crtbegin.o(.ctors)
 *(EXCLUDE_FILE(*crtend.o) .ctors)
 *(SORT(.ctors.*))
 *crtend.o(.ctors)
                0x0000c754                . = ALIGN (0x4)
 *crtbegin.o(.dtors)
 *(EXCLUDE_FILE(*crtend.o) .dtors)
 *(SORT(.dtors.*))
 *crtend.o(.dtors)
                0x0000c754                . = ALIGN (0x4)
                0x0000c754                __cy_regions = .
                0x0000c754        0x4 LONG 0xc768 __cy_region_init_ram
                0x0000c758        0x4 LONG 0x1fff80c8 __cy_region_start_data
                0x0000c75c        0x4 LONG 0xb0 __cy_region_init_size_ram
                0x0000c760        0x4 LONG 0x4220 __cy_region_zero_size_ram
                0x0000c764                __cy_regions_end = .
                0x0000c768                . = ALIGN (0x8)
 *fill*         0x0000c764        0x4 
                0x0000c768                _etext = .

.ramvectors     0x1fff8000       0xc0
                0x1fff8000                __cy_region_start_ram = .
 *(.ramvectors)
 .ramvectors    0x1fff8000       0xc0 .\CortexM3\ARM_GCC_541\Debug\Cm3Start.o
                0x1fff8000                CyRamVectors

.noinit         0x1fff80c0        0x5
 *(.noinit)
 .noinit        0x1fff80c0        0x4 .\CortexM3\ARM_GCC_541\Debug\Cm3Start.o
 .noinit        0x1fff80c4        0x1 .\CortexM3\ARM_GCC_541\Debug\Scope_CY8KIT-044.a(CyLib.o)
                0x1fff80c4                CyResetStatus

.data           0x1fff80c8       0xb0 load address 0x0000c768
                0x1fff80c8                __cy_region_start_data = .
 *(.jcr)
 .jcr           0x1fff80c8        0x0 c:/program files (x86)/cypress/psoc creator/4.4/psoc creator/import/gnu/arm/5.4.1/bin/../lib/gcc/arm-none-eabi/5.4.1/armv7-m/crtbegin.o
 .jcr           0x1fff80c8        0x4 c:/program files (x86)/cypress/psoc creator/4.4/psoc creator/import/gnu/arm/5.4.1/bin/../lib/gcc/arm-none-eabi/5.4.1/armv7-m/crtend.o
 *(.got.plt)
 *(.got)
 *(.shdata)
 *(.data .data.* .gnu.linkonce.d.*)
 .data          0x1fff80cc        0x4 .\CortexM3\ARM_GCC_541\Debug\Cm3Start.o
 .data          0x1fff80d0        0x8 .\CortexM3\ARM_GCC_541\Debug\Scope_CY8KIT-044.a(CyDmac.o)
 .data          0x1fff80d8       0x10 .\CortexM3\ARM_GCC_541\Debug\Scope_CY8KIT-044.a(CyLib.o)
                0x1fff80d8                cydelay_freq_hz
                0x1fff80dc                cydelay_freq_khz
                0x1fff80e0                cydelay_freq_mhz
                0x1fff80e4                cydelay_32k_ms
 .data          0x1fff80e8       0x1a .\CortexM3\ARM_GCC_541\Debug\Scope_CY8KIT-044.a(USBUART_cdc.o)
                0x1fff80e8                USBUART_linesCoding
 .data          0x1fff8102        0x1 .\CortexM3\ARM_GCC_541\Debug\Scope_CY8KIT-044.a(Amux_Trigger.o)
 .data          0x1fff8103        0x1 .\CortexM3\ARM_GCC_541\Debug\Scope_CY8KIT-044.a(DMA_Channel_1_dma.o)
                0x1fff8103                DMA_Channel_1_DmaHandle
 .data          0x1fff8104        0x1 .\CortexM3\ARM_GCC_541\Debug\Scope_CY8KIT-044.a(DMA_Channel_2_dma.o)
                0x1fff8104                DMA_Channel_2_DmaHandle
 .data          0x1fff8105        0x1 .\CortexM3\ARM_GCC_541\Debug\Scope_CY8KIT-044.a(WaveA_DAC_Wave1_DMA_dma.o)
                0x1fff8105                WaveA_DAC_Wave1_DMA_DmaHandle
 .data          0x1fff8106        0x1 .\CortexM3\ARM_GCC_541\Debug\Scope_CY8KIT-044.a(WaveA_DAC_Wave2_DMA_dma.o)
                0x1fff8106                WaveA_DAC_Wave2_DMA_DmaHandle
 .data          0x1fff8107        0x1 .\CortexM3\ARM_GCC_541\Debug\Scope_CY8KIT-044.a(WaveB_DAC_Wave1_DMA_dma.o)
                0x1fff8107                WaveB_DAC_Wave1_DMA_DmaHandle
 .data          0x1fff8108        0x1 .\CortexM3\ARM_GCC_541\Debug\Scope_CY8KIT-044.a(WaveB_DAC_Wave2_DMA_dma.o)
                0x1fff8108                WaveB_DAC_Wave2_DMA_DmaHandle
 .data          0x1fff8109        0x1 .\CortexM3\ARM_GCC_541\Debug\Scope_CY8KIT-044.a(AMux_1.o)
 .data          0x1fff810a        0x1 .\CortexM3\ARM_GCC_541\Debug\Scope_CY8KIT-044.a(AMux_2.o)
 *fill*         0x1fff810b        0x1 
 .data.impure_data
                0x1fff810c       0x60 c:/program files (x86)/cypress/psoc creator/4.4/psoc creator/import/gnu/arm/5.4.1/bin/../lib/gcc/arm-none-eabi/5.4.1/../../../../arm-none-eabi/lib/armv7-m\libg_nano.a(lib_a-impure.o)
 .data._impure_ptr
                0x1fff816c        0x4 c:/program files (x86)/cypress/psoc creator/4.4/psoc creator/import/gnu/arm/5.4.1/bin/../lib/gcc/arm-none-eabi/5.4.1/../../../../arm-none-eabi/lib/armv7-m\libg_nano.a(lib_a-impure.o)
                0x1fff816c                _impure_ptr
 .data.__ctype_ptr__
                0x1fff8170        0x4 c:/program files (x86)/cypress/psoc creator/4.4/psoc creator/import/gnu/arm/5.4.1/bin/../lib/gcc/arm-none-eabi/5.4.1/../../../../arm-none-eabi/lib/armv7-m\libg_nano.a(lib_a-ctype_.o)
                0x1fff8170                __ctype_ptr__
                0x1fff8178                . = ALIGN (0x8)
 *fill*         0x1fff8174        0x4 
 *(.ram)
                0x1fff8178                _edata = .

.igot.plt       0x1fff8178        0x0 load address 0x0000c818
 .igot.plt      0x1fff8178        0x0 c:/program files (x86)/cypress/psoc creator/4.4/psoc creator/import/gnu/arm/5.4.1/bin/../lib/gcc/arm-none-eabi/5.4.1/armv7-m/crtbegin.o

.bss            0x1fff8178     0x4220 load address 0x0000c818
                0x1fff8178                PROVIDE (__bss_start__, .)
 *(.shbss)
 *(.bss .bss.* .gnu.linkonce.b.*)
 .bss           0x1fff8178       0x1c c:/program files (x86)/cypress/psoc creator/4.4/psoc creator/import/gnu/arm/5.4.1/bin/../lib/gcc/arm-none-eabi/5.4.1/armv7-m/crtbegin.o
 .bss           0x1fff8194        0x4 .\CortexM3\ARM_GCC_541\Debug\main.o
                0x1fff8194                wavea_gain
                0x1fff8195                wavea_offset
                0x1fff8196                waveb_gain
                0x1fff8197                waveb_offset
 .bss           0x1fff8198        0x1 .\CortexM3\ARM_GCC_541\Debug\Scope_CY8KIT-044.a(ADC_2.o)
                0x1fff8198                ADC_2_initVar
 .bss           0x1fff8199        0x1 .\CortexM3\ARM_GCC_541\Debug\Scope_CY8KIT-044.a(ADC_1.o)
                0x1fff8199                ADC_1_initVar
 .bss           0x1fff819a        0x1 .\CortexM3\ARM_GCC_541\Debug\Scope_CY8KIT-044.a(USBUART.o)
                0x1fff819a                USBUART_initVar
 .bss           0x1fff819b        0x1 .\CortexM3\ARM_GCC_541\Debug\Scope_CY8KIT-044.a(USBUART_cdc.o)
 .bss           0x1fff819c        0x2 .\CortexM3\ARM_GCC_541\Debug\Scope_CY8KIT-044.a(USBUART_std.o)
 .bss           0x1fff819e        0x1 .\CortexM3\ARM_GCC_541\Debug\Scope_CY8KIT-044.a(Vtrigger.o)
                0x1fff819e                Vtrigger_initVar
 .bss           0x1fff819f        0x1 .\CortexM3\ARM_GCC_541\Debug\Scope_CY8KIT-044.a(PWM_Sample_Buffer.o)
                0x1fff819f                PWM_Sample_Buffer_initVar
 .bss           0x1fff81a0        0x1 .\CortexM3\ARM_GCC_541\Debug\Scope_CY8KIT-044.a(Trigger_Comp.o)
                0x1fff81a0                Trigger_Comp_initVar
 .bss           0x1fff81a1        0x1 .\CortexM3\ARM_GCC_541\Debug\Scope_CY8KIT-044.a(PRS.o)
                0x1fff81a1                PRS_initVar
 .bss           0x1fff81a2        0x1 .\CortexM3\ARM_GCC_541\Debug\Scope_CY8KIT-044.a(AuxDAC_Buf.o)
                0x1fff81a2                AuxDAC_Buf_initVar
 .bss           0x1fff81a3        0x1 .\CortexM3\ARM_GCC_541\Debug\Scope_CY8KIT-044.a(AuxDAC_1.o)
                0x1fff81a3                AuxDAC_1_initVar
 .bss           0x1fff81a4        0x1 .\CortexM3\ARM_GCC_541\Debug\Scope_CY8KIT-044.a(ScopeA_Buf.o)
                0x1fff81a4                ScopeA_Buf_initVar
 .bss           0x1fff81a5        0x1 .\CortexM3\ARM_GCC_541\Debug\Scope_CY8KIT-044.a(ScopeB_Buf.o)
                0x1fff81a5                ScopeB_Buf_initVar
 .bss           0x1fff81a6        0x5 .\CortexM3\ARM_GCC_541\Debug\Scope_CY8KIT-044.a(WaveA_DAC.o)
                0x1fff81a6                WaveA_DAC_initVar
 .bss           0x1fff81ab        0x1 .\CortexM3\ARM_GCC_541\Debug\Scope_CY8KIT-044.a(WaveA_Buf.o)
                0x1fff81ab                WaveA_Buf_initVar
 .bss           0x1fff81ac        0x1 .\CortexM3\ARM_GCC_541\Debug\Scope_CY8KIT-044.a(WaveB_Buf.o)
                0x1fff81ac                WaveB_Buf_initVar
 .bss           0x1fff81ad        0x5 .\CortexM3\ARM_GCC_541\Debug\Scope_CY8KIT-044.a(WaveB_DAC.o)
                0x1fff81ad                WaveB_DAC_initVar
 .bss           0x1fff81b2        0x1 .\CortexM3\ARM_GCC_541\Debug\Scope_CY8KIT-044.a(Dig_PWM.o)
                0x1fff81b2                Dig_PWM_initVar
 .bss           0x1fff81b3        0x1 .\CortexM3\ARM_GCC_541\Debug\Scope_CY8KIT-044.a(ScopeC_Buf.o)
                0x1fff81b3                ScopeC_Buf_initVar
 .bss           0x1fff81b4        0x1 .\CortexM3\ARM_GCC_541\Debug\Scope_CY8KIT-044.a(ScopeD_Buf.o)
                0x1fff81b4                ScopeD_Buf_initVar
 *fill*         0x1fff81b5        0x3 
 .bss.__malloc_sbrk_start
                0x1fff81b8        0x4 c:/program files (x86)/cypress/psoc creator/4.4/psoc creator/import/gnu/arm/5.4.1/bin/../lib/gcc/arm-none-eabi/5.4.1/../../../../arm-none-eabi/lib/armv7-m\libg_nano.a(lib_a-nano-mallocr.o)
                0x1fff81b8                __malloc_sbrk_start
 .bss.__malloc_free_list
                0x1fff81bc        0x4 c:/program files (x86)/cypress/psoc creator/4.4/psoc creator/import/gnu/arm/5.4.1/bin/../lib/gcc/arm-none-eabi/5.4.1/../../../../arm-none-eabi/lib/armv7-m\libg_nano.a(lib_a-nano-mallocr.o)
                0x1fff81bc                __malloc_free_list
 *(COMMON)
 COMMON         0x1fff81c0     0x40e4 .\CortexM3\ARM_GCC_541\Debug\main.o
                0x1fff81c0                DMA_Channel_2_Chan
                0x1fff81c2                cCommandsReady
                0x1fff81c4                Channel_1_Data
                0x1fff89c4                preamp_a
                0x1fff89c6                iWrite
                0x1fff89c8                Digital_AutoUpdate
                0x1fff89cc                DMA_Channel_1_TD
                0x1fff89d0                Channel_2_Data
                0x1fff91d0                trigger_source
                0x1fff91d1                Noise_Adjusted
                0x1fff91d2                bCommandReady
                0x1fff91d4                szTempBuffer
                0x1fff9214                szCommandsBuffer
                0x1fffa214                WaveformA_Temp_Buffer
                0x1fffaa14                DMA_Channel_1_Chan
                0x1fffaa18                USB_Out_Buffer
                0x1fffaa58                preamp_b
                0x1fffaa59                cCharsReceived
                0x1fffaa5a                iRead
                0x1fffaa5c                preamp_trig
                0x1fffaa60                DMA_Channel_2_TD
                0x1fffaa64                WaveformB_Buffer
                0x1fffb264                WaveformB_Temp_Buffer
                0x1fffba64                WaveformA_Buffer
                0x1fffc264                szCommand
 COMMON         0x1fffc2a4        0xa .\CortexM3\ARM_GCC_541\Debug\Scope_CY8KIT-044.a(ADC_2.o)
                0x1fffc2a4                ADC_2_shift
                0x1fffc2a6                ADC_2_countsPerVolt
                0x1fffc2a8                ADC_2_countsPer10Volt
                0x1fffc2ac                ADC_2_offset
 *fill*         0x1fffc2ae        0x2 
 COMMON         0x1fffc2b0        0xc .\CortexM3\ARM_GCC_541\Debug\Scope_CY8KIT-044.a(ADC_1.o)
                0x1fffc2b0                ADC_1_offset
                0x1fffc2b2                ADC_1_shift
                0x1fffc2b4                ADC_1_countsPerVolt
                0x1fffc2b8                ADC_1_countsPer10Volt
 COMMON         0x1fffc2bc       0x18 .\CortexM3\ARM_GCC_541\Debug\Scope_CY8KIT-044.a(USBUART_cdc.o)
                0x1fffc2bc                USBUART_linesChanged
                0x1fffc2c0                USBUART_cdcDataInEp
                0x1fffc2c4                USBUART_cdcCommInInterruptEp
                0x1fffc2c8                USBUART_cdcDataOutEp
                0x1fffc2cc                USBUART_serialStateBitmap
                0x1fffc2d0                USBUART_linesControlBitmap
 COMMON         0x1fffc2d4       0x9a .\CortexM3\ARM_GCC_541\Debug\Scope_CY8KIT-044.a(USBUART_drv.o)
                0x1fffc2d4                USBUART_lastPacketSize
                0x1fffc2d5                USBUART_device
                0x1fffc2d6                USBUART_transferByteCount
                0x1fffc2d8                USBUART_transferState
                0x1fffc2dc                USBUART_interfaceSettingLast
                0x1fffc2e0                USBUART_currentTD
                0x1fffc2ec                USBUART_interfaceNumber
                0x1fffc2f0                USBUART_interfaceClass
                0x1fffc2f4                USBUART_configurationChanged
                0x1fffc2f5                USBUART_ep0Mode
                0x1fffc2f6                USBUART_deviceAddress
                0x1fffc2f7                USBUART_configuration
                0x1fffc2f8                USBUART_ep0Count
                0x1fffc2f9                USBUART_deviceStatus
                0x1fffc2fc                USBUART_EP
                0x1fffc368                USBUART_interfaceSetting
                0x1fffc36a                USBUART_ep0Toggle
                0x1fffc36c                USBUART_interfaceStatus
 *fill*         0x1fffc36e        0x2 
 COMMON         0x1fffc370       0x22 .\CortexM3\ARM_GCC_541\Debug\Scope_CY8KIT-044.a(USBUART_descr.o)
                0x1fffc370                USBUART_idSerialNumberStringDescriptor
 *fill*         0x1fffc392        0x2 
 COMMON         0x1fffc394        0x4 c:/program files (x86)/cypress/psoc creator/4.4/psoc creator/import/gnu/arm/5.4.1/bin/../lib/gcc/arm-none-eabi/5.4.1/../../../../arm-none-eabi/lib/armv7-m\libg_nano.a(lib_a-reent.o)
                0x1fffc394                errno
                0x1fffc398                . = ALIGN (0x8)
 *(.ram.b)
                0x1fffc398                _end = .
                0x1fffc398                __end = .
                0x1fffc398                PROVIDE (end, .)
                0x1fffc398                PROVIDE (__bss_end__, .)
                0x0000c768                __cy_region_init_ram = LOADADDR (.data)
                0x000000b0                __cy_region_init_size_ram = (_edata - ADDR (.data))
                0x00004220                __cy_region_zero_size_ram = (_end - _edata)

.heap           0x1fffc398       0x80 load address 0x0000c818
                0x1fffc398                . = _end
                0x1fffc418                . = (. + 0x80)
 *fill*         0x1fffc398       0x80 
                0x1fffc418                __cy_heap_limit = .

.stack          0x20007800      0x800
                0x20007800                __cy_stack_limit = .
                0x20008000                . = (. + 0x800)
 *fill*         0x20007800      0x800 
                0x00000001                ASSERT ((__cy_stack_limit >= __cy_heap_limit), region RAM overflowed with stack)

.cy_checksum_exclude
                0x0003ff00        0x0
 *(.cy_checksum_exclude)
                0x00000000                cy_checksum_exclude_size = (CY_APPL_LOADABLE == 0x1)?SIZEOF (.cy_checksum_exclude):0x0
                0x00000001                ASSERT ((cy_checksum_exclude_size <= CY_CHECKSUM_EXCLUDE_SIZE), CY_BOOT: Section .cy_checksum_exclude size exceedes specified limit.)

.cyloadermeta   0xf0000000       0x40
 *(.cyloadermeta)
 .cyloadermeta  0xf0000000       0x40 .\CortexM3\ARM_GCC_541\Debug\cybootloader.o
                0xf0000000                cy_meta_loader

.cyloadablemeta
                0x0003ffc0       0x40
 *(.cyloadablemeta)
 .cyloadablemeta
                0x0003ffc0       0x40 .\CortexM3\ARM_GCC_541\Debug\cymetadata.o
                0x0003ffc0                cy_meta_loadable

.cyconfigecc    0x80000640      0x680
 *(.cyconfigecc)
 .cyconfigecc   0x80000640      0x680 .\CortexM3\ARM_GCC_541\Debug\cymetadata.o
                0x80000640                cy_meta_configecc

.cycustnvl      0x90000000        0x4
 *(.cycustnvl)
 .cycustnvl     0x90000000        0x4 .\CortexM3\ARM_GCC_541\Debug\cybootloader.o
                0x90000000                cy_meta_custnvl

.cywolatch      0x90100000        0x4
 *(.cywolatch)
 .cywolatch     0x90100000        0x4 .\CortexM3\ARM_GCC_541\Debug\cybootloader.o
                0x90100000                cy_meta_wonvl

.cyeeprom       0x90200000        0x0
 *(.cyeeprom)
                0x00000001                ASSERT ((. <= ((0x90200000 + ee_offset) + ee_size)), .cyeeprom data will not fit in EEPROM)

.cyflashprotect
                0x90400000      0x100
 *(.cyflashprotect)
 .cyflashprotect
                0x90400000      0x100 .\CortexM3\ARM_GCC_541\Debug\cybootloader.o
                0x90400000                cy_meta_flashprotect

.cymeta         0x90500000        0xc
 *(.cymeta)
 .cymeta        0x90500000        0xc .\CortexM3\ARM_GCC_541\Debug\cybootloader.o
                0x90500000                cy_metadata

.rel.dyn        0x00040000        0x0 load address 0x9050000c
 .rel.iplt      0x00040000        0x0 c:/program files (x86)/cypress/psoc creator/4.4/psoc creator/import/gnu/arm/5.4.1/bin/../lib/gcc/arm-none-eabi/5.4.1/armv7-m/crtbegin.o

.stab           0x00000000       0x6c
 *(.stab)
 .stab          0x00000000       0x24 c:/program files (x86)/cypress/psoc creator/4.4/psoc creator/import/gnu/arm/5.4.1/bin/../lib/gcc/arm-none-eabi/5.4.1/../../../../arm-none-eabi/lib/armv7-m\libnosys.a(close.o)
 .stab          0x00000024       0x18 c:/program files (x86)/cypress/psoc creator/4.4/psoc creator/import/gnu/arm/5.4.1/bin/../lib/gcc/arm-none-eabi/5.4.1/../../../../arm-none-eabi/lib/armv7-m\libnosys.a(lseek.o)
                                 0x24 (size before relaxing)
 .stab          0x0000003c       0x18 c:/program files (x86)/cypress/psoc creator/4.4/psoc creator/import/gnu/arm/5.4.1/bin/../lib/gcc/arm-none-eabi/5.4.1/../../../../arm-none-eabi/lib/armv7-m\libnosys.a(read.o)
                                 0x24 (size before relaxing)
 .stab          0x00000054       0x18 c:/program files (x86)/cypress/psoc creator/4.4/psoc creator/import/gnu/arm/5.4.1/bin/../lib/gcc/arm-none-eabi/5.4.1/../../../../arm-none-eabi/lib/armv7-m\libnosys.a(write.o)
                                 0x24 (size before relaxing)

.stabstr        0x00000000       0xdf
 *(.stabstr)
 .stabstr       0x00000000       0xdf c:/program files (x86)/cypress/psoc creator/4.4/psoc creator/import/gnu/arm/5.4.1/bin/../lib/gcc/arm-none-eabi/5.4.1/../../../../arm-none-eabi/lib/armv7-m\libnosys.a(close.o)

.debug
 *(.debug)

.line
 *(.line)

.debug_srcinfo
 *(.debug_srcinfo)

.debug_sfnames
 *(.debug_sfnames)

.debug_aranges  0x00000000     0x1630
 *(.debug_aranges)
 .debug_aranges
                0x00000000       0x50 .\CortexM3\ARM_GCC_541\Debug\main.o
 .debug_aranges
                0x00000050       0x90 .\CortexM3\ARM_GCC_541\Debug\cyfitter_cfg.o
 .debug_aranges
                0x000000e0       0x48 .\CortexM3\ARM_GCC_541\Debug\Cm3Start.o
 .debug_aranges
                0x00000128       0x18 .\CortexM3\ARM_GCC_541\Debug\cymetadata.o
 .debug_aranges
                0x00000140       0x18 .\CortexM3\ARM_GCC_541\Debug\cybootloader.o
 .debug_aranges
                0x00000158       0xd8 .\CortexM3\ARM_GCC_541\Debug\Scope_CY8KIT-044.a(CyDmac.o)
 .debug_aranges
                0x00000230      0x2a0 .\CortexM3\ARM_GCC_541\Debug\Scope_CY8KIT-044.a(CyLib.o)
 .debug_aranges
                0x000004d0       0x98 .\CortexM3\ARM_GCC_541\Debug\Scope_CY8KIT-044.a(cyPm.o)
 .debug_aranges
                0x00000568       0x98 .\CortexM3\ARM_GCC_541\Debug\Scope_CY8KIT-044.a(ADC_2.o)
 .debug_aranges
                0x00000600       0x20 .\CortexM3\ARM_GCC_541\Debug\Scope_CY8KIT-044.a(ADC_2_INT.o)
 .debug_aranges
                0x00000620       0x98 .\CortexM3\ARM_GCC_541\Debug\Scope_CY8KIT-044.a(ADC_1.o)
 .debug_aranges
                0x000006b8       0x20 .\CortexM3\ARM_GCC_541\Debug\Scope_CY8KIT-044.a(ADC_1_INT.o)
 .debug_aranges
                0x000006d8       0xc8 .\CortexM3\ARM_GCC_541\Debug\Scope_CY8KIT-044.a(USBUART.o)
 .debug_aranges
                0x000007a0       0xe8 .\CortexM3\ARM_GCC_541\Debug\Scope_CY8KIT-044.a(USBUART_cdc.o)
 .debug_aranges
                0x00000888       0x98 .\CortexM3\ARM_GCC_541\Debug\Scope_CY8KIT-044.a(USBUART_drv.o)
 .debug_aranges
                0x00000920       0x40 .\CortexM3\ARM_GCC_541\Debug\Scope_CY8KIT-044.a(USBUART_episr.o)
 .debug_aranges
                0x00000960       0x40 .\CortexM3\ARM_GCC_541\Debug\Scope_CY8KIT-044.a(USBUART_pm.o)
 .debug_aranges
                0x000009a0       0x80 .\CortexM3\ARM_GCC_541\Debug\Scope_CY8KIT-044.a(USBUART_std.o)
 .debug_aranges
                0x00000a20       0x20 .\CortexM3\ARM_GCC_541\Debug\Scope_CY8KIT-044.a(USBUART_vnd.o)
 .debug_aranges
                0x00000a40       0x70 .\CortexM3\ARM_GCC_541\Debug\Scope_CY8KIT-044.a(SampleClock.o)
 .debug_aranges
                0x00000ab0       0x58 .\CortexM3\ARM_GCC_541\Debug\Scope_CY8KIT-044.a(Vtrigger.o)
 .debug_aranges
                0x00000b08       0x30 .\CortexM3\ARM_GCC_541\Debug\Scope_CY8KIT-044.a(Amux_Trigger.o)
 .debug_aranges
                0x00000b38       0x28 .\CortexM3\ARM_GCC_541\Debug\Scope_CY8KIT-044.a(DMA_Channel_1_dma.o)
 .debug_aranges
                0x00000b60       0x28 .\CortexM3\ARM_GCC_541\Debug\Scope_CY8KIT-044.a(DMA_Channel_2_dma.o)
 .debug_aranges
                0x00000b88       0x98 .\CortexM3\ARM_GCC_541\Debug\Scope_CY8KIT-044.a(PWM_Sample_Buffer.o)
 .debug_aranges
                0x00000c20       0x48 .\CortexM3\ARM_GCC_541\Debug\Scope_CY8KIT-044.a(USBUART_Dp.o)
 .debug_aranges
                0x00000c68       0x28 .\CortexM3\ARM_GCC_541\Debug\Scope_CY8KIT-044.a(Trigger_Control.o)
 .debug_aranges
                0x00000c90       0x40 .\CortexM3\ARM_GCC_541\Debug\Scope_CY8KIT-044.a(Trigger_Status.o)
 .debug_aranges
                0x00000cd0       0x70 .\CortexM3\ARM_GCC_541\Debug\Scope_CY8KIT-044.a(Trigger_Comp.o)
 .debug_aranges
                0x00000d40       0x60 .\CortexM3\ARM_GCC_541\Debug\Scope_CY8KIT-044.a(PRS.o)
 .debug_aranges
                0x00000da0       0x28 .\CortexM3\ARM_GCC_541\Debug\Scope_CY8KIT-044.a(Wave_Control.o)
 .debug_aranges
                0x00000dc8       0x28 .\CortexM3\ARM_GCC_541\Debug\Scope_CY8KIT-044.a(Digital_Out_Control.o)
 .debug_aranges
                0x00000df0       0x40 .\CortexM3\ARM_GCC_541\Debug\Scope_CY8KIT-044.a(AuxDAC_Buf.o)
 .debug_aranges
                0x00000e30       0x58 .\CortexM3\ARM_GCC_541\Debug\Scope_CY8KIT-044.a(AuxDAC_1.o)
 .debug_aranges
                0x00000e88       0x48 .\CortexM3\ARM_GCC_541\Debug\Scope_CY8KIT-044.a(ScopeA_Buf.o)
 .debug_aranges
                0x00000ed0       0x48 .\CortexM3\ARM_GCC_541\Debug\Scope_CY8KIT-044.a(ScopeB_Buf.o)
 .debug_aranges
                0x00000f18       0x50 .\CortexM3\ARM_GCC_541\Debug\Scope_CY8KIT-044.a(WaveA_DAC.o)
 .debug_aranges